Archive member included because of file (symbol)

libbb/lib.a(appletlib.o)      /rsdk-1.5.6-5281-EB-2.6.30-0.9.30.3-131105/lib/crt1.o (main)
libbb/lib.a(bb_basename.o)    libbb/lib.a(appletlib.o) (bb_basename)
libbb/lib.a(concat_path_file.o)
                              libbb/lib.a(appletlib.o) (concat_path_file)
libbb/lib.a(default_error_retval.o)
                              libbb/lib.a(appletlib.o) (xfunc_error_retval)
libbb/lib.a(error_msg_and_die.o)
                              libbb/lib.a(appletlib.o) (bb_error_msg_and_die)
libbb/lib.a(full_write.o)     libbb/lib.a(appletlib.o) (full_write)
libbb/lib.a(get_last_path_component.o)
                              libbb/lib.a(appletlib.o) (bb_get_last_path_component_nostrip)
libbb/lib.a(last_char_is.o)   libbb/lib.a(concat_path_file.o) (last_char_is)
libbb/lib.a(messages.o)       libbb/lib.a(appletlib.o) (bb_banner)
libbb/lib.a(perror_msg.o)     libbb/lib.a(appletlib.o) (bb_simple_perror_msg)
libbb/lib.a(ptr_to_globals.o)
                              libbb/lib.a(appletlib.o) (bb_errno)
libbb/lib.a(safe_write.o)     libbb/lib.a(full_write.o) (safe_write)
libbb/lib.a(verror_msg.o)     libbb/lib.a(error_msg_and_die.o) (bb_verror_msg)
libbb/lib.a(xfunc_die.o)      libbb/lib.a(appletlib.o) (xfunc_die)
libbb/lib.a(xfuncs_printf.o)  libbb/lib.a(appletlib.o) (xsetuid)
libbb/lib.a(xreadlink.o)      libbb/lib.a(appletlib.o) (xmalloc_readlink)
libbb/lib.a(copyfd.o)         libbb/lib.a(xfuncs_printf.o) (bb_copyfd_eof)
libbb/lib.a(error_msg.o)      libbb/lib.a(xfuncs_printf.o) (bb_error_msg)
libbb/lib.a(perror_msg_and_die.o)
                              libbb/lib.a(xfuncs_printf.o) (bb_perror_msg_and_die)
libbb/lib.a(read.o)           libbb/lib.a(copyfd.o) (safe_read)
libbb/lib.a(safe_poll.o)      libbb/lib.a(read.o) (safe_poll)
modutils/lib.a(insmod.o)      libbb/lib.a(appletlib.o) (insmod_main)
modutils/lib.a(lsmod.o)       libbb/lib.a(appletlib.o) (lsmod_main)
modutils/lib.a(rmmod.o)       libbb/lib.a(appletlib.o) (rmmod_main)
networking/lib.a(ifconfig.o)  libbb/lib.a(appletlib.o) (ifconfig_main)
networking/lib.a(interface.o)
                              networking/lib.a(ifconfig.o) (display_interfaces)
networking/lib.a(nc.o)        libbb/lib.a(appletlib.o) (nc_main)
networking/lib.a(ping.o)      libbb/lib.a(appletlib.o) (ping_main)
networking/lib.a(route.o)     libbb/lib.a(appletlib.o) (route_main)
networking/lib.a(traceroute.o)
                              libbb/lib.a(appletlib.o) (traceroute_main)
networking/lib.a(vconfig.o)   libbb/lib.a(appletlib.o) (vconfig_main)
procps/lib.a(fuser.o)         libbb/lib.a(appletlib.o) (fuser_main)
procps/lib.a(kill.o)          libbb/lib.a(appletlib.o) (kill_main)
procps/lib.a(ps.o)            libbb/lib.a(appletlib.o) (ps_main)
shell/lib.a(ash.o)            libbb/lib.a(appletlib.o) (ash_main)
shell/lib.a(ash_ptr_hack.o)   shell/lib.a(ash.o) (ash_ptr_to_globals_misc)
sysklogd/lib.a(klogd.o)       libbb/lib.a(appletlib.o) (klogd_main)
util-linux/lib.a(mdev.o)      libbb/lib.a(appletlib.o) (mdev_main)
util-linux/lib.a(mount.o)     libbb/lib.a(appletlib.o) (mount_main)
util-linux/lib.a(umount.o)    libbb/lib.a(appletlib.o) (umount_main)
archival/lib.a(tar.o)         libbb/lib.a(appletlib.o) (tar_main)
archival/libunarchive/lib.a(data_extract_all.o)
                              archival/lib.a(tar.o) (data_extract_all)
archival/libunarchive/lib.a(data_extract_to_stdout.o)
                              archival/lib.a(tar.o) (data_extract_to_stdout)
archival/libunarchive/lib.a(data_skip.o)
                              archival/libunarchive/lib.a(data_extract_all.o) (data_skip)
archival/libunarchive/lib.a(decompress_bunzip2.o)
                              libbb/lib.a(appletlib.o) (dealloc_bunzip)
archival/libunarchive/lib.a(filter_accept_reject_list.o)
                              archival/lib.a(tar.o) (filter_accept_reject_list)
archival/libunarchive/lib.a(find_list_entry.o)
                              archival/libunarchive/lib.a(filter_accept_reject_list.o) (find_list_entry2)
archival/libunarchive/lib.a(get_header_tar.o)
                              archival/lib.a(tar.o) (get_header_tar)
archival/libunarchive/lib.a(header_list.o)
                              archival/lib.a(tar.o) (header_list)
archival/libunarchive/lib.a(header_verbose_list.o)
                              archival/lib.a(tar.o) (header_verbose_list)
archival/libunarchive/lib.a(init_handle.o)
                              archival/lib.a(tar.o) (init_handle)
archival/libunarchive/lib.a(seek_by_jump.o)
                              archival/libunarchive/lib.a(init_handle.o) (seek_by_jump)
archival/libunarchive/lib.a(seek_by_read.o)
                              archival/lib.a(tar.o) (seek_by_read)
archival/libunarchive/lib.a(data_align.o)
                              archival/libunarchive/lib.a(get_header_tar.o) (data_align)
archival/libunarchive/lib.a(filter_accept_all.o)
[...]
Memory Configuration

Name             Origin             Length             Attributes
*default*        0x00000000         0xffffffff

Linker script and memory map

LOAD /rsdk-1.5.6-5281-EB-2.6.30-0.9.30.3-131105/lib/crt1.o
LOAD /rsdk-1.5.6-5281-EB-2.6.30-0.9.30.3-131105/lib/crti.o
LOAD /rsdk-1.5.6-5281-EB-2.6.30-0.9.30.3-131105/lib/crtbeginS.o
START GROUP
LOAD applets/built-in.o
LOAD archival/lib.a
LOAD archival/libunarchive/lib.a
LOAD console-tools/lib.a
LOAD coreutils/lib.a
LOAD coreutils/libcoreutils/lib.a
LOAD debianutils/lib.a
LOAD e2fsprogs/lib.a
LOAD editors/lib.a
LOAD findutils/lib.a
LOAD init/lib.a
LOAD libbb/lib.a
LOAD libpwdgrp/lib.a
LOAD loginutils/lib.a
LOAD miscutils/lib.a
LOAD modutils/lib.a
LOAD networking/lib.a
LOAD networking/libiproute/lib.a
LOAD networking/udhcp/lib.a
LOAD printutils/lib.a
LOAD procps/lib.a
LOAD runit/lib.a
LOAD selinux/lib.a
LOAD shell/lib.a
LOAD sysklogd/lib.a
LOAD util-linux/lib.a
LOAD util-linux/volume_id/lib.a
LOAD archival/built-in.o
LOAD archival/libunarchive/built-in.o
LOAD console-tools/built-in.o
LOAD coreutils/built-in.o
LOAD coreutils/libcoreutils/built-in.o
LOAD debianutils/built-in.o
LOAD e2fsprogs/built-in.o
LOAD editors/built-in.o
LOAD findutils/built-in.o
LOAD init/built-in.o
LOAD libbb/built-in.o
LOAD libpwdgrp/built-in.o
LOAD loginutils/built-in.o
LOAD miscutils/built-in.o
LOAD modutils/built-in.o
LOAD networking/built-in.o
LOAD networking/libiproute/built-in.o
LOAD networking/udhcp/built-in.o
LOAD printutils/built-in.o
LOAD procps/built-in.o
LOAD runit/built-in.o
LOAD selinux/built-in.o
LOAD shell/built-in.o
LOAD sysklogd/built-in.o
LOAD util-linux/built-in.o
LOAD util-linux/volume_id/built-in.o
LOAD /rsdk-1.5.6-5281-EB-2.6.30-0.9.30.3-131105/lib/libc.so
START GROUP
LOAD /rsdk-1.5.6-5281-EB-2.6.30-0.9.30.3-131105/lib/libc.so.0
LOAD /rsdk-1.5.6-5281-EB-2.6.30-0.9.30.3-131105/lib/uclibc_nonshared.a
LOAD /rsdk-1.5.6-5281-EB-2.6.30-0.9.30.3-131105/lib/ld-uClibc.so.0
END GROUP
START GROUP
LOAD /rsdk-1.5.6-5281-EB-2.6.30-0.9.30.3-131105/lib/libc.so.0
LOAD /rsdk-1.5.6-5281-EB-2.6.30-0.9.30.3-131105/lib/uclibc_nonshared.a
LOAD /rsdk-1.5.6-5281-EB-2.6.30-0.9.30.3-131105/lib/ld-uClibc.so.0
END GROUP
START GROUP
LOAD /rsdk-1.5.6-5281-EB-2.6.30-0.9.30.3-131105/lib/libc.so.0
LOAD /rsdk-1.5.6-5281-EB-2.6.30-0.9.30.3-131105/lib/uclibc_nonshared.a
LOAD /rsdk-1.5.6-5281-EB-2.6.30-0.9.30.3-131105/lib/ld-uClibc.so.0
END GROUP
LOAD /rsdk-1.5.6-5281-EB-2.6.30-0.9.30.3-131105/lib/libgcc.so
END GROUP
LOAD /rsdk-1.5.6-5281-EB-2.6.30-0.9.30.3-131105/lib/crtendS.o
LOAD /rsdk-1.5.6-5281-EB-2.6.30-0.9.30.3-131105/lib/crtn.o
                0x00400000                PROVIDE (__executable_start, 0x400000)
                0x00400114                . = (0x400000 + SIZEOF_HEADERS)

.interp         0x00400114       0x14
 *(SORT(.interp))
 .interp        0x00400114       0x14 /rsdk-1.5.6-5281-EB-2.6.30-0.9.30.3-131105/lib/crt1.o

.reginfo
 *(SORT(.reginfo))

.note.gnu.build-id
 *(SORT(.note.gnu.build-id))

.dynamic        0x00400128       0xe0
 *(SORT(.dynamic))
 .dynamic       0x00400128       0xe0 /rsdk-1.5.6-5281-EB-2.6.30-0.9.30.3-131105/lib/crt1.o
                0x00400128                _DYNAMIC

.hash           0x00400208      0x900
 *(SORT(.hash))
 .hash          0x00400208      0x900 /rsdk-1.5.6-5281-EB-2.6.30-0.9.30.3-131105/lib/crt1.o

.gnu.hash
 *(SORT(.gnu.hash))

.dynsym         0x00400b08     0x1370
 *(SORT(.dynsym))
 .dynsym        0x00400b08     0x1370 /rsdk-1.5.6-5281-EB-2.6.30-0.9.30.3-131105/lib/crt1.o

.dynstr         0x00401e78      0xa7d
 *(SORT(.dynstr))
 .dynstr        0x00401e78      0xa7d /rsdk-1.5.6-5281-EB-2.6.30-0.9.30.3-131105/lib/crt1.o

.gnu.version    0x004028f6      0x26e
 *(SORT(.gnu.version))
 .gnu.version   0x004028f6      0x26e /rsdk-1.5.6-5281-EB-2.6.30-0.9.30.3-131105/lib/crt1.o

.gnu.version_d  0x00402b64        0x0
 *(SORT(.gnu.version_d))
 .gnu.version_d
                0x00000000        0x0 /rsdk-1.5.6-5281-EB-2.6.30-0.9.30.3-131105/lib/crt1.o

.gnu.version_r  0x00402b64       0x40
 *(SORT(.gnu.version_r))
 .gnu.version_r
                0x00402b64       0x40 /rsdk-1.5.6-5281-EB-2.6.30-0.9.30.3-131105/lib/crt1.o

.rel.dyn        0x00402ba4        0x0
 *(SORT(.rel.init))
 *(SORT(.rel.text) SORT(.rel.text.*) SORT(.rel.gnu.linkonce.t.*))
 *(SORT(.rel.fini))
 *(SORT(.rel.rodata) SORT(.rel.rodata.*) SORT(.rel.gnu.linkonce.r.*))
 *(SORT(.rel.data.rel.ro*) SORT(.rel.gnu.linkonce.d.rel.ro.*))
 *(SORT(.rel.data) SORT(.rel.data.*) SORT(.rel.gnu.linkonce.d.*))
 *(SORT(.rel.tdata) SORT(.rel.tdata.*) SORT(.rel.gnu.linkonce.td.*))
 *(SORT(.rel.tbss) SORT(.rel.tbss.*) SORT(.rel.gnu.linkonce.tb.*))
 *(SORT(.rel.ctors))
 *(SORT(.rel.dtors))
 *(SORT(.rel.got))
 *(SORT(.rel.dyn))
 .rel.dyn       0x00000000        0x0 /rsdk-1.5.6-5281-EB-2.6.30-0.9.30.3-131105/lib/crt1.o
 *(SORT(.rel.sdata) SORT(.rel.sdata.*) SORT(.rel.gnu.linkonce.s.*))
 *(SORT(.rel.sbss) SORT(.rel.sbss.*) SORT(.rel.gnu.linkonce.sb.*))
 *(SORT(.rel.sdata2) SORT(.rel.sdata2.*) SORT(.rel.gnu.linkonce.s2.*))
 *(SORT(.rel.sbss2) SORT(.rel.sbss2.*) SORT(.rel.gnu.linkonce.sb2.*))
 *(SORT(.rel.bss) SORT(.rel.bss.*) SORT(.rel.gnu.linkonce.b.*))
 .rel.bss       0x00000000        0x0 /rsdk-1.5.6-5281-EB-2.6.30-0.9.30.3-131105/lib/crt1.o
                0x00402ba4                PROVIDE (__rel_iplt_start, .)
 *(SORT(.rel.iplt))
                0x00402ba4                PROVIDE (__rel_iplt_end, .)
                0x00402ba4                PROVIDE (__rela_iplt_start, .)
                0x00402ba4                PROVIDE (__rela_iplt_end, .)

.rela.dyn       0x00402ba4        0x0
 *(SORT(.rela.init))
 *(SORT(.rela.text) SORT(.rela.text.*) SORT(.rela.gnu.linkonce.t.*))
 *(SORT(.rela.fini))
 *(SORT(.rela.rodata) SORT(.rela.rodata.*) SORT(.rela.gnu.linkonce.r.*))
 *(SORT(.rela.data) SORT(.rela.data.*) SORT(.rela.gnu.linkonce.d.*))
 *(SORT(.rela.tdata) SORT(.rela.tdata.*) SORT(.rela.gnu.linkonce.td.*))
 *(SORT(.rela.tbss) SORT(.rela.tbss.*) SORT(.rela.gnu.linkonce.tb.*))
 *(SORT(.rela.ctors))
 *(SORT(.rela.dtors))
 *(SORT(.rela.got))
 *(SORT(.rela.sdata) SORT(.rela.sdata.*) SORT(.rela.gnu.linkonce.s.*))
 *(SORT(.rela.sbss) SORT(.rela.sbss.*) SORT(.rela.gnu.linkonce.sb.*))
 *(SORT(.rela.sdata2) SORT(.rela.sdata2.*) SORT(.rela.gnu.linkonce.s2.*))
 *(SORT(.rela.sbss2) SORT(.rela.sbss2.*) SORT(.rela.gnu.linkonce.sb2.*))
 *(SORT(.rela.bss) SORT(.rela.bss.*) SORT(.rela.gnu.linkonce.b.*))
                0x00402ba4                PROVIDE (__rel_iplt_start, .)
                0x00402ba4                PROVIDE (__rel_iplt_end, .)
                0x00402ba4                PROVIDE (__rela_iplt_start, .)
 *(SORT(.rela.iplt))
                0x00402ba4                PROVIDE (__rela_iplt_end, .)

.rel.plt        0x00402ba4        0x0
 *(SORT(.rel.plt))
 .rel.plt       0x00000000        0x0 /rsdk-1.5.6-5281-EB-2.6.30-0.9.30.3-131105/lib/crt1.o

.rela.plt
 *(SORT(.rela.plt))

.init           0x00402ba4       0x78
 *(SORT(.init))
 .init          0x00402ba4       0x1c /rsdk-1.5.6-5281-EB-2.6.30-0.9.30.3-131105/lib/crti.o
                0x00402ba4                _init
 .init          0x00402bc0        0xc /rsdk-1.5.6-5281-EB-2.6.30-0.9.30.3-131105/lib/crtn.o
 .init          0x00402bcc       0x28 /rsdk-1.5.6-5281-EB-2.6.30-0.9.30.3-131105/lib/crtbeginS.o
 .init          0x00402bf4       0x28 /rsdk-1.5.6-5281-EB-2.6.30-0.9.30.3-131105/lib/crtendS.o

.plt            0x00402c1c        0x0
 *(SORT(.plt))
 .plt           0x00000000        0x0 /rsdk-1.5.6-5281-EB-2.6.30-0.9.30.3-131105/lib/crt1.o

.iplt
 *(SORT(.iplt))

.text           0x00402c20    0x3fd38
                0x00402c20                _ftext = .
 *(SORT(.text.unlikely) SORT(.text.*_unlikely))
 *(SORT(.text) SORT(.stub) SORT(.text.*) SORT(.gnu.linkonce.t.*))
 .text          0x00402c20       0x60 /rsdk-1.5.6-5281-EB-2.6.30-0.9.30.3-131105/lib/crt1.o
                0x00402c20                __start
 .text          0x00402c80      0x140 /rsdk-1.5.6-5281-EB-2.6.30-0.9.30.3-131105/lib/crtbeginS.o
 .text          0x00402dc0       0x30 /rsdk-1.5.6-5281-EB-2.6.30-0.9.30.3-131105/lib/uclibc_nonshared.a(atexit.os)
                0x00402dc0                atexit
 .text          0x00402df0       0x60 /rsdk-1.5.6-5281-EB-2.6.30-0.9.30.3-131105/lib/crtendS.o
 .text.full_write2_str
                0x00402e50       0x44 libbb/lib.a(appletlib.o)
 .text.applet_name_compare
                0x00402e94       0x3c libbb/lib.a(appletlib.o)
 .text.lbb_prepare
                0x00402ed0       0x40 libbb/lib.a(appletlib.o)
                0x00402ed0                lbb_prepare
 .text.find_applet_by_name
                0x00402f10       0x60 libbb/lib.a(appletlib.o)
                0x00402f10                find_applet_by_name
 .text.bb_show_usage
                0x00402f70      0x150 libbb/lib.a(appletlib.o)
                0x00402f70                bb_show_usage
 .text.run_applet_no_and_exit
                0x004030c0      0x160 libbb/lib.a(appletlib.o)
                0x004030c0                run_applet_no_and_exit
 .text.run_applet_and_exit
                0x00403220      0x370 libbb/lib.a(appletlib.o)
                0x00403220                run_applet_and_exit
 .text.main     0x00403590       0xb0 libbb/lib.a(appletlib.o)
                0x00403590                main
 .text.bb_basename
                0x00403640       0x44 libbb/lib.a(bb_basename.o)
                0x00403640                bb_basename
 .text.concat_path_file
                0x00403684       0x90 libbb/lib.a(concat_path_file.o)
                0x00403684                concat_path_file
 .text.bb_error_msg_and_die
                0x00403714       0x40 libbb/lib.a(error_msg_and_die.o)
                0x00403714                bb_error_msg_and_die
 .text.full_write
                0x00403754       0x8c libbb/lib.a(full_write.o)
                0x00403754                full_write
 .text.bb_get_last_path_component_nostrip
                0x004037e0       0x5c libbb/lib.a(get_last_path_component.o)
                0x004037e0                bb_get_last_path_component_nostrip
 .text.bb_get_last_path_component_strip
                0x0040383c       0x64 libbb/lib.a(get_last_path_component.o)
                0x0040383c                bb_get_last_path_component_strip
 .text.last_char_is
                0x004038a0       0x68 libbb/lib.a(last_char_is.o)
                0x004038a0                last_char_is
 .text.bb_perror_msg
                0x00403908       0x80 libbb/lib.a(perror_msg.o)
                0x00403908                bb_perror_msg
 .text.bb_simple_perror_msg
                0x00403988       0x14 libbb/lib.a(perror_msg.o)
                0x00403988                bb_simple_perror_msg
 .text.safe_write
                0x0040399c       0x8c libbb/lib.a(safe_write.o)
                0x0040399c                safe_write
 .text.bb_verror_msg
                0x00403a28      0x254 libbb/lib.a(verror_msg.o)
                0x00403a28                bb_verror_msg
 .text.xfunc_die
                0x00403c7c       0x48 libbb/lib.a(xfunc_die.o)
                0x00403c7c                xfunc_die
 .text.bb_xioctl
                0x00403cc4       0x44 libbb/lib.a(xfuncs_printf.o)
                0x00403cc4                bb_xioctl
 .text.bb_ioctl_or_warn
                0x00403d08       0x4c libbb/lib.a(xfuncs_printf.o)
                0x00403d08                bb_ioctl_or_warn
 .text.ioctl_or_perror_and_die
                0x00403d54       0x84 libbb/lib.a(xfuncs_printf.o)
                0x00403d54                ioctl_or_perror_and_die
 .text.xstat    0x00403dd8       0x50 libbb/lib.a(xfuncs_printf.o)
                0x00403dd8                xstat
 .text.xsendto  0x00403e28       0x50 libbb/lib.a(xfuncs_printf.o)
                0x00403e28                xsendto
 .text.xlisten  0x00403e78       0x44 libbb/lib.a(xfuncs_printf.o)
                0x00403e78                xlisten
 .text.xbind    0x00403ebc       0x44 libbb/lib.a(xfuncs_printf.o)
                0x00403ebc                xbind
 .text.xsocket  0x00403f00       0x44 libbb/lib.a(xfuncs_printf.o)
                0x00403f00                xsocket
 .text.xopendir
                0x00403f44       0x48 libbb/lib.a(xfuncs_printf.o)
                0x00403f44                xopendir
 .text.warn_opendir
                0x00403f8c       0x50 libbb/lib.a(xfuncs_printf.o)
                0x00403f8c                warn_opendir
 .text.xchdir   0x00403fdc       0x48 libbb/lib.a(xfuncs_printf.o)
                0x00403fdc                xchdir
 .text.xsetuid  0x00404024       0x44 libbb/lib.a(xfuncs_printf.o)
                0x00404024                xsetuid
 .text.xsetgid  0x00404068       0x44 libbb/lib.a(xfuncs_printf.o)
                0x00404068                xsetgid
 .text.xasprintf
                0x004040ac       0x68 libbb/lib.a(xfuncs_printf.o)
                0x004040ac                xasprintf
 .text.xfflush_stdout
                0x00404114       0x4c libbb/lib.a(xfuncs_printf.o)
                0x00404114                xfflush_stdout
 .text.xprint_and_close_file
                0x00404160       0x8c libbb/lib.a(xfuncs_printf.o)
                0x00404160                xprint_and_close_file
 .text.bb_putchar
                0x004041ec       0x58 libbb/lib.a(xfuncs_printf.o)
                0x004041ec                bb_putchar
 .text.die_if_ferror
                0x00404244       0x48 libbb/lib.a(xfuncs_printf.o)
                0x00404244                die_if_ferror
 .text.xwrite   0x0040428c       0x4c libbb/lib.a(xfuncs_printf.o)
                0x0040428c                xwrite
 .text.xdup2    0x004042d8       0x4c libbb/lib.a(xfuncs_printf.o)
                0x004042d8                xdup2
 .text.xmove_fd
                0x00404324       0x54 libbb/lib.a(xfuncs_printf.o)
                0x00404324                xmove_fd
 .text.xrename  0x00404378       0x58 libbb/lib.a(xfuncs_printf.o)
                0x00404378                xrename
 .text.open3_or_warn
                0x004043d0       0x58 libbb/lib.a(xfuncs_printf.o)
                0x004043d0                open3_or_warn
 .text.open_or_warn
                0x00404428        0xc libbb/lib.a(xfuncs_printf.o)
                0x00404428                open_or_warn
 .text.xopen3   0x00404434       0x50 libbb/lib.a(xfuncs_printf.o)
                0x00404434                xopen3
 .text.xopen    0x00404484        0xc libbb/lib.a(xfuncs_printf.o)
                0x00404484                xopen
 .text.xfopen   0x00404490       0x50 libbb/lib.a(xfuncs_printf.o)
                0x00404490                xfopen
 .text.xstrdup  0x004044e0       0x4c libbb/lib.a(xfuncs_printf.o)
                0x004044e0                xstrdup
 .text.xrealloc
                0x0040452c       0x54 libbb/lib.a(xfuncs_printf.o)
                0x0040452c                xrealloc
 .text.xmalloc  0x00404580       0x54 libbb/lib.a(xfuncs_printf.o)
                0x00404580                xmalloc
 .text.xstrndup
                0x004045d4       0x7c libbb/lib.a(xfuncs_printf.o)
                0x004045d4                xstrndup
 .text.xzalloc  0x00404650       0x50 libbb/lib.a(xfuncs_printf.o)
                0x00404650                xzalloc
 .text.malloc_or_warn
                0x004046a0       0x5c libbb/lib.a(xfuncs_printf.o)
                0x004046a0                malloc_or_warn
 .text.xmalloc_readlink
                0x004046fc       0xcc libbb/lib.a(xreadlink.o)
                0x004046fc                xmalloc_readlink
 .text.xmalloc_readlink_or_warn
                0x004047c8       0x40 libbb/lib.a(xreadlink.o)
                0x004047c8                xmalloc_readlink_or_warn
 .text.bb_full_fd_action
                0x00404808      0x188 libbb/lib.a(copyfd.o)
 .text.bb_copyfd_eof
                0x00404990       0x10 libbb/lib.a(copyfd.o)
                0x00404990                bb_copyfd_eof
 .text.bb_copyfd_size
                0x004049a0       0x1c libbb/lib.a(copyfd.o)
                0x004049a0                bb_copyfd_size
 .text.bb_copyfd_exact_size
                0x004049bc       0x6c libbb/lib.a(copyfd.o)
                0x004049bc                bb_copyfd_exact_size
 .text.bb_error_msg
                0x00404a28       0x3c libbb/lib.a(error_msg.o)
                0x00404a28                bb_error_msg
 .text.bb_perror_msg_and_die
                0x00404a64       0x7c libbb/lib.a(perror_msg_and_die.o)
                0x00404a64                bb_perror_msg_and_die
 .text.bb_simple_perror_msg_and_die
                0x00404ae0       0x18 libbb/lib.a(perror_msg_and_die.o)
                0x00404ae0                bb_simple_perror_msg_and_die
 .text.safe_read
                0x00404af8       0x8c libbb/lib.a(read.o)
                0x00404af8                safe_read
 .text.full_read
                0x00404b84       0x80 libbb/lib.a(read.o)
                0x00404b84                full_read
 .text.xmalloc_read
                0x00404c04      0x178 libbb/lib.a(read.o)
                0x00404c04                xmalloc_read
 .text.xmalloc_open_read_close
                0x00404d7c       0x74 libbb/lib.a(read.o)
                0x00404d7c                xmalloc_open_read_close
 .text.xmalloc_xopen_read_close
                0x00404df0       0x40 libbb/lib.a(read.o)
                0x00404df0                xmalloc_xopen_read_close
 .text.read_close
                0x00404e30       0x50 libbb/lib.a(read.o)
                0x00404e30                read_close
 .text.open_read_close
                0x00404e80       0x60 libbb/lib.a(read.o)
                0x00404e80                open_read_close
 .text.xread    0x00404ee0       0x44 libbb/lib.a(read.o)
                0x00404ee0                xread
 .text.nonblock_safe_read
                0x00404f24       0xc0 libbb/lib.a(read.o)
                0x00404f24                nonblock_safe_read
 .text.safe_poll
                0x00404fe4       0xbc libbb/lib.a(safe_poll.o)
                0x00404fe4                safe_poll
 .text.obj_elf_hash_n
                0x004050a0       0x48 modutils/lib.a(insmod.o)
 .text.obj_find_symbol
                0x004050e8       0x94 modutils/lib.a(insmod.o)
 .text.obj_symbol_final_value
                0x0040517c       0x40 modutils/lib.a(insmod.o)
 .text.obj_elf_hash
                0x004051bc       0x40 modutils/lib.a(insmod.o)
 .text.ncv_symbol_hash
                0x004051fc       0x6c modutils/lib.a(insmod.o)
 .text.arch_new_section
                0x00405268       0x14 modutils/lib.a(insmod.o)
 .text.arch_new_symbol
                0x0040527c       0x24 modutils/lib.a(insmod.o)
 .text.obj_add_symbol
                0x004052a0      0x268 modutils/lib.a(insmod.o)
 .text.obj_extend_section
                0x00405508       0x58 modutils/lib.a(insmod.o)
 .text.obj_load_order_prio
                0x00405560       0xbc modutils/lib.a(insmod.o)
 .text.obj_insert_section_load_order
                0x0040561c       0x7c modutils/lib.a(insmod.o)
 .text.obj_find_section
                0x00405698       0x98 modutils/lib.a(insmod.o)
 .text.get_modinfo_value
                0x00405730      0x134 modutils/lib.a(insmod.o)
 .text.obj_gpl_license
                0x00405864      0x128 modutils/lib.a(insmod.o)
 .text.add_symbols_from
                0x0040598c      0x150 modutils/lib.a(insmod.o)
 .text.ncv_strcmp
                0x00405adc       0xe8 modutils/lib.a(insmod.o)
 .text.obj_load
                0x00405bc4      0x54c modutils/lib.a(insmod.o)
 .text.new_get_module_version
                0x00406110      0x100 modutils/lib.a(insmod.o)
 .text.obj_symbol_patch
                0x00406210       0x60 modutils/lib.a(insmod.o)
 .text.obj_create_alloced_section
                0x00406270       0xd8 modutils/lib.a(insmod.o)
 .text.obj_string_patch
                0x00406348      0x100 modutils/lib.a(insmod.o)
 .text.new_add_ksymtab
                0x00406448       0xec modutils/lib.a(insmod.o)
 .text.new_create_module_ksymtab
                0x00406534      0x288 modutils/lib.a(insmod.o)
 .text.obj_allocate_commons
                0x004067bc      0x31c modutils/lib.a(insmod.o)
 .text.set_tainted
                0x00406ad8      0x114 modutils/lib.a(insmod.o)
 .text.new_process_module_arguments
                0x00406bec      0x6d0 modutils/lib.a(insmod.o)
 .text.check_module_name_match
                0x004072bc       0x84 modutils/lib.a(insmod.o)
 .text.insmod_main
                0x00407340     0x1a0c modutils/lib.a(insmod.o)
                0x00407340                insmod_main
 .text.lsmod_main
                0x00408d4c      0x124 modutils/lib.a(lsmod.o)
                0x00408d4c                lsmod_main
 .text.rmmod_main
                0x00408e70      0x200 modutils/lib.a(rmmod.o)
                0x00408e70                rmmod_main
 .text.ifconfig_main
                0x00409070      0x5ec networking/lib.a(ifconfig.o)
                0x00409070                ifconfig_main
 .text.get_afntype
                0x0040965c       0x2c networking/lib.a(interface.o)
 .text.hexchar2int
                0x00409688       0x30 networking/lib.a(interface.o)
 .text.ether_input
                0x004096b8      0x104 networking/lib.a(interface.o)
 .text.get_hwntype
                0x004097bc       0x30 networking/lib.a(interface.o)
                0x004097bc                get_hwntype
 .text.add_interface
                0x004097ec       0xd4 networking/lib.a(interface.o)
 .text.if_readconf
                0x004098c0      0x154 networking/lib.a(interface.o)
 .text.if_readlist_proc
                0x00409a14      0x38c networking/lib.a(interface.o)
 .text.do_if_fetch
                0x00409da0      0x478 networking/lib.a(interface.o)
 .text.print_bytes_scaled
                0x0040a218       0xac networking/lib.a(interface.o)
 .text.UNSPEC_print
                0x0040a2c4       0xc8 networking/lib.a(interface.o)
 .text.UNSPEC_sprint
                0x0040a38c       0x30 networking/lib.a(interface.o)
 .text.INET6_input
                0x0040a3bc       0x14 networking/lib.a(interface.o)
 .text.INET_input
                0x0040a3d0       0x18 networking/lib.a(interface.o)
 .text.INET_sprint
                0x0040a3e8       0x88 networking/lib.a(interface.o)
 .text.INET6_sprint
                0x0040a470       0x84 networking/lib.a(interface.o)
 .text.ife_print
                0x0040a4f4      0x7e0 networking/lib.a(interface.o)
 .text.display_interfaces
                0x0040acd4       0xfc networking/lib.a(interface.o)
                0x0040acd4                display_interfaces
 .text.ether_print
                0x0040add0       0x84 networking/lib.a(interface.o)
 .text.nc_main  0x0040ae54      0x3e8 networking/lib.a(nc.o)
                0x0040ae54                nc_main
 .text.sendping_tail
                0x0040b23c      0x184 networking/lib.a(ping.o)
 .text.sendping6
                0x0040b3c0       0xb4 networking/lib.a(ping.o)
 .text.sendping4
                0x0040b474      0x120 networking/lib.a(ping.o)
 .text.unpack_tail
                0x0040b594      0x1d8 networking/lib.a(ping.o)
 .text.ping6    0x0040b76c      0x504 networking/lib.a(ping.o)
 .text.ping4    0x0040bc70      0x41c networking/lib.a(ping.o)
 .text.print_stats_and_exit
                0x0040c08c      0x1c4 networking/lib.a(ping.o)
 .text.ping_main
                0x0040c250      0x2b4 networking/lib.a(ping.o)
                0x0040c250                ping_main
 .text.ping6_main
                0x0040c504       0x20 networking/lib.a(ping.o)
                0x0040c504                ping6_main
 .text.set_flags
                0x0040c524       0x4c networking/lib.a(route.o)
 .text.kw_lookup
                0x0040c570       0xc8 networking/lib.a(route.o)
 .text.INET6_displayroutes
                0x0040c638      0x2f8 networking/lib.a(route.o)
 .text.bb_displayroutes
                0x0040c930      0x324 networking/lib.a(route.o)
                0x0040c930                bb_displayroutes
 .text.route_main
                0x0040cc54      0x94c networking/lib.a(route.o)
                0x0040cc54                route_main
 .text.in_cksum
                0x0040d5a0       0x54 networking/lib.a(traceroute.o)
 .text.freehostinfo
                0x0040d5f4       0x5c networking/lib.a(traceroute.o)
 .text.ifaddrlist
                0x0040d650      0x284 networking/lib.a(traceroute.o)
 .text.gethostinfo
                0x0040d8d4      0x174 networking/lib.a(traceroute.o)
 .text.setsin   0x0040da48       0x1c networking/lib.a(traceroute.o)
 .text.findsaddr
                0x0040da64      0x1f8 networking/lib.a(traceroute.o)
 .text.traceroute_main
                0x0040dc5c      0xfe0 networking/lib.a(traceroute.o)
                0x0040dc5c                traceroute_main
 .text.xfind_str
                0x0040ec3c       0x78 networking/lib.a(vconfig.o)
 .text.vconfig_main
                0x0040ecb4      0x1c4 networking/lib.a(vconfig.o)
                0x0040ecb4                vconfig_main
 .text.search_dev_inode
                0x0040ee78       0x70 procps/lib.a(fuser.o)
 .text.file_to_dev_inode
                0x0040eee8       0x70 procps/lib.a(fuser.o)
 .text.add_inode
                0x0040ef58       0xb4 procps/lib.a(fuser.o)
 .text.scan_proc_net
                0x0040f00c      0x210 procps/lib.a(fuser.o)
 .text.add_pid  0x0040f21c       0x64 procps/lib.a(fuser.o)
 .text.scan_link
                0x0040f280       0x80 procps/lib.a(fuser.o)
 .text.scan_dir_links
                0x0040f300       0xfc procps/lib.a(fuser.o)
 .text.T.50     0x0040f3fc      0x190 procps/lib.a(fuser.o)
 .text.fuser_main
                0x0040f58c      0x4c8 procps/lib.a(fuser.o)
                0x0040f58c                fuser_main
 .text.kill_main
                0x0040fa54      0x2d4 procps/lib.a(kill.o)
                0x0040fa54                kill_main
 .text.ps_main  0x0040fd28      0x178 procps/lib.a(ps.o)
                0x0040fd28                ps_main
 .text.stunalloc
                0x0040fea0       0x2c shell/lib.a(ash.o)
 .text.setstackmark
                0x0040fecc       0x38 shell/lib.a(ash.o)
 .text.prefix   0x0040ff04       0x38 shell/lib.a(ash.o)
 .text.is_number
                0x0040ff3c       0x2c shell/lib.a(ash.o)
 .text.varcmp   0x0040ff68       0x50 shell/lib.a(ash.o)
 .text.varequal
                0x0040ffb8       0x20 shell/lib.a(ash.o)
 .text.hashvar  0x0040ffd8       0x64 shell/lib.a(ash.o)
 .text.vpcmp    0x0041003c       0x10 shell/lib.a(ash.o)
 .text.findvar  0x0041004c       0x58 shell/lib.a(ash.o)
 .text.setprompt
                0x004100a4       0x6c shell/lib.a(ash.o)
 .text.set_curjob
                0x00410110       0x8c shell/lib.a(ash.o)
 .text.jobno    0x0041019c       0x28 shell/lib.a(ash.o)
 .text.getstatus
                0x004101c4       0x64 shell/lib.a(ash.o)
 .text.need_to_remember
                0x00410228       0x44 shell/lib.a(ash.o)
 .text.is_hidden_fd
                0x0041026c       0x7c shell/lib.a(ash.o)
 .text.esclen   0x004102e8       0x34 shell/lib.a(ash.o)
 .text.falsecmd
                0x0041031c        0x8 shell/lib.a(ash.o)
 .text.truecmd  0x00410324        0x8 shell/lib.a(ash.o)
 .text.bltincmd
                0x0041032c       0x10 shell/lib.a(ash.o)
 .text.pungetc  0x0041033c       0x24 shell/lib.a(ash.o)
 .text.changemail
                0x00410360       0x10 shell/lib.a(ash.o)
 .text.raise_exception
                0x00410370       0x40 shell/lib.a(ash.o)
 .text.lookupvar
                0x004103b0       0x70 shell/lib.a(ash.o)
 .text.SIT      0x00410420       0xb4 shell/lib.a(ash.o)
 .text.bltinlookup
                0x004104d4       0x8c shell/lib.a(ash.o)
 .text.calcsize
                0x00410560      0x168 shell/lib.a(ash.o)
 .text.sizenodelist
                0x004106c8       0x54 shell/lib.a(ash.o)
 .text.ignoresig
                0x0041071c       0x70 shell/lib.a(ash.o)
 .text.raise_interrupt
                0x0041078c       0x98 shell/lib.a(ash.o)
 .text.int_on   0x00410824       0x54 shell/lib.a(ash.o)
 .text.onsig    0x00410878       0x74 shell/lib.a(ash.o)
 .text.force_int_on
                0x004108ec       0x40 shell/lib.a(ash.o)
 .text.fmtstr   0x0041092c       0x5c shell/lib.a(ash.o)
 .text.endofname
                0x00410988       0xa0 shell/lib.a(ash.o)
 .text.goodname
                0x00410a28       0x24 shell/lib.a(ash.o)
 .text.isassignment
                0x00410a4c       0x3c shell/lib.a(ash.o)
 .text.removerecordregions
                0x00410a88      0x170 shell/lib.a(ash.o)
 .text.freejob  0x00410bf8       0xe0 shell/lib.a(ash.o)
 .text.freealias
                0x00410cd8       0x8c shell/lib.a(ash.o)
 .text.popstackmark
                0x00410d64       0xbc shell/lib.a(ash.o)
 .text.freefunc
                0x00410e20       0x30 shell/lib.a(ash.o)
 .text.delete_cmd_entry
                0x00410e50       0x80 shell/lib.a(ash.o)
 .text.freeparam
                0x00410ed0       0x7c shell/lib.a(ash.o)
 .text.clearcmdentry
                0x00410f4c       0xf4 shell/lib.a(ash.o)
 .text.changepath
                0x00411040      0x15c shell/lib.a(ash.o)
 .text.scanright
                0x0041119c      0x10c shell/lib.a(ash.o)
 .text.scanleft
                0x004112a8       0xd0 shell/lib.a(ash.o)
 .text.__lookupalias
                0x00411378       0xb0 shell/lib.a(ash.o)
 .text.unalias  0x00411428       0x70 shell/lib.a(ash.o)
 .text.popstring
                0x00411498      0x118 shell/lib.a(ash.o)
 .text.popfile  0x004115b0       0xe4 shell/lib.a(ash.o)
 .text.popallfiles
                0x00411694       0x48 shell/lib.a(ash.o)
 .text.lookupalias
                0x004116dc       0x40 shell/lib.a(ash.o)
 .text.msort    0x0041171c      0x104 shell/lib.a(ash.o)
 .text.pstrcmp  0x00411820       0x1c shell/lib.a(ash.o)
 .text.setsignal
                0x0041183c      0x204 shell/lib.a(ash.o)
 .text.sprint_status
                0x00411a40      0x114 shell/lib.a(ash.o)
 .text.outstr   0x00411b54       0x44 shell/lib.a(ash.o)
 .text.out1str  0x00411b98       0x18 shell/lib.a(ash.o)
 .text.flush_stderr
                0x00411bb0       0x4c shell/lib.a(ash.o)
 .text.out2str  0x00411bfc       0x34 shell/lib.a(ash.o)
 .text.dowait   0x00411c30      0x1f8 shell/lib.a(ash.o)
 .text.stoppedjobs
                0x00411e28       0x74 shell/lib.a(ash.o)
 .text.flush_stdout_stderr
                0x00411e9c       0x64 shell/lib.a(ash.o)
 .text.nodeckstrdup
                0x00411f00       0x78 shell/lib.a(ash.o)
 .text.copynode
                0x00411f78      0x148 shell/lib.a(ash.o)
 .text.copynodelist
                0x004120c0       0x7c shell/lib.a(ash.o)
 .text.noclobberopen
                0x0041213c      0x12c shell/lib.a(ash.o)
 .text.errmsg   0x00412268       0x34 shell/lib.a(ash.o)
 .text.pgetc    0x0041229c      0x310 shell/lib.a(ash.o)
 .text.pgetc2   0x004125ac       0x30 shell/lib.a(ash.o)
 .text.tokname  0x004125dc       0x84 shell/lib.a(ash.o)
 .text.findkwd  0x00412660       0x44 shell/lib.a(ash.o)
 .text.find_builtin
                0x004126a4       0x44 shell/lib.a(ash.o)
 .text.out1fmt  0x004126e8       0x60 shell/lib.a(ash.o)
 .text.printlim
                0x00412748       0x90 shell/lib.a(ash.o)
 .text.helpcmd  0x004127d8       0xcc shell/lib.a(ash.o)
 .text.timescmd
                0x004128a4      0x10c shell/lib.a(ash.o)
 .text.evalbltin
                0x004129b0      0x130 shell/lib.a(ash.o)
 .text.T.937    0x00412ae0       0xa0 shell/lib.a(ash.o)
 .text.showpipe
                0x00412b80       0x9c shell/lib.a(ash.o)
 .text.showjob  0x00412c1c      0x25c shell/lib.a(ash.o)
 .text.showjobs
                0x00412e78       0x90 shell/lib.a(ash.o)
 .text.ash_vmsg
                0x00412f08      0x11c shell/lib.a(ash.o)
 .text.ash_vmsg_and_raise
                0x00413024       0x2c shell/lib.a(ash.o)
 .text.ash_msg_and_raise_error
                0x00413050       0x30 shell/lib.a(ash.o)
 .text.ckrealloc
                0x00413080       0x3c shell/lib.a(ash.o)
 .text.ckmalloc
                0x004130bc       0x10 shell/lib.a(ash.o)
 .text.ckzalloc
                0x004130cc       0x3c shell/lib.a(ash.o)
 .text.recordregion
                0x00413108       0xa0 shell/lib.a(ash.o)
 .text.cmdlookup
                0x004131a8      0x11c shell/lib.a(ash.o)
 .text.pushfile
                0x004132c4       0x70 shell/lib.a(ash.o)
 .text.setinputstring
                0x00413334       0x80 shell/lib.a(ash.o)
 .text.pushstring
                0x004133b4       0xe4 shell/lib.a(ash.o)
 .text.tryexec  0x00413498      0x144 shell/lib.a(ash.o)
 .text.makejob  0x004135dc      0x1d8 shell/lib.a(ash.o)
 .text.varunset
                0x004137b4       0x78 shell/lib.a(ash.o)
 .text.ckstrdup
                0x0041382c       0x3c shell/lib.a(ash.o)
 .text.setparam
                0x00413868       0xc0 shell/lib.a(ash.o)
 .text.setvareq
                0x00413928      0x188 shell/lib.a(ash.o)
 .text.listsetvar
                0x00413ab0       0x80 shell/lib.a(ash.o)
 .text.setvar   0x00413b30      0x138 shell/lib.a(ash.o)
 .text.arith    0x00413c68      0x7c0 shell/lib.a(ash.o)
 .text.arith_lookup_val
                0x00414428       0xd4 shell/lib.a(ash.o)
 .text.unsetvar
                0x004144fc      0x104 shell/lib.a(ash.o)
 .text.localcmd
                0x00414600      0x198 shell/lib.a(ash.o)
 .text.setpwd   0x00414798      0x16c shell/lib.a(ash.o)
 .text.xtcsetpgrp
                0x00414904       0x3c shell/lib.a(ash.o)
 .text.waitforjob
                0x00414940       0xc0 shell/lib.a(ash.o)
 .text.copyfd   0x00414a00       0x8c shell/lib.a(ash.o)
 .text.popredir
                0x00414a8c      0x19c shell/lib.a(ash.o)
 .text.clearredir
                0x00414c28       0x5c shell/lib.a(ash.o)
 .text.raise_error_syntax
                0x00414c84       0x18 shell/lib.a(ash.o)
 .text.raise_error_unexpected_syntax
                0x00414c9c       0x84 shell/lib.a(ash.o)
 .text.dash_arith
                0x00414d20       0xac shell/lib.a(ash.o)
 .text.stalloc  0x00414dcc       0xe0 shell/lib.a(ash.o)
 .text.ststrdup
                0x00414eac       0x50 shell/lib.a(ash.o)
 .text.stzalloc
                0x00414efc       0x3c shell/lib.a(ash.o)
 .text.addfname
                0x00414f38       0x4c shell/lib.a(ash.o)
 .text.expmeta  0x00414f84      0x34c shell/lib.a(ash.o)
 .text.makename
                0x004152d0       0x3c shell/lib.a(ash.o)
 .text.fixredir
                0x0041530c       0xb4 shell/lib.a(ash.o)
 .text.growstackblock
                0x004153c0      0x184 shell/lib.a(ash.o)
 .text.makestrspace
                0x00415544       0x70 shell/lib.a(ash.o)
 .text.memtodest
                0x004155b4       0xe0 shell/lib.a(ash.o)
 .text.stack_nputstr
                0x00415694       0x60 shell/lib.a(ash.o)
 .text.stack_putstr
                0x004156f4       0x48 shell/lib.a(ash.o)
 .text.cvtnum   0x0041573c       0x5c shell/lib.a(ash.o)
 .text.cmdputs  0x00415798      0x2b4 shell/lib.a(ash.o)
 .text.cmdtxt   0x00415a4c      0x400 shell/lib.a(ash.o)
 .text.cmdlist  0x00415e4c       0x80 shell/lib.a(ash.o)
 .text._rmescapes
                0x00415ecc      0x1b4 shell/lib.a(ash.o)
 .text.preglob  0x00416080       0x18 shell/lib.a(ash.o)
 .text.single_quote
                0x00416098      0x138 shell/lib.a(ash.o)
 .text.printalias
                0x004161d0       0x38 shell/lib.a(ash.o)
 .text.aliascmd
                0x00416208      0x200 shell/lib.a(ash.o)
 .text.growstackstr
                0x00416408       0x78 shell/lib.a(ash.o)
 .text._STPUTC  0x00416480       0x48 shell/lib.a(ash.o)
 .text.listvars
                0x004164c8      0x124 shell/lib.a(ash.o)
 .text.showvars
                0x004165ec      0x12c shell/lib.a(ash.o)
 .text.padvance
                0x00416718      0x1ac shell/lib.a(ash.o)
 .text.readtoken1
                0x004168c4     0x11d0 shell/lib.a(ash.o)
 .text.parseheredoc
                0x00417a94       0xdc shell/lib.a(ash.o)
 .text.xxreadtoken
                0x00417b70      0x278 shell/lib.a(ash.o)
 .text.readtoken
                0x00417de8      0x138 shell/lib.a(ash.o)
 .text.parsefname
                0x00417f20      0x1c8 shell/lib.a(ash.o)
 .text.peektoken
                0x004180e8       0x40 shell/lib.a(ash.o)
 .text.list     0x00418128      0x230 shell/lib.a(ash.o)
 .text.parse_command
                0x00418358      0x788 shell/lib.a(ash.o)
 .text.pipeline
                0x00418ae0      0x120 shell/lib.a(ash.o)
 .text.parsecmd
                0x00418c00       0x7c shell/lib.a(ash.o)
 .text.forkshell
                0x00418c7c      0x3cc shell/lib.a(ash.o)
 .text.nextopt  0x00419048      0x114 shell/lib.a(ash.o)
 .text.unsetcmd
                0x0041915c       0xdc shell/lib.a(ash.o)
 .text.unaliascmd
                0x00419238      0x14c shell/lib.a(ash.o)
 .text.cdopt    0x00419384       0x64 shell/lib.a(ash.o)
 .text.pwdcmd   0x004193e8       0x74 shell/lib.a(ash.o)
 .text.exportcmd
                0x0041945c      0x120 shell/lib.a(ash.o)
 .text.number   0x0041957c       0x48 shell/lib.a(ash.o)
 .text.shiftcmd
                0x004195c4       0xdc shell/lib.a(ash.o)
 .text.returncmd
                0x004196a0       0x40 shell/lib.a(ash.o)
 .text.exitcmd  0x004196e0       0x4c shell/lib.a(ash.o)
 .text.getjob   0x0041972c      0x1f0 shell/lib.a(ash.o)
 .text.waitcmd  0x0041991c      0x180 shell/lib.a(ash.o)
 .text.jobscmd  0x00419a9c       0xe0 shell/lib.a(ash.o)
 .text.fg_bgcmd
                0x00419b7c      0x1c4 shell/lib.a(ash.o)
 .text.killcmd  0x00419d40       0xf0 shell/lib.a(ash.o)
 .text.letcmd   0x00419e30       0x4c shell/lib.a(ash.o)
 .text.breakcmd
                0x00419e7c       0x94 shell/lib.a(ash.o)
 .text.umaskcmd
                0x00419f10      0x23c shell/lib.a(ash.o)
 .text.ulimitcmd
                0x0041a14c      0x2e4 shell/lib.a(ash.o)
 .text.setinputfile
                0x0041a430      0x134 shell/lib.a(ash.o)
 .text.trapcmd  0x0041a564      0x1a4 shell/lib.a(ash.o)
 .text.readcmd  0x0041a708      0x38c shell/lib.a(ash.o)
 .text.cdcmd    0x0041aa94      0x49c shell/lib.a(ash.o)
 .text.ash_msg_and_raise
                0x0041af30       0x20 shell/lib.a(ash.o)
 .text.shellexec
                0x0041af50      0x178 shell/lib.a(ash.o)
 .text.ash_msg  0x0041b0c8       0x30 shell/lib.a(ash.o)
 .text.options  0x0041b0f8      0x340 shell/lib.a(ash.o)
 .text.setjobctl
                0x0041b438      0x244 shell/lib.a(ash.o)
 .text.optschanged
                0x0041b67c       0xac shell/lib.a(ash.o)
 .text.setcmd   0x0041b728       0xa8 shell/lib.a(ash.o)
 .text.execcmd  0x0041b7d0       0x68 shell/lib.a(ash.o)
 .text.expandarg
                0x0041b838      0x51c shell/lib.a(ash.o)
 .text.expredir
                0x0041bd54       0xc8 shell/lib.a(ash.o)
 .text.redirect
                0x0041be1c      0x5a8 shell/lib.a(ash.o)
 .text.redirectsafe
                0x0041c3c4       0xe0 shell/lib.a(ash.o)
 .text.evaltree
                0x0041c4a4      0x444 shell/lib.a(ash.o)
 .text.evalstring
                0x0041c8e8       0xa8 shell/lib.a(ash.o)
 .text.evalcmd  0x0041c990       0xb4 shell/lib.a(ash.o)
 .text.exitshell
                0x0041ca44       0xa0 shell/lib.a(ash.o)
 .text.argstr   0x0041cae4      0x75c shell/lib.a(ash.o)
 .text.subevalvar
                0x0041d240      0x620 shell/lib.a(ash.o)
 .text.evalvar  0x0041d860      0x7d8 shell/lib.a(ash.o)
 .text.evalloop
                0x0041e038      0x120 shell/lib.a(ash.o)
 .text.cmdloop  0x0041e158      0x294 shell/lib.a(ash.o)
 .text.find_command
                0x0041e3ec      0x4b0 shell/lib.a(ash.o)
 .text.typecmd  0x0041e89c      0x2cc shell/lib.a(ash.o)
 .text.hashcmd  0x0041eb68      0x20c shell/lib.a(ash.o)
 .text.evalpipe
                0x0041ed74      0x26c shell/lib.a(ash.o)
 .text.dotcmd   0x0041efe0      0x1e4 shell/lib.a(ash.o)
 .text.read_profile
                0x0041f1c4       0x48 shell/lib.a(ash.o)
 .text.ash_main
                0x0041f20c      0x7a4 shell/lib.a(ash.o)
                0x0041f20c                ash_main
 .text.evalfun  0x0041f9b0      0x2c4 shell/lib.a(ash.o)
 .text.evalsubshell
                0x0041fc74      0x108 shell/lib.a(ash.o)
 .text.evalcase
                0x0041fd7c      0x1c0 shell/lib.a(ash.o)
 .text.evalfor  0x0041ff3c      0x15c shell/lib.a(ash.o)
 .text.evalcommand
                0x00420098      0x554 shell/lib.a(ash.o)
 .text.klogd_main
                0x004205ec      0x2ec sysklogd/lib.a(klogd.o)
                0x004205ec                klogd_main
 .text.klogd_signal
                0x004208d8       0xa0 sysklogd/lib.a(klogd.o)
 .text.dirAction
                0x00420978       0x14 util-linux/lib.a(mdev.o)
 .text.make_device
                0x0042098c      0x4e8 util-linux/lib.a(mdev.o)
 .text.fileAction
                0x00420e74       0xa4 util-linux/lib.a(mdev.o)
 .text.mdev_main
                0x00420f18      0x324 util-linux/lib.a(mdev.o)
                0x00420f18                mdev_main
 .text.verbose_mount
                0x0042123c       0xb8 util-linux/lib.a(mount.o)
 .text.parse_mount_options
                0x004212f4      0x1a8 util-linux/lib.a(mount.o)
 .text.append_mount_options
                0x0042149c      0x1a4 util-linux/lib.a(mount.o)
 .text.error_msg_rpc
                0x00421640       0x98 util-linux/lib.a(mount.o)
 .text.mount_it_now
                0x004216d8      0x160 util-linux/lib.a(mount.o)
 .text.nfs_strerror
                0x00421838       0x6c util-linux/lib.a(mount.o)
 .text.daemonize
                0x004218a4       0xe4 util-linux/lib.a(mount.o)
 .text.xdr_fhstatus
                0x00421988       0x74 util-linux/lib.a(mount.o)
 .text.xdr_mountres3
                0x004219fc       0xb4 util-linux/lib.a(mount.o)
 .text.xdr_dirpath
                0x00421ab0       0x30 util-linux/lib.a(mount.o)
 .text.singlemount
                0x00421ae0     0x14e0 util-linux/lib.a(mount.o)
 .text.mount_main
                0x00422fc0      0x57c util-linux/lib.a(mount.o)
                0x00422fc0                mount_main
 .text.umount_main
                0x0042353c      0x3d4 util-linux/lib.a(umount.o)
                0x0042353c                umount_main
 .text.gnu_dev_major
                0x00423910       0x18 archival/lib.a(tar.o)
 .text.gnu_dev_minor
                0x00423928       0x20 archival/lib.a(tar.o)
 .text.writeTarFile
                0x00423948      0x178 archival/lib.a(tar.o)
 .text.tar_main
                0x00423ac0      0x344 archival/lib.a(tar.o)
                0x00423ac0                tar_main
 .text.putOctal
                0x00423e04       0x90 archival/lib.a(tar.o)
 .text.chksum_and_xwrite
                0x00423e94       0xac archival/lib.a(tar.o)
 .text.writeLongname
                0x00423f40      0x154 archival/lib.a(tar.o)
 .text.writeTarHeader
                0x00424094      0x40c archival/lib.a(tar.o)
 .text.writeFileToTarball
                0x004244a0      0x300 archival/lib.a(tar.o)
 .text.data_extract_all
                0x004247a0      0x49c archival/libunarchive/lib.a(data_extract_all.o)
                0x004247a0                data_extract_all
 .text.data_extract_to_stdout
                0x00424c3c       0x24 archival/libunarchive/lib.a(data_extract_to_stdout.o)
                0x00424c3c                data_extract_to_stdout
 .text.data_skip
                0x00424c60       0x14 archival/libunarchive/lib.a(data_skip.o)
                0x00424c60                data_skip
 .text.dealloc_bunzip
                0x00424c74       0x48 archival/libunarchive/lib.a(decompress_bunzip2.o)
                0x00424c74                dealloc_bunzip
 .text.get_bits
                0x00424cbc      0x128 archival/libunarchive/lib.a(decompress_bunzip2.o)
 .text.start_bunzip
                0x00424de4      0x154 archival/libunarchive/lib.a(decompress_bunzip2.o)
                0x00424de4                start_bunzip
 .text.get_next_block
                0x00424f38      0x9c4 archival/libunarchive/lib.a(decompress_bunzip2.o)
 .text.read_bunzip
                0x004258fc      0x1c8 archival/libunarchive/lib.a(decompress_bunzip2.o)
                0x004258fc                read_bunzip
 .text.filter_accept_reject_list
                0x00425ac4       0x7c archival/libunarchive/lib.a(filter_accept_reject_list.o)
                0x00425ac4                filter_accept_reject_list
 .text.find_list_entry2
                0x00425b40      0x108 archival/libunarchive/lib.a(find_list_entry.o)
                0x00425b40                find_list_entry2
 .text.find_list_entry
                0x00425c48       0x68 archival/libunarchive/lib.a(find_list_entry.o)
                0x00425c48                find_list_entry
 .text.getOctal
                0x00425cb0       0x60 archival/libunarchive/lib.a(get_header_tar.o)
 .text.get_header_tar
                0x00425d10      0x744 archival/libunarchive/lib.a(get_header_tar.o)
                0x00425d10                get_header_tar
 .text.header_list
                0x00426454       0x18 archival/libunarchive/lib.a(header_list.o)
                0x00426454                header_list
 .text.header_verbose_list
                0x0042646c       0xf0 archival/libunarchive/lib.a(header_verbose_list.o)
                0x0042646c                header_verbose_list
 .text.init_handle
                0x0042655c       0x80 archival/libunarchive/lib.a(init_handle.o)
                0x0042655c                init_handle
 .text.seek_by_jump
                0x004265dc       0xac archival/libunarchive/lib.a(seek_by_jump.o)
                0x004265dc                seek_by_jump
 .text.seek_by_read
                0x00426688       0x2c archival/libunarchive/lib.a(seek_by_read.o)
                0x00426688                seek_by_read
 .text.data_align
                0x004266b4       0xa4 archival/libunarchive/lib.a(data_align.o)
                0x004266b4                data_align
 .text.filter_accept_all
                0x00426758       0x10 archival/libunarchive/lib.a(filter_accept_all.o)
                0x00426758                filter_accept_all
 .text.header_skip
                0x00426768        0x8 archival/libunarchive/lib.a(header_skip.o)
                0x00426768                header_skip
 .text.bb_cat   0x00426770       0xd4 coreutils/lib.a(cat.o)
                0x00426770                bb_cat
 .text.cat_main
                0x00426844       0x58 coreutils/lib.a(cat.o)
                0x00426844                cat_main
 .text.chmod_main
                0x0042689c      0x164 coreutils/lib.a(chmod.o)
                0x0042689c                chmod_main
 .text.fileAction
                0x00426a00       0xe4 coreutils/lib.a(chmod.o)
 .text.cksum_main
                0x00426ae4      0x19c coreutils/lib.a(cksum.o)
                0x00426ae4                cksum_main
 .text.cp_main  0x00426c80      0x1b8 coreutils/lib.a(cp.o)
                0x00426c80                cp_main
 .text.kscale   0x00426e38       0x28 coreutils/lib.a(df.o)
 .text.df_main  0x00426e60      0x304 coreutils/lib.a(df.o)
                0x00426e60                df_main
 .text.echo_main
                0x00427164      0x238 coreutils/lib.a(echo.o)
                0x00427164                echo_main
 .text.null     0x0042739c       0x4c coreutils/lib.a(expr.o)
 .text.tostring
                0x004273e8       0x50 coreutils/lib.a(expr.o)
 .text.int_value
                0x00427438       0x44 coreutils/lib.a(expr.o)
 .text.str_value
                0x0042747c       0x54 coreutils/lib.a(expr.o)
 .text.docolon  0x004274d0      0x174 coreutils/lib.a(expr.o)
 .text.toarith  0x00427644       0xa8 coreutils/lib.a(expr.o)
 .text.arithmetic_common
                0x004276ec      0x148 coreutils/lib.a(expr.o)
 .text.freev    0x00427834       0x54 coreutils/lib.a(expr.o)
 .text.nextarg  0x00427888       0x68 coreutils/lib.a(expr.o)
 .text.eval     0x004278f0       0x9c coreutils/lib.a(expr.o)
 .text.eval6    0x0042798c      0x37c coreutils/lib.a(expr.o)
 .text.eval5    0x00427d08       0x94 coreutils/lib.a(expr.o)
 .text.eval4    0x00427d9c      0x104 coreutils/lib.a(expr.o)
 .text.eval3    0x00427ea0       0xe4 coreutils/lib.a(expr.o)
 .text.eval2    0x00427f84      0x294 coreutils/lib.a(expr.o)
 .text.eval1    0x00428218       0xc0 coreutils/lib.a(expr.o)
 .text.expr_main
                0x004282d8       0xbc coreutils/lib.a(expr.o)
                0x004282d8                expr_main
 .text.append_char
                0x00428394       0x6c coreutils/lib.a(ls.o)
 .text.count_dirs
                0x00428400       0x84 coreutils/lib.a(ls.o)
 .text.my_stat  0x00428484       0xdc coreutils/lib.a(ls.o)
 .text.dnalloc  0x00428560       0x24 coreutils/lib.a(ls.o)
 .text.splitdnarray
                0x00428584      0x118 coreutils/lib.a(ls.o)
 .text.showfiles
                0x0042869c      0x700 coreutils/lib.a(ls.o)
 .text.dnsort   0x00428d9c       0x20 coreutils/lib.a(ls.o)
 .text.sortcmp  0x00428dbc       0xfc coreutils/lib.a(ls.o)
 .text.showdirs
                0x00428eb8      0x368 coreutils/lib.a(ls.o)
 .text.ls_main  0x00429220      0x3e4 coreutils/lib.a(ls.o)
                0x00429220                ls_main
 .text.md5_sha1_sum_main
                0x00429604      0x1e4 coreutils/lib.a(md5_sha1_sum.o)
                0x00429604                md5_sha1_sum_main
 .text.mkdir_main
                0x004297e8      0x12c coreutils/lib.a(mkdir.o)
                0x004297e8                mkdir_main
 .text.mknod_main
                0x00429914      0x17c coreutils/lib.a(mknod.o)
                0x00429914                mknod_main
 .text.get_width_prec
                0x00429a90       0x60 coreutils/lib.a(printf.o)
 .text.conv_strtol
                0x00429af0       0x38 coreutils/lib.a(printf.o)
 .text.multiconvert
                0x00429b28       0xa4 coreutils/lib.a(printf.o)
 .text.print_direc
                0x00429bcc      0x298 coreutils/lib.a(printf.o)
 .text.printf_main
                0x00429e64      0x4b8 coreutils/lib.a(printf.o)
                0x00429e64                printf_main
 .text.conv_strtoul
                0x0042a31c       0x70 coreutils/lib.a(printf.o)
 .text.conv_strtod
                0x0042a38c       0x64 coreutils/lib.a(printf.o)
 .text.rm_main  0x0042a3f0      0x1a4 coreutils/lib.a(rm.o)
                0x0042a3f0                rm_main
 .text.sleep_main
                0x0042a594       0x5c coreutils/lib.a(sleep.o)
                0x0042a594                sleep_main
 .text.mode_type_flag
                0x0042a5f0       0x28 coreutils/lib.a(stty.o)
 .text.set_mode
                0x0042a618      0x488 coreutils/lib.a(stty.o)
 .text.find_mode
                0x0042aaa0       0x48 coreutils/lib.a(stty.o)
 .text.find_control
                0x0042aae8       0x48 coreutils/lib.a(stty.o)
 .text.find_param
                0x0042ab30       0x48 coreutils/lib.a(stty.o)
 .text.set_control_char_or_die
                0x0042ab78      0x10c coreutils/lib.a(stty.o)
 .text.perror_on_device
                0x0042ac84       0x18 coreutils/lib.a(stty.o)
 .text.wrapf    0x0042ac9c      0x10c coreutils/lib.a(stty.o)
 .text.display_window_size
                0x0042ada8       0xa0 coreutils/lib.a(stty.o)
 .text.set_window_size
                0x0042ae48       0xcc coreutils/lib.a(stty.o)
 .text.display_speed
                0x0042af14       0xc4 coreutils/lib.a(stty.o)
 .text.recover_mode
                0x0042afd8      0x134 coreutils/lib.a(stty.o)
 .text.set_speed_or_die
                0x0042b10c       0xb0 coreutils/lib.a(stty.o)
 .text.perror_on_device_and_die
                0x0042b1bc       0x20 coreutils/lib.a(stty.o)
 .text.stty_main
                0x0042b1dc      0x7bc coreutils/lib.a(stty.o)
                0x0042b1dc                stty_main
 .text.display_recoverable
                0x0042b998       0xac coreutils/lib.a(stty.o)
 .text.do_display
                0x0042ba44      0x2ec coreutils/lib.a(stty.o)
 .text.check_operator
                0x0042bd30       0xa8 coreutils/lib.a(test.o)
 .text.syntax   0x0042bdd8       0x78 coreutils/lib.a(test.o)
 .text.getn     0x0042be50       0xa0 coreutils/lib.a(test.o)
 .text.binop    0x0042bef0      0x24c coreutils/lib.a(test.o)
 .text.filstat  0x0042c13c      0x338 coreutils/lib.a(test.o)
 .text.nexpr    0x0042c474      0x234 coreutils/lib.a(test.o)
 .text.aexpr    0x0042c6a8       0x9c coreutils/lib.a(test.o)
 .text.oexpr    0x0042c744       0xa4 coreutils/lib.a(test.o)
 .text.test_main
                0x0042c7e8      0x1d0 coreutils/lib.a(test.o)
                0x0042c7e8                test_main
 .text.cp_mv_stat2
                0x0042c9b8       0x88 coreutils/libcoreutils/lib.a(cp_mv_stat.o)
                0x0042c9b8                cp_mv_stat2
 .text.cp_mv_stat
                0x0042ca40       0x14 coreutils/libcoreutils/lib.a(cp_mv_stat.o)
                0x0042ca40                cp_mv_stat
 .text.getopt_mk_fifo_nod
                0x0042ca54       0x7c coreutils/libcoreutils/lib.a(getopt_mk_fifo_nod.o)
                0x0042ca54                getopt_mk_fifo_nod
 .text.hashidx  0x0042cad0       0x28 editors/lib.a(awk.o)
 .text.skip_spaces
                0x0042caf8       0x68 editors/lib.a(awk.o)
 .text.nextword
                0x0042cb60       0x20 editors/lib.a(awk.o)
 .text.rollback_token
                0x0042cb80       0x14 editors/lib.a(awk.o)
 .text.nextarg  0x0042cb94       0x3c editors/lib.a(awk.o)
 .text.hash_init
                0x0042cbd0       0x58 editors/lib.a(awk.o)
 .text.iamarray
                0x0042cc28       0x50 editors/lib.a(awk.o)
 .text.new_node
                0x0042cc78       0x44 editors/lib.a(awk.o)
 .text.nvalloc  0x0042ccbc      0x148 editors/lib.a(awk.o)
 .text.qrealloc
                0x0042ce04       0x60 editors/lib.a(awk.o)
 .text.clrvar   0x0042ce64       0x60 editors/lib.a(awk.o)
 .text.fsrealloc
                0x0042cec4      0x110 editors/lib.a(awk.o)
 .text.clear_array
                0x0042cfd4       0xc4 editors/lib.a(awk.o)
 .text.zero_out_var
                0x0042d098       0x1c editors/lib.a(awk.o)
 .text.chain_node
                0x0042d0b4       0xc0 editors/lib.a(awk.o)
 .text.mk_re_node
                0x0042d174       0x84 editors/lib.a(awk.o)
 .text.mk_splitter
                0x0042d1f8       0xac editors/lib.a(awk.o)
 .text.getvar_i
                0x0042d2a4       0xc4 editors/lib.a(awk.o)
 .text.is_numeric
                0x0042d368       0x30 editors/lib.a(awk.o)
 .text.istrue   0x0042d398       0x80 editors/lib.a(awk.o)
 .text.hash_search
                0x0042d418       0xa4 editors/lib.a(awk.o)
 .text.hash_find
                0x0042d4bc      0x1f4 editors/lib.a(awk.o)
 .text.hash_remove
                0x0042d6b0       0xfc editors/lib.a(awk.o)
 .text.nextchar
                0x0042d7ac       0x7c editors/lib.a(awk.o)
 .text.syntax_error
                0x0042d828       0x34 editors/lib.a(awk.o)
 .text.fmt_num  0x0042d85c      0x194 editors/lib.a(awk.o)
 .text.getvar_s
                0x0042d9f0       0xc0 editors/lib.a(awk.o)
 .text.handle_special
                0x0042dab0      0x29c editors/lib.a(awk.o)
 .text.setvar_p
                0x0042dd4c       0x3c editors/lib.a(awk.o)
 .text.setvar_s
                0x0042dd88       0x50 editors/lib.a(awk.o)
 .text.setvar_u
                0x0042ddd8       0x34 editors/lib.a(awk.o)
 .text.is_assignment
                0x0042de0c      0x118 editors/lib.a(awk.o)
 .text.setari_u
                0x0042df24       0x80 editors/lib.a(awk.o)
 .text.setvar_i
                0x0042dfa4       0x5c editors/lib.a(awk.o)
 .text.incvar   0x0042e000       0x60 editors/lib.a(awk.o)
 .text.awk_getline
                0x0042e060      0x3ac editors/lib.a(awk.o)
 .text.copyvar  0x0042e40c       0x80 editors/lib.a(awk.o)
 .text.awk_split
                0x0042e48c      0x368 editors/lib.a(awk.o)
 .text.split_f0
                0x0042e7f4      0x144 editors/lib.a(awk.o)
 .text.next_input_file
                0x0042e938      0x1bc editors/lib.a(awk.o)
 .text.next_token
                0x0042eaf4      0x578 editors/lib.a(awk.o)
 .text.parse_expr
                0x0042f06c      0x46c editors/lib.a(awk.o)
 .text.condition
                0x0042f4d8       0x20 editors/lib.a(awk.o)
 .text.chain_expr
                0x0042f4f8       0x5c editors/lib.a(awk.o)
 .text.chain_group
                0x0042f554      0x370 editors/lib.a(awk.o)
 .text.parse_program
                0x0042f8c4      0x214 editors/lib.a(awk.o)
 .text.chain_loop
                0x0042fad8       0xcc editors/lib.a(awk.o)
 .text.nvfree   0x0042fba4      0x150 editors/lib.a(awk.o)
 .text.awk_exit
                0x0042fcf4       0xf0 editors/lib.a(awk.o)
 .text.evaluate
                0x0042fde4     0x1fdc editors/lib.a(awk.o)
 .text.as_regex
                0x00431dc0       0xc8 editors/lib.a(awk.o)
 .text.awk_sub  0x00431e88      0x374 editors/lib.a(awk.o)
 .text.awk_printf
                0x004321fc      0x2fc editors/lib.a(awk.o)
 .text.ptest    0x004324f8       0x28 editors/lib.a(awk.o)
 .text.awk_main
                0x00432520      0x5d8 editors/lib.a(awk.o)
                0x00432520                awk_main
 .text.cmp_main
                0x00432af8      0x334 editors/lib.a(cmp.o)
                0x00432af8                cmp_main
 .text.isqrt    0x00432e2c       0x4c editors/lib.a(diff.o)
 .text.sort     0x00432e78       0xec editors/lib.a(diff.o)
 .text.add_to_dirlist
                0x00432f64       0x88 editors/lib.a(diff.o)
 .text.get_recursive_dirlist
                0x00432fec      0x194 editors/lib.a(diff.o)
 .text.print_only
                0x00433180       0x28 editors/lib.a(diff.o)
 .text.uni_range
                0x004331a8       0x54 editors/lib.a(diff.o)
 .text.print_status
                0x004331fc      0x168 editors/lib.a(diff.o)
 .text.newcand  0x00433364       0xd0 editors/lib.a(diff.o)
 .text.make_temp
                0x00433434      0x158 editors/lib.a(diff.o)
 .text.files_differ
                0x0043358c      0x144 editors/lib.a(diff.o)
 .text.asciifile
                0x004336d0       0xd8 editors/lib.a(diff.o)
 .text.prepare  0x004337a8      0x284 editors/lib.a(diff.o)
 .text.skipline
                0x00433a2c       0xb4 editors/lib.a(diff.o)
 .text.check    0x00433ae0      0x674 editors/lib.a(diff.o)
 .text.fetch    0x00434154      0x328 editors/lib.a(diff.o)
 .text.dump_unified_vec
                0x0043447c      0x290 editors/lib.a(diff.o)
 .text.change   0x0043470c      0x250 editors/lib.a(diff.o)
 .text.diffreg  0x0043495c      0xba4 editors/lib.a(diff.o)
 .text.do_diff  0x00435500      0x278 editors/lib.a(diff.o)
 .text.diff_main
                0x00435778      0x52c editors/lib.a(diff.o)
                0x00435778                diff_main
 .text.parse_escapes
                0x00435ca4       0x78 editors/lib.a(sed.o)
 .text.index_of_next_unescaped_regexp_delim
                0x00435d1c       0xe4 editors/lib.a(sed.o)
 .text.copy_parsing_escapes
                0x00435e00       0x98 editors/lib.a(sed.o)
 .text.parse_regex_delim
                0x00435e98       0xbc editors/lib.a(sed.o)
 .text.get_address
                0x00435f54      0x134 editors/lib.a(sed.o)
 .text.parse_file_cmd
                0x00436088       0xf8 editors/lib.a(sed.o)
 .text.add_cmd  0x00436180      0x794 editors/lib.a(sed.o)
 .text.add_cmd_block
                0x00436914       0xfc editors/lib.a(sed.o)
 .text.add_input_file
                0x00436a10       0x64 editors/lib.a(sed.o)
 .text.flush_append
                0x00436a74       0xa8 editors/lib.a(sed.o)
 .text.pipe_putc
                0x00436b1c       0x78 editors/lib.a(sed.o)
 .text.append   0x00436b94       0x38 editors/lib.a(sed.o)
 .text.get_next_line
                0x00436bcc      0x170 editors/lib.a(sed.o)
 .text.puts_maybe_newline
                0x00436d3c      0x1cc editors/lib.a(sed.o)
 .text.process_files
                0x00436f08      0xb5c editors/lib.a(sed.o)
 .text.sed_main
                0x00437a64      0x454 editors/lib.a(sed.o)
                0x00437a64                sed_main
 .text.cleanup_outname
                0x00437eb8       0x28 editors/lib.a(sed.o)
 .text.add_grep_list_data
                0x00437ee0       0x34 findutils/lib.a(grep.o)
 .text.T.26     0x00437f14       0xc0 findutils/lib.a(grep.o)
 .text.grep_file
                0x00437fd4      0x2e4 findutils/lib.a(grep.o)
 .text.grep_main
                0x004382b8      0x404 findutils/lib.a(grep.o)
                0x004382b8                grep_main
 .text.file_action_grep
                0x004386bc       0xbc findutils/lib.a(grep.o)
 .text.halt_main
                0x00438778      0x188 init/lib.a(halt.o)
                0x00438778                halt_main
 .text.cont_handler
                0x00438900       0x10 init/lib.a(init.o)
 .text.loop_forever
                0x00438910       0x2c init/lib.a(init.o)
 .text.waitfor  0x0043893c       0x48 init/lib.a(init.o)
 .text.init_reboot
                0x00438984       0x60 init/lib.a(init.o)
 .text.set_sane_term
                0x004389e4       0xbc init/lib.a(init.o)
 .text.new_init_action
                0x00438aa0      0x124 init/lib.a(init.o)
 .text.delete_init_action
                0x00438bc4       0x60 init/lib.a(init.o)
 .text.message  0x00438c24      0x168 init/lib.a(init.o)
 .text.parse_inittab
                0x00438d8c      0x27c init/lib.a(init.o)
 .text.init_exec
                0x00439008      0x188 init/lib.a(init.o)
 .text.stop_handler
                0x00439190       0x74 init/lib.a(init.o)
 .text.kill_all_processes
                0x00439204       0xec init/lib.a(init.o)
 .text.halt_reboot_pwoff
                0x004392f0       0x9c init/lib.a(init.o)
 .text.open_stdio_to_tty
                0x0043938c       0xe0 init/lib.a(init.o)
 .text.run      0x0043946c      0x1ec init/lib.a(init.o)
 .text.run_actions
                0x00439658       0xbc init/lib.a(init.o)
 .text.init_main
                0x00439714      0x4c4 init/lib.a(init.o)
                0x00439714                init_main
 .text.reload_signal
                0x00439bd8       0xf4 init/lib.a(init.o)
 .text.ctrlaltdel_signal
                0x00439ccc        0xc init/lib.a(init.o)
 .text.exec_restart_action
                0x00439cd8       0xa0 init/lib.a(init.o)
 .text.qsort_string_vector
                0x00439d78       0x20 libbb/lib.a(bb_qsort.o)
                0x00439d78                qsort_string_vector
 .text.bb_pstrcmp
                0x00439d98       0x1c libbb/lib.a(bb_qsort.o)
                0x00439d98                bb_pstrcmp
 .text.ret_ERANGE
                0x00439db4       0x1c libbb/lib.a(bb_strtonum.o)
 .text.handle_errors
                0x00439dd0       0x88 libbb/lib.a(bb_strtonum.o)
 .text.bb_strtol
                0x00439e58       0xa4 libbb/lib.a(bb_strtonum.o)
                0x00439e58                bb_strtol
 .text.bb_strtoul
                0x00439efc       0x98 libbb/lib.a(bb_strtonum.o)
                0x00439efc                bb_strtoul
 .text.bb_strtoll
                0x00439f94       0xa0 libbb/lib.a(bb_strtonum.o)
                0x00439f94                bb_strtoll
 .text.nth_string
                0x0043a034       0x5c libbb/lib.a(compare_string_array.o)
                0x0043a034                nth_string
 .text.index_in_substrings
                0x0043a090       0xb4 libbb/lib.a(compare_string_array.o)
                0x0043a090                index_in_substrings
 .text.index_in_strings
                0x0043a144       0x8c libbb/lib.a(compare_string_array.o)
                0x0043a144                index_in_strings
 .text.concat_subpath_file
                0x0043a1d0       0x4c libbb/lib.a(concat_subpath_file.o)
                0x0043a1d0                concat_subpath_file
 .text.ask_and_unlink
                0x0043a21c       0xc8 libbb/lib.a(copy_file.o)
 .text.copy_file
                0x0043a2e4      0x7dc libbb/lib.a(copy_file.o)
                0x0043a2e4                copy_file
 .text.crc32_filltable
                0x0043aac0       0xa8 libbb/lib.a(crc32.o)
                0x0043aac0                crc32_filltable
 .text.create_icmp6_socket
                0x0043ab68       0xa8 libbb/lib.a(create_icmp6_socket.o)
                0x0043ab68                create_icmp6_socket
 .text.create_icmp_socket
                0x0043ac10       0xa8 libbb/lib.a(create_icmp_socket.o)
                0x0043ac10                create_icmp_socket
 .text.device_open
                0x0043acb8       0xbc libbb/lib.a(device_open.o)
                0x0043acb8                device_open
 .text.fclose_if_not_stdin
                0x0043ad74       0x7c libbb/lib.a(fclose_nonstdin.o)
                0x0043ad74                fclose_if_not_stdin
 .text.fflush_stdout_and_exit
                0x0043adf0       0x58 libbb/lib.a(fflush_stdout_and_exit.o)
                0x0043adf0                fflush_stdout_and_exit
 .text.find_mount_point
                0x0043ae48      0x1a8 libbb/lib.a(find_mount_point.o)
                0x0043ae48                find_mount_point
 .text.find_pid_by_name
                0x0043aff0      0x19c libbb/lib.a(find_pid_by_name.o)
                0x0043aff0                find_pid_by_name
 .text.bb_get_chunk_with_continuation
                0x0043b18c      0x18c libbb/lib.a(get_line_from_file.o)
                0x0043b18c                bb_get_chunk_with_continuation
 .text.bb_get_chunk_from_file
                0x0043b318        0xc libbb/lib.a(get_line_from_file.o)
                0x0043b318                bb_get_chunk_from_file
 .text.xmalloc_fgetline
                0x0043b324       0x44 libbb/lib.a(get_line_from_file.o)
                0x0043b324                xmalloc_fgetline
 .text.getopt32
                0x0043b368      0x5c8 libbb/lib.a(getopt32.o)
                0x0043b368                getopt32
 .text.bb_herror_msg
                0x0043b930       0x7c libbb/lib.a(herror_msg.o)
                0x0043b930                bb_herror_msg
 .text.INET6_rresolve
                0x0043b9ac      0x124 libbb/lib.a(inet_common.o)
                0x0043b9ac                INET6_rresolve
 .text.INET6_resolve
                0x0043bad0       0xd8 libbb/lib.a(inet_common.o)
                0x0043bad0                INET6_resolve
 .text.INET_rresolve
                0x0043bba8      0x1f8 libbb/lib.a(inet_common.o)
                0x0043bba8                INET_rresolve
 .text.INET_resolve
                0x0043bda0       0xc8 libbb/lib.a(inet_common.o)
                0x0043bda0                INET_resolve
 .text.bb_info_msg
                0x0043be68       0xac libbb/lib.a(info_msg.o)
                0x0043be68                bb_info_msg
 .text.is_in_ino_dev_hashtable
                0x0043bf14       0xd4 libbb/lib.a(inode_hash.o)
                0x0043bf14                is_in_ino_dev_hashtable
 .text.add_to_ino_dev_hashtable
                0x0043bfe8      0x114 libbb/lib.a(inode_hash.o)
                0x0043bfe8                add_to_ino_dev_hashtable
 .text.get_linux_version_code
                0x0043c0fc       0xc0 libbb/lib.a(kernel_version.o)
                0x0043c0fc                get_linux_version_code
 .text.new_line_input_t
                0x0043c1bc       0x34 libbb/lib.a(lineedit.o)
                0x0043c1bc                new_line_input_t
 .text.free_tab_completion_data
                0x0043c1f0       0x80 libbb/lib.a(lineedit.o)
 .text.deinit_S
                0x0043c270       0x1c libbb/lib.a(lineedit.o)
 .text.put_prompt
                0x0043c28c       0x88 libbb/lib.a(lineedit.o)
 .text.parse_and_put_prompt
                0x0043c314       0x44 libbb/lib.a(lineedit.o)
 .text.beep     0x0043c358       0x14 libbb/lib.a(lineedit.o)
 .text.input_backward
                0x0043c36c      0x10c libbb/lib.a(lineedit.o)
 .text.save_command_ps_at_cur_history
                0x0043c478       0x88 libbb/lib.a(lineedit.o)
 .text.get_previous_history
                0x0043c500       0x7c libbb/lib.a(lineedit.o)
 .text.get_next_history
                0x0043c57c       0x80 libbb/lib.a(lineedit.o)
 .text.add_quote_for_spec_chars
                0x0043c5fc       0xcc libbb/lib.a(lineedit.o)
 .text.cmdedit_set_out_char
                0x0043c6c8       0xa8 libbb/lib.a(lineedit.o)
 .text.input_forward
                0x0043c770       0x34 libbb/lib.a(lineedit.o)
 .text.input_end
                0x0043c7a4       0x54 libbb/lib.a(lineedit.o)
 .text.goto_new_line
                0x0043c7f8       0x54 libbb/lib.a(lineedit.o)
 .text.redraw   0x0043c84c       0x80 libbb/lib.a(lineedit.o)
 .text.input_tab
                0x0043c8cc     0x119c libbb/lib.a(lineedit.o)
 .text.input_delete
                0x0043da68       0x98 libbb/lib.a(lineedit.o)
 .text.input_backspace
                0x0043db00       0x4c libbb/lib.a(lineedit.o)
 .text.win_changed
                0x0043db4c       0xd4 libbb/lib.a(lineedit.o)
 .text.read_line_input
                0x0043dc20      0xb58 libbb/lib.a(lineedit.o)
                0x0043dc20                read_line_input
 .text.llist_pop
                0x0043e778       0x60 libbb/lib.a(llist.o)
                0x0043e778                llist_pop
 .text.llist_add_to_end
                0x0043e7d8       0x68 libbb/lib.a(llist.o)
                0x0043e7d8                llist_add_to_end
 .text.llist_add_to
                0x0043e840       0x48 libbb/lib.a(llist.o)
                0x0043e840                llist_add_to
 .text.sanitize_env_if_suid
                0x0043e888       0xa0 libbb/lib.a(login.o)
                0x0043e888                sanitize_env_if_suid
 .text.bb_make_directory
                0x0043e928      0x208 libbb/lib.a(make_directory.o)
                0x0043e928                bb_make_directory
 .text.bb_makedev
                0x0043eb30       0x34 libbb/lib.a(makedev.o)
                0x0043eb30                bb_makedev
 .text.match_fstype
                0x0043eb64       0xfc libbb/lib.a(match_fstype.o)
                0x0043eb64                match_fstype
 .text.md5_begin
                0x0043ec60       0x48 libbb/lib.a(md5.o)
                0x0043ec60                md5_begin
 .text.md5_hash_block
                0x0043eca8      0x31c libbb/lib.a(md5.o)
 .text.md5_end  0x0043efc4      0x1d0 libbb/lib.a(md5.o)
                0x0043efc4                md5_end
 .text.md5_hash
                0x0043f194       0xe4 libbb/lib.a(md5.o)
                0x0043f194                md5_hash
 .text.bb_mode_string
                0x0043f278       0xbc libbb/lib.a(mode_string.o)
                0x0043f278                bb_mode_string
 .text.config_free_data
                0x0043f334       0x40 libbb/lib.a(parse_config.o)
 .text.config_read
                0x0043f374      0x308 libbb/lib.a(parse_config.o)
                0x0043f374                config_read
 .text.config_close
                0x0043f67c       0x68 libbb/lib.a(parse_config.o)
                0x0043f67c                config_close
 .text.config_open2
                0x0043f6e4       0x50 libbb/lib.a(parse_config.o)
                0x0043f6e4                config_open2
 .text.bb_parse_mode
                0x0043f734      0x31c libbb/lib.a(parse_mode.o)
                0x0043f734                bb_parse_mode
 .text.bb_process_escape_sequence
                0x0043fa50       0xe8 libbb/lib.a(process_escape_sequence.o)
                0x0043fa50                bb_process_escape_sequence
 .text.fast_strtoul_10
                0x0043fb38       0x40 libbb/lib.a(procps.o)
 .text.skip_fields
                0x0043fb78       0x28 libbb/lib.a(procps.o)
 .text.read_cmdline
                0x0043fba0       0xd8 libbb/lib.a(procps.o)
                0x0043fba0                read_cmdline
 .text.read_to_buf
                0x0043fc78       0x9c libbb/lib.a(procps.o)
 .text.free_procps_scan
                0x0043fd14       0x5c libbb/lib.a(procps.o)
                0x0043fd14                free_procps_scan
 .text.procps_scan
                0x0043fd70      0x3b8 libbb/lib.a(procps.o)
                0x0043fd70                procps_scan
 .text.get_cached
                0x00440128       0xc4 libbb/lib.a(procps.o)
 .text.get_cached_groupname
                0x004401ec       0x1c libbb/lib.a(procps.o)
                0x004401ec                get_cached_groupname
 .text.get_cached_username
                0x00440208       0x1c libbb/lib.a(procps.o)
                0x00440208                get_cached_username
 .text.true_action
                0x00440224        0x8 libbb/lib.a(recursive_action.o)
 .text.recursive_action
                0x0044022c      0x23c libbb/lib.a(recursive_action.o)
                0x0044022c                recursive_action
 .text.remove_file
                0x00440468      0x338 libbb/lib.a(remove_file.o)
                0x00440468                remove_file
 .text.overlapping_strcpy
                0x004407a0       0x24 libbb/lib.a(safe_strncpy.o)
                0x004407a0                overlapping_strcpy
 .text.safe_strncpy
                0x004407c4       0x30 libbb/lib.a(safe_strncpy.o)
                0x004407c4                safe_strncpy
 .text.bb_signals
                0x004407f4       0x84 libbb/lib.a(signals.o)
                0x004407f4                bb_signals
 .text.sig_unblock
                0x00440878       0x6c libbb/lib.a(signals.o)
                0x00440878                sig_unblock
 .text.kill_myself_with_sig
                0x004408e4       0x50 libbb/lib.a(signals.o)
                0x004408e4                kill_myself_with_sig
 .text.sigprocmask_allsigs
                0x00440934       0x58 libbb/lib.a(signals.o)
                0x00440934                sigprocmask_allsigs
 .text.sigaction_set
                0x0044098c       0x18 libbb/lib.a(signals.o)
                0x0044098c                sigaction_set
 .text.bb_simplify_path
                0x004409a4      0x158 libbb/lib.a(simplify_path.o)
                0x004409a4                bb_simplify_path
 .text.skip_whitespace
                0x00440afc       0x50 libbb/lib.a(skip_whitespace.o)
                0x00440afc                skip_whitespace
 .text.tty_baud_to_value
                0x00440b4c       0x64 libbb/lib.a(speed_table.o)
                0x00440b4c                tty_baud_to_value
 .text.tty_value_to_baud
                0x00440bb0       0x68 libbb/lib.a(speed_table.o)
                0x00440bb0                tty_value_to_baud
 .text.monotonic_us
                0x00440c18       0x60 libbb/lib.a(time.o)
                0x00440c18                monotonic_us
 .text.print_signames
                0x00440c78       0x68 libbb/lib.a(u_signal_names.o)
                0x00440c78                print_signames
 .text.get_signame
                0x00440ce0       0x44 libbb/lib.a(u_signal_names.o)
                0x00440ce0                get_signame
 .text.get_signum
                0x00440d24       0xcc libbb/lib.a(u_signal_names.o)
                0x00440d24                get_signum
 .text.forkexit_or_rexec
                0x00440df0       0x5c libbb/lib.a(vfork_daemon_rexec.o)
                0x00440df0                forkexit_or_rexec
 .text.bb_daemonize_or_rexec
                0x00440e4c      0x188 libbb/lib.a(vfork_daemon_rexec.o)
                0x00440e4c                bb_daemonize_or_rexec
 .text.bb_sanitize_stdio
                0x00440fd4        0xc libbb/lib.a(vfork_daemon_rexec.o)
                0x00440fd4                bb_sanitize_stdio
 .text.safe_waitpid
                0x00440fe0       0x98 libbb/lib.a(vfork_daemon_rexec.o)
                0x00440fe0                safe_waitpid
 .text.wait_any_nohang
                0x00441078       0x14 libbb/lib.a(vfork_daemon_rexec.o)
                0x00441078                wait_any_nohang
 .text.xfopen_for_write
                0x0044108c       0x18 libbb/lib.a(wfopen.o)
                0x0044108c                xfopen_for_write
 .text.xfopen_for_read
                0x004410a4       0x18 libbb/lib.a(wfopen.o)
                0x004410a4                xfopen_for_read
 .text.fopen_for_write
                0x004410bc       0x1c libbb/lib.a(wfopen.o)
                0x004410bc                fopen_for_write
 .text.fopen_for_read
                0x004410d8       0x1c libbb/lib.a(wfopen.o)
                0x004410d8                fopen_for_read
 .text.fopen_or_warn
                0x004410f4       0x5c libbb/lib.a(wfopen.o)
                0x004410f4                fopen_or_warn
 .text.open_or_warn_stdin
                0x00441150       0x44 libbb/lib.a(wfopen_input.o)
                0x00441150                open_or_warn_stdin
 .text.fopen_or_warn_stdin
                0x00441194       0x54 libbb/lib.a(wfopen_input.o)
                0x00441194                fopen_or_warn_stdin
 .text.xfopen_stdin
                0x004411e8       0x30 libbb/lib.a(wfopen_input.o)
                0x004411e8                xfopen_stdin
 .text.xopen_xwrite_close
                0x00441218       0x7c libbb/lib.a(write.o)
                0x00441218                xopen_xwrite_close
 .text.xstrtoul_range_sfx
                0x00441294      0x1a4 libbb/lib.a(xatonum.o)
                0x00441294                xstrtoul_range_sfx
 .text.xstrtol_range_sfx
                0x00441438       0xcc libbb/lib.a(xatonum.o)
                0x00441438                xstrtol_range_sfx
 .text.xatol    0x00441504       0x2c libbb/lib.a(xatonum.o)
                0x00441504                xatol
 .text.xatoul_sfx
                0x00441530       0x28 libbb/lib.a(xatonum.o)
                0x00441530                xatoul_sfx
 .text.xatoul   0x00441558        0xc libbb/lib.a(xatonum.o)
                0x00441558                xatoul
 .text.xatoul_range
                0x00441564       0x2c libbb/lib.a(xatonum.o)
                0x00441564                xatoul_range
 .text.xatou16  0x00441590       0x24 libbb/lib.a(xatonum.o)
                0x00441590                xatou16
 .text.xatoi_u  0x004415b4       0x14 libbb/lib.a(xatonum.o)
                0x004415b4                xatoi_u
 .text.xatoul_range_sfx
                0x004415c8       0x2c libbb/lib.a(xatonum.o)
                0x004415c8                xatoul_range_sfx
 .text.xstrtoul
                0x004415f4       0x24 libbb/lib.a(xatonum.o)
                0x004415f4                xstrtoul
 .text.get_nport
                0x00441618       0x30 libbb/lib.a(xconnect.o)
                0x00441618                get_nport
 .text.set_nport
                0x00441648       0x24 libbb/lib.a(xconnect.o)
                0x00441648                set_nport
 .text.sockaddr2str
                0x0044166c      0x110 libbb/lib.a(xconnect.o)
 .text.xmalloc_sockaddr2dotted_noport
                0x0044177c        0xc libbb/lib.a(xconnect.o)
                0x0044177c                xmalloc_sockaddr2dotted_noport
 .text.xmalloc_sockaddr2host_noport
                0x00441788        0xc libbb/lib.a(xconnect.o)
                0x00441788                xmalloc_sockaddr2host_noport
 .text.xsocket_type
                0x00441794       0xcc libbb/lib.a(xconnect.o)
                0x00441794                xsocket_type
 .text.xsocket_stream
                0x00441860       0x10 libbb/lib.a(xconnect.o)
                0x00441860                xsocket_stream
 .text.str2sockaddr
                0x00441870      0x298 libbb/lib.a(xconnect.o)
 .text.xdotted2sockaddr
                0x00441b08       0x10 libbb/lib.a(xconnect.o)
                0x00441b08                xdotted2sockaddr
 .text.xhost2sockaddr
                0x00441b18       0x10 libbb/lib.a(xconnect.o)
                0x00441b18                xhost2sockaddr
 .text.xhost_and_af2sockaddr
                0x00441b28       0x10 libbb/lib.a(xconnect.o)
                0x00441b28                xhost_and_af2sockaddr
 .text.bb_lookup_port
                0x00441b38       0xc0 libbb/lib.a(xconnect.o)
                0x00441b38                bb_lookup_port
 .text.xconnect
                0x00441bf8       0x98 libbb/lib.a(xconnect.o)
                0x00441bf8                xconnect
 .text.setsockopt_broadcast
                0x00441c90       0x40 libbb/lib.a(xconnect.o)
                0x00441c90                setsockopt_broadcast
 .text.setsockopt_reuseaddr
                0x00441cd0       0x40 libbb/lib.a(xconnect.o)
                0x00441cd0                setsockopt_reuseaddr
 .text.create_and_connect_stream_or_die
                0x00441d10       0x80 libbb/lib.a(xconnect.o)
                0x00441d10                create_and_connect_stream_or_die
 .text.smart_ulltoa5
                0x00441d90      0x2fc libbb/lib.a(xfuncs.o)
                0x00441d90                smart_ulltoa5
 .text.utoa_to_buf
                0x0044208c       0x94 libbb/lib.a(xfuncs.o)
                0x0044208c                utoa_to_buf
 .text.itoa_to_buf
                0x00442120       0x28 libbb/lib.a(xfuncs.o)
                0x00442120                itoa_to_buf
 .text.utoa     0x00442148       0x34 libbb/lib.a(xfuncs.o)
                0x00442148                utoa
 .text.itoa     0x0044217c       0x34 libbb/lib.a(xfuncs.o)
                0x0044217c                itoa
 .text.bin2hex  0x004421b0       0x60 libbb/lib.a(xfuncs.o)
                0x004421b0                bin2hex
 .text.get_terminal_width_height
                0x00442210      0x138 libbb/lib.a(xfuncs.o)
                0x00442210                get_terminal_width_height
 .text.close_on_exec_on
                0x00442348       0x1c libbb/lib.a(xfuncs.o)
                0x00442348                close_on_exec_on
 .text.xrealloc_getcwd_or_warn
                0x00442364      0x108 libbb/lib.a(xgetcwd.o)
                0x00442364                xrealloc_getcwd_or_warn
 .text.xgethostbyname
                0x0044246c       0x68 libbb/lib.a(xgethostbyname.o)
                0x0044246c                xgethostbyname
 .text.xrealloc_vector_helper
                0x004424d4       0xa8 libbb/lib.a(xrealloc_vector.o)
                0x004424d4                xrealloc_vector_helper
 .text.regcomp_or_errmsg
                0x0044257c       0xa4 libbb/lib.a(xregcomp.o)
                0x0044257c                regcomp_or_errmsg
 .text.xregcomp
                0x00442620       0x44 libbb/lib.a(xregcomp.o)
                0x00442620                xregcomp
 .text.bb_ask_confirmation
                0x00442664      0x118 libbb/lib.a(ask_confirmation.o)
                0x00442664                bb_ask_confirmation
 .text.bb_getug
                0x0044277c       0x9c libbb/lib.a(bb_pwd.o)
 .text.bb_getgrgid
                0x00442818       0x64 libbb/lib.a(bb_pwd.o)
                0x00442818                bb_getgrgid
 .text.bb_getpwuid
                0x0044287c       0x64 libbb/lib.a(bb_pwd.o)
                0x0044287c                bb_getpwuid
 .text.bb_herror_msg_and_die
                0x004428e0       0x78 libbb/lib.a(herror_msg_and_die.o)
                0x004428e0                bb_herror_msg_and_die
 *(SORT(.gnu.warning))
 *(SORT(.mips16.fn.*))
 *(SORT(.mips16.call.*))

.MIPS.stubs     0x00442958     0x1070
 .MIPS.stubs    0x00442958     0x1070 /rsdk-1.5.6-5281-EB-2.6.30-0.9.30.3-131105/lib/crt1.o
                0x00442958                longjmp
                0x00442968                __umoddi3@@GLIBC_2.0
                0x00442978                chroot
                0x00442988                strcpy
                0x00442998                setrlimit64
                0x004429a8                unsetenv
                0x004429b8                mkstemp64
                0x004429c8                waitpid
                0x004429d8                __divdi3@@GLIBC_2.0
                0x004429e8                pause
                0x004429f8                ioctl
                0x00442a08                getgid
                0x00442a18                popen
                0x00442a28                sysconf
                0x00442a38                printf
                0x00442a48                __divdf3@@GCC_3.0
                0x00442a58                utime
                0x00442a68                cfgetospeed
                0x00442a78                connect
                0x00442a88                ungetc
                0x00442a98                sigemptyset
                0x00442aa8                strerror
                0x00442ab8                geteuid
                0x00442ac8                inet_pton
                0x00442ad8                __xpg_basename
                0x00442ae8                memmove
                0x00442af8                pclose
                0x00442b08                snprintf
                0x00442b18                syscall
                0x00442b28                __gedf2@@GCC_3.0
                0x00442b38                mknod
                0x00442b48                getgrgid
                0x00442b58                clnt_spcreateerror
                0x00442b68                times
                0x00442b78                statfs64
                0x00442b88                authunix_create_default
                0x00442b98                getenv
                0x00442ba8                fchmod
                0x00442bb8                getegid
                0x00442bc8                __subdf3@@GCC_3.0
                0x00442bd8                bsearch
                0x00442be8                usleep
                0x00442bf8                execve
                0x00442c08                getpagesize
                0x00442c18                getpid
                0x00442c28                qsort
                0x00442c38                fscanf
                0x00442c48                fgets
                0x00442c58                dirname
                0x00442c68                fcntl64
                0x00442c78                getrlimit64
                0x00442c88                memcpy
                0x00442c98                pmap_getport
                0x00442ca8                perror
                0x00442cb8                readlink
                0x00442cc8                puts
                0x00442cd8                dup2
                0x00442ce8                getuid
                0x00442cf8                system
                0x00442d08                feof
                0x00442d18                malloc
                0x00442d28                isatty
                0x00442d38                cfgetispeed
                0x00442d48                sleep
                0x00442d58                strtoll
                0x00442d68                vsnprintf
                0x00442d78                recvfrom
                0x00442d88                xdr_bytes
                0x00442d98                strtoul
                0x00442da8                gethostbyaddr
                0x00442db8                rmdir
                0x00442dc8                socket
                0x00442dd8                select
                0x00442de8                init_module
                0x00442df8                lchown
                0x00442e08                delete_module
                0x00442e18                isspace
                0x00442e28                fflush
                0x00442e38                realpath
                0x00442e48                putenv
                0x00442e58                sigaddset
                0x00442e68                chown
                0x00442e78                strncasecmp
                0x00442e88                setpgid
                0x00442e98                freeaddrinfo
                0x00442ea8                __fgetc_unlocked
                0x00442eb8                chmod
                0x00442ec8                getnameinfo
                0x00442ed8                __floatunsidf@@GCC_4.2.0
                0x00442ee8                isxdigit
                0x00442ef8                fstat64
                0x00442f08                alarm
                0x00442f18                strtol
                0x00442f28                pipe
                0x00442f38                getpgrp
                0x00442f48                uname
                0x00442f58                accept
                0x00442f68                cfsetispeed
                0x00442f78                rename
                0x00442f88                strrchr
                0x00442f98                xdr_enum
                0x00442fa8                strtod
                0x00442fb8                write
                0x00442fc8                fprintf
                0x00442fd8                __gtdf2@@GCC_3.0
                0x00442fe8                kill
                0x00442ff8                ctime
                0x00443008                strcat
                0x00443018                bind
                0x00443028                getmntent_r
                0x00443038                inet_addr
                0x00443048                vprintf
                0x00443058                umount2
                0x00443068                if_nametoindex
                0x00443078                reboot
                0x00443088                chdir
                0x00443098                setsockopt
                0x004430a8                fseek
                0x004430b8                cfsetospeed
                0x004430c8                memchr
                0x004430d8                __eqdf2@@GCC_3.0
                0x004430e8                wait
                0x004430f8                __lshrdi3@@GCC_3.0
                0x00443108                umask
                0x00443118                __ashldi3@@GCC_3.0
                0x00443128                dprintf
                0x00443138                ferror
                0x00443148                rand
                0x00443158                setgid
                0x00443168                signal
                0x00443178                read
                0x00443188                openlog
                0x00443198                clntudp_create
                0x004431a8                strncmp
                0x004431b8                query_module
                0x004431c8                __cmsg_nxthdr
                0x004431d8                strncpy
                0x004431e8                unlink
                0x004431f8                sync
                0x00443208                setenv
                0x00443218                freopen64
                0x00443228                __floatsidf@@GCC_3.0
                0x00443238                strcasecmp
                0x00443248                sendto
                0x00443258                realloc
                0x00443268                __cxa_atexit
                0x00443278                __udivdi3@@GLIBC_2.0
                0x00443288                readdir64
                0x00443298                strtok
                0x004432a8                sigfillset
                0x004432b8                memcmp
                0x004432c8                listen
                0x004432d8                xdr_opaque
                0x004432e8                fdopen
                0x004432f8                fork
                0x00443308                sscanf
                0x00443318                setmntent
                0x00443328                isalpha
                0x00443338                sigaction
                0x00443348                endmntent
                0x00443358                killpg
                0x00443368                fread
                0x00443378                __uClibc_main
                0x00443388                strdup
                0x00443398                inet_aton
                0x004433a8                strtoull
                0x004433b8                regcomp
                0x004433c8                gettimeofday
                0x004433d8                getopt
                0x004433e8                localtime
                0x004433f8                memset
                0x00443408                fnmatch
                0x00443418                __muldf3@@GCC_3.0
                0x00443428                srand
                0x00443438                clearerr
                0x00443448                fclose
                0x00443458                open64
                0x00443468                xdr_string
                0x00443478                inet_ntoa
                0x00443488                getppid
                0x00443498                tcgetattr
                0x004434a8                regexec
                0x004434b8                time
                0x004434c8                opendir
                0x004434d8                getgroups
                0x004434e8                poll
                0x004434f8                syslog
                0x00443508                isalnum
                0x00443518                isprint
                0x00443528                xdr_u_int
                0x00443538                mount
                0x00443548                shutdown
                0x00443558                pmap_getmaps
                0x00443568                getpwuid
                0x00443578                __h_errno_location
                0x00443588                dup
                0x00443598                getcwd
                0x004435a8                gethostbyname
                0x004435b8                strsignal
                0x004435c8                getpwnam
                0x004435d8                getservbyname
                0x004435e8                fgetc
                0x004435f8                sprintf
                0x00443608                clnttcp_create
                0x00443618                strcspn
                0x00443628                regerror
                0x00443638                umount
                0x00443648                vfork
                0x00443658                strsep
                0x00443668                __fixdfsi@@GCC_3.0
                0x00443678                fputc
                0x00443688                clnt_sperror
                0x00443698                __adddf3@@GCC_3.0
                0x004436a8                hstrerror
                0x004436b8                getaddrinfo
                0x004436c8                __moddi3@@GLIBC_2.0
                0x004436d8                strftime
                0x004436e8                getmntent
                0x004436f8                access
                0x00443708                bindresvport
                0x00443718                rewind
                0x00443728                tcgetpgrp
                0x00443738                __errno_location
                0x00443748                exit
                0x00443758                __fixunsdfsi@@GCC_3.0
                0x00443768                klogctl
                0x00443778                inet_ntop
                0x00443788                getgrnam