Archive member included because of file (symbol)

libbb/lib.a(appletlib.o)      /rsdk-4.4.7-5281-EB-2.6.30-0.9.33-m32utb-140606/bin/../lib/gcc/mips-linux-uclibc/4.4.7/../../../../mips-linux-uclibc/lib/crt1.o (main)
libbb/lib.a(concat_path_file.o)
                              libbb/lib.a(appletlib.o) (concat_path_file)
libbb/lib.a(default_error_retval.o)
                              libbb/lib.a(appletlib.o) (xfunc_error_retval)
libbb/lib.a(get_last_path_component.o)
                              libbb/lib.a(appletlib.o) (bb_get_last_path_component_nostrip)
libbb/lib.a(last_char_is.o)   libbb/lib.a(concat_path_file.o) (last_char_is)
libbb/lib.a(messages.o)       libbb/lib.a(appletlib.o) (bb_banner)
libbb/lib.a(perror_msg.o)     libbb/lib.a(appletlib.o) (bb_simple_perror_msg)
libbb/lib.a(ptr_to_globals.o)
                              libbb/lib.a(appletlib.o) (bb_errno)
libbb/lib.a(verror_msg.o)     libbb/lib.a(perror_msg.o) (bb_verror_msg)
libbb/lib.a(xfunc_die.o)      libbb/lib.a(appletlib.o) (xfunc_die)
libbb/lib.a(xfuncs.o)         libbb/lib.a(appletlib.o) (full_write2_str)
libbb/lib.a(xfuncs_printf.o)  libbb/lib.a(appletlib.o) (xsetuid)
libbb/lib.a(xreadlink.o)      libbb/lib.a(appletlib.o) (xmalloc_readlink)
libbb/lib.a(copyfd.o)         libbb/lib.a(xfuncs_printf.o) (bb_copyfd_eof)
libbb/lib.a(full_write.o)     libbb/lib.a(verror_msg.o) (full_write)
libbb/lib.a(read.o)           libbb/lib.a(copyfd.o) (safe_read)
libbb/lib.a(safe_write.o)     libbb/lib.a(full_write.o) (safe_write)
libbb/lib.a(time.o)           libbb/lib.a(xfuncs_printf.o) (monotonic_us)
libbb/lib.a(bb_strtonum.o)    libbb/lib.a(time.o) (bb_strtol)
modutils/lib.a(insmod.o)      libbb/lib.a(appletlib.o) (insmod_main)
modutils/lib.a(lsmod.o)       libbb/lib.a(appletlib.o) (lsmod_main)
modutils/lib.a(modinfo.o)     libbb/lib.a(appletlib.o) (modinfo_main)
modutils/lib.a(modutils.o)    modutils/lib.a(insmod.o) (moderror)
modutils/lib.a(rmmod.o)       libbb/lib.a(appletlib.o) (rmmod_main)
networking/lib.a(ifconfig.o)  libbb/lib.a(appletlib.o) (ifconfig_main)
networking/lib.a(interface.o)
                              networking/lib.a(ifconfig.o) (display_interfaces)
networking/lib.a(netstat.o)   libbb/lib.a(appletlib.o) (netstat_main)
networking/lib.a(ping.o)      libbb/lib.a(appletlib.o) (ping6_main)
networking/lib.a(route.o)     networking/lib.a(netstat.o) (bb_displayroutes)
networking/lib.a(traceroute.o)
                              libbb/lib.a(appletlib.o) (traceroute6_main)
networking/lib.a(vconfig.o)   libbb/lib.a(appletlib.o) (vconfig_main)
procps/lib.a(fuser.o)         libbb/lib.a(appletlib.o) (fuser_main)
procps/lib.a(kill.o)          libbb/lib.a(appletlib.o) (kill_main)
procps/lib.a(ps.o)            libbb/lib.a(appletlib.o) (ps_main)
procps/lib.a(top.o)           libbb/lib.a(appletlib.o) (top_main)
shell/lib.a(ash.o)            libbb/lib.a(appletlib.o) (ash_main)
shell/lib.a(ash_ptr_hack.o)   shell/lib.a(ash.o) (ash_ptr_to_globals_misc)
shell/lib.a(math.o)           shell/lib.a(ash.o) (endofname)
shell/lib.a(shell_common.o)   shell/lib.a(ash.o) (shell_builtin_ulimit)
util-linux/lib.a(blkid.o)     libbb/lib.a(appletlib.o) (blkid_main)
util-linux/lib.a(lsusb.o)     libbb/lib.a(appletlib.o) (lsusb_main)
util-linux/lib.a(mdev.o)      libbb/lib.a(appletlib.o) (mdev_main)
util-linux/lib.a(mount.o)     libbb/lib.a(appletlib.o) (mount_main)
util-linux/lib.a(umount.o)    libbb/lib.a(appletlib.o) (umount_main)
util-linux/volume_id/lib.a(get_devname.o)
                              util-linux/lib.a(mount.o) (resolve_mount_spec)
util-linux/volume_id/lib.a(volume_id.o)
                              util-linux/volume_id/lib.a(get_devname.o) (free_volume_id)
util-linux/volume_id/lib.a(cramfs.o)
                              util-linux/volume_id/lib.a(volume_id.o) (volume_id_probe_cramfs)
util-linux/volume_id/lib.a(ext.o)
                              util-linux/volume_id/lib.a(volume_id.o) (volume_id_probe_ext)
util-linux/volume_id/lib.a(fat.o)
                              util-linux/volume_id/lib.a(volume_id.o) (volume_id_probe_vfat)
util-linux/volume_id/lib.a(iso9660.o)
                              util-linux/volume_id/lib.a(volume_id.o) (volume_id_probe_iso9660)
util-linux/volume_id/lib.a(linux_raid.o)
                              util-linux/volume_id/lib.a(volume_id.o) (volume_id_probe_linux_raid)
util-linux/volume_id/lib.a(linux_swap.o)
                              util-linux/volume_id/lib.a(volume_id.o) (volume_id_probe_linux_swap)
util-linux/volume_id/lib.a(ntfs.o)
                              util-linux/volume_id/lib.a(volume_id.o) (volume_id_probe_ntfs)
util-linux/volume_id/lib.a(ocfs2.o)
                              util-linux/volume_id/lib.a(volume_id.o) (volume_id_probe_ocfs2)
util-linux/volume_id/lib.a(sysv.o)
                              util-linux/volume_id/lib.a(volume_id.o) (volume_id_probe_sysv)
util-linux/volume_id/lib.a(util.o)
                              util-linux/volume_id/lib.a(iso9660.o) (volume_id_set_unicode16)
[...]
Memory Configuration

Name             Origin             Length             Attributes
*default*        0x0000000000000000 0xffffffffffffffff

Linker script and memory map

LOAD /rsdk-4.4.7-5281-EB-2.6.30-0.9.33-m32utb-140606/bin/../lib/gcc/mips-linux-uclibc/4.4.7/../../../../mips-linux-uclibc/lib/crt1.o
LOAD /rsdk-4.4.7-5281-EB-2.6.30-0.9.33-m32utb-140606/bin/../lib/gcc/mips-linux-uclibc/4.4.7/../../../../mips-linux-uclibc/lib/crti.o
LOAD /rsdk-4.4.7-5281-EB-2.6.30-0.9.33-m32utb-140606/bin/../lib/gcc/mips-linux-uclibc/4.4.7/5281/crtbegin.o
START GROUP
LOAD applets/built-in.o
LOAD archival/lib.a
LOAD archival/libarchive/lib.a
LOAD console-tools/lib.a
LOAD coreutils/lib.a
LOAD coreutils/libcoreutils/lib.a
LOAD debianutils/lib.a
LOAD e2fsprogs/lib.a
LOAD editors/lib.a
LOAD findutils/lib.a
LOAD init/lib.a
LOAD libbb/lib.a
LOAD libpwdgrp/lib.a
LOAD loginutils/lib.a
LOAD mailutils/lib.a
LOAD miscutils/lib.a
LOAD modutils/lib.a
LOAD networking/lib.a
LOAD networking/libiproute/lib.a
LOAD networking/udhcp/lib.a
LOAD printutils/lib.a
LOAD procps/lib.a
LOAD runit/lib.a
LOAD selinux/lib.a
LOAD shell/lib.a
LOAD sysklogd/lib.a
LOAD util-linux/lib.a
LOAD util-linux/volume_id/lib.a
LOAD archival/built-in.o
LOAD archival/libarchive/built-in.o
LOAD console-tools/built-in.o
LOAD coreutils/built-in.o
LOAD coreutils/libcoreutils/built-in.o
LOAD debianutils/built-in.o
LOAD e2fsprogs/built-in.o
LOAD editors/built-in.o
LOAD findutils/built-in.o
LOAD init/built-in.o
LOAD libbb/built-in.o
LOAD libpwdgrp/built-in.o
LOAD loginutils/built-in.o
LOAD mailutils/built-in.o
LOAD miscutils/built-in.o
LOAD modutils/built-in.o
LOAD networking/built-in.o
LOAD networking/libiproute/built-in.o
LOAD networking/udhcp/built-in.o
LOAD printutils/built-in.o
LOAD procps/built-in.o
LOAD runit/built-in.o
LOAD selinux/built-in.o
LOAD shell/built-in.o
LOAD sysklogd/built-in.o
LOAD util-linux/built-in.o
LOAD util-linux/volume_id/built-in.o
END GROUP
LOAD /rsdk-4.4.7-5281-EB-2.6.30-0.9.33-m32utb-140606/bin/../lib/gcc/mips-linux-uclibc/4.4.7/5281/libgcc.a
LOAD /rsdk-4.4.7-5281-EB-2.6.30-0.9.33-m32utb-140606/bin/../lib/gcc/mips-linux-uclibc/4.4.7/5281/libgcc_eh.a
LOAD /rsdk-4.4.7-5281-EB-2.6.30-0.9.33-m32utb-140606/bin/../lib/gcc/mips-linux-uclibc/4.4.7/../../../../mips-linux-uclibc/lib/libc.so
START GROUP
LOAD /rsdk-4.4.7-5281-EB-2.6.30-0.9.33-m32utb-140606/bin/../lib/gcc/mips-linux-uclibc/4.4.7/../../../../mips-linux-uclibc/lib/libc.so.0
LOAD /rsdk-4.4.7-5281-EB-2.6.30-0.9.33-m32utb-140606/bin/../lib/gcc/mips-linux-uclibc/4.4.7/../../../../mips-linux-uclibc/lib/uclibc_nonshared.a
LOAD /rsdk-4.4.7-5281-EB-2.6.30-0.9.33-m32utb-140606/bin/../lib/gcc/mips-linux-uclibc/4.4.7/../../../../mips-linux-uclibc/lib/ld-uClibc.so.0
END GROUP
LOAD /rsdk-4.4.7-5281-EB-2.6.30-0.9.33-m32utb-140606/bin/../lib/gcc/mips-linux-uclibc/4.4.7/5281/libgcc.a
LOAD /rsdk-4.4.7-5281-EB-2.6.30-0.9.33-m32utb-140606/bin/../lib/gcc/mips-linux-uclibc/4.4.7/5281/libgcc_eh.a
LOAD /rsdk-4.4.7-5281-EB-2.6.30-0.9.33-m32utb-140606/bin/../lib/gcc/mips-linux-uclibc/4.4.7/5281/crtend.o
LOAD /rsdk-4.4.7-5281-EB-2.6.30-0.9.33-m32utb-140606/bin/../lib/gcc/mips-linux-uclibc/4.4.7/../../../../mips-linux-uclibc/lib/crtn.o
                0x0000000000400000                PROVIDE (__executable_start, 0x400000)
                0x0000000000400134                . = (0x400000 + SIZEOF_HEADERS)

.interp         0x0000000000400134       0x14
 *(SORT(.interp))
 .interp        0x0000000000400134       0x14 /rsdk-4.4.7-5281-EB-2.6.30-0.9.33-m32utb-140606/bin/../lib/gcc/mips-linux-uclibc/4.4.7/../../../../mips-linux-uclibc/lib/crt1.o

.reginfo
 *(SORT(.reginfo))

.note.gnu.build-id
 *(SORT(.note.gnu.build-id))

.dynamic        0x0000000000400148       0xf8
 *(SORT(.dynamic))
 .dynamic       0x0000000000400148       0xf8 /rsdk-4.4.7-5281-EB-2.6.30-0.9.33-m32utb-140606/bin/../lib/gcc/mips-linux-uclibc/4.4.7/../../../../mips-linux-uclibc/lib/crt1.o
                0x0000000000400148                _DYNAMIC

.hash           0x0000000000400240      0x70c
 *(SORT(.hash))
 .hash          0x0000000000400240      0x70c /rsdk-4.4.7-5281-EB-2.6.30-0.9.33-m32utb-140606/bin/../lib/gcc/mips-linux-uclibc/4.4.7/../../../../mips-linux-uclibc/lib/crt1.o

.gnu.hash
 *(SORT(.gnu.hash))

.dynsym         0x000000000040094c      0xfc0
 *(SORT(.dynsym))
 .dynsym        0x000000000040094c      0xfc0 /rsdk-4.4.7-5281-EB-2.6.30-0.9.33-m32utb-140606/bin/../lib/gcc/mips-linux-uclibc/4.4.7/../../../../mips-linux-uclibc/lib/crt1.o

.dynstr         0x000000000040190c      0x7de
 *(SORT(.dynstr))
 .dynstr        0x000000000040190c      0x7de /rsdk-4.4.7-5281-EB-2.6.30-0.9.33-m32utb-140606/bin/../lib/gcc/mips-linux-uclibc/4.4.7/../../../../mips-linux-uclibc/lib/crt1.o

.gnu.version    0x00000000004020ea        0x0
 *(SORT(.gnu.version))
 .gnu.version   0x0000000000000000        0x0 /rsdk-4.4.7-5281-EB-2.6.30-0.9.33-m32utb-140606/bin/../lib/gcc/mips-linux-uclibc/4.4.7/../../../../mips-linux-uclibc/lib/crt1.o

.gnu.version_d  0x00000000004020ec        0x0
 *(SORT(.gnu.version_d))
 .gnu.version_d
                0x0000000000000000        0x0 /rsdk-4.4.7-5281-EB-2.6.30-0.9.33-m32utb-140606/bin/../lib/gcc/mips-linux-uclibc/4.4.7/../../../../mips-linux-uclibc/lib/crt1.o

.gnu.version_r  0x00000000004020ec        0x0
 *(SORT(.gnu.version_r))
 .gnu.version_r
                0x0000000000000000        0x0 /rsdk-4.4.7-5281-EB-2.6.30-0.9.33-m32utb-140606/bin/../lib/gcc/mips-linux-uclibc/4.4.7/../../../../mips-linux-uclibc/lib/crt1.o

.rel.dyn        0x00000000004020ec       0x48
 *(SORT(.rel.init))
 *(SORT(.rel.text) SORT(.rel.text.*) SORT(.rel.gnu.linkonce.t.*))
 *(SORT(.rel.fini))
 *(SORT(.rel.rodata) SORT(.rel.rodata.*) SORT(.rel.gnu.linkonce.r.*))
 *(SORT(.rel.data.rel.ro) SORT(.rel.data.rel.ro.*) SORT(.rel.gnu.linkonce.d.rel.ro.*))
 *(SORT(.rel.data) SORT(.rel.data.*) SORT(.rel.gnu.linkonce.d.*))
 *(SORT(.rel.tdata) SORT(.rel.tdata.*) SORT(.rel.gnu.linkonce.td.*))
 *(SORT(.rel.tbss) SORT(.rel.tbss.*) SORT(.rel.gnu.linkonce.tb.*))
 *(SORT(.rel.ctors))
 *(SORT(.rel.dtors))
 *(SORT(.rel.got))
 *(SORT(.rel.dyn))
 .rel.dyn       0x00000000004020ec       0x48 /rsdk-4.4.7-5281-EB-2.6.30-0.9.33-m32utb-140606/bin/../lib/gcc/mips-linux-uclibc/4.4.7/../../../../mips-linux-uclibc/lib/crt1.o
 *(SORT(.rel.sdata) SORT(.rel.sdata.*) SORT(.rel.gnu.linkonce.s.*))
 *(SORT(.rel.sbss) SORT(.rel.sbss.*) SORT(.rel.gnu.linkonce.sb.*))
 *(SORT(.rel.sdata2) SORT(.rel.sdata2.*) SORT(.rel.gnu.linkonce.s2.*))
 *(SORT(.rel.sbss2) SORT(.rel.sbss2.*) SORT(.rel.gnu.linkonce.sb2.*))
 *(SORT(.rel.bss) SORT(.rel.bss.*) SORT(.rel.gnu.linkonce.b.*))
 .rel.bss       0x0000000000000000        0x0 /rsdk-4.4.7-5281-EB-2.6.30-0.9.33-m32utb-140606/bin/../lib/gcc/mips-linux-uclibc/4.4.7/../../../../mips-linux-uclibc/lib/crt1.o
                0x0000000000402134                PROVIDE (__rel_iplt_start, .)
 *(SORT(.rel.iplt))
                0x0000000000402134                PROVIDE (__rel_iplt_end, .)
                0x0000000000402134                PROVIDE (__rela_iplt_start, .)
                0x0000000000402134                PROVIDE (__rela_iplt_end, .)

.rela.dyn       0x0000000000402134        0x0
 *(SORT(.rela.init))
 *(SORT(.rela.text) SORT(.rela.text.*) SORT(.rela.gnu.linkonce.t.*))
 *(SORT(.rela.fini))
 *(SORT(.rela.rodata) SORT(.rela.rodata.*) SORT(.rela.gnu.linkonce.r.*))
 *(SORT(.rela.data) SORT(.rela.data.*) SORT(.rela.gnu.linkonce.d.*))
 *(SORT(.rela.tdata) SORT(.rela.tdata.*) SORT(.rela.gnu.linkonce.td.*))
 *(SORT(.rela.tbss) SORT(.rela.tbss.*) SORT(.rela.gnu.linkonce.tb.*))
 *(SORT(.rela.ctors))
 *(SORT(.rela.dtors))
 *(SORT(.rela.got))
 *(SORT(.rela.sdata) SORT(.rela.sdata.*) SORT(.rela.gnu.linkonce.s.*))
 *(SORT(.rela.sbss) SORT(.rela.sbss.*) SORT(.rela.gnu.linkonce.sb.*))
 *(SORT(.rela.sdata2) SORT(.rela.sdata2.*) SORT(.rela.gnu.linkonce.s2.*))
 *(SORT(.rela.sbss2) SORT(.rela.sbss2.*) SORT(.rela.gnu.linkonce.sb2.*))
 *(SORT(.rela.bss) SORT(.rela.bss.*) SORT(.rela.gnu.linkonce.b.*))
                0x0000000000402134                PROVIDE (__rel_iplt_start, .)
                0x0000000000402134                PROVIDE (__rel_iplt_end, .)
                0x0000000000402134                PROVIDE (__rela_iplt_start, .)
 *(SORT(.rela.iplt))
                0x0000000000402134                PROVIDE (__rela_iplt_end, .)

.rel.plt        0x0000000000402134      0x718
 *(SORT(.rel.plt))
 .rel.plt       0x0000000000402134      0x718 /rsdk-4.4.7-5281-EB-2.6.30-0.9.33-m32utb-140606/bin/../lib/gcc/mips-linux-uclibc/4.4.7/../../../../mips-linux-uclibc/lib/crt1.o

.rela.plt
 *(SORT(.rela.plt))

.init           0x000000000040284c       0x48
 *(SORT(.init))
 .init          0x000000000040284c       0x1c /rsdk-4.4.7-5281-EB-2.6.30-0.9.33-m32utb-140606/bin/../lib/gcc/mips-linux-uclibc/4.4.7/../../../../mips-linux-uclibc/lib/crti.o
                0x000000000040284c                _init
 .init          0x0000000000402868       0x10 /rsdk-4.4.7-5281-EB-2.6.30-0.9.33-m32utb-140606/bin/../lib/gcc/mips-linux-uclibc/4.4.7/5281/crtbegin.o
 .init          0x0000000000402878       0x10 /rsdk-4.4.7-5281-EB-2.6.30-0.9.33-m32utb-140606/bin/../lib/gcc/mips-linux-uclibc/4.4.7/5281/crtend.o
 .init          0x0000000000402888        0xc /rsdk-4.4.7-5281-EB-2.6.30-0.9.33-m32utb-140606/bin/../lib/gcc/mips-linux-uclibc/4.4.7/../../../../mips-linux-uclibc/lib/crtn.o

.plt            0x00000000004028a0      0xe54
 *(SORT(.plt))
 *fill*         0x00000000004028a0        0x0 
 .plt           0x00000000004028a0      0xe54 /rsdk-4.4.7-5281-EB-2.6.30-0.9.33-m32utb-140606/bin/../lib/gcc/mips-linux-uclibc/4.4.7/../../../../mips-linux-uclibc/lib/crt1.o
                0x00000000004028a0                _PROCEDURE_LINKAGE_TABLE_
                0x00000000004028c0                longjmp
                0x00000000004028d0                stpcpy
                0x00000000004028e0                strcpy
                0x00000000004028f0                setrlimit64
                0x0000000000402900                unsetenv
                0x0000000000402910                mkstemp64
                0x0000000000402920                waitpid
                0x0000000000402930                ioctl
                0x0000000000402940                getgid
                0x0000000000402950                sysconf
                0x0000000000402960                printf
                0x0000000000402970                connect
                0x0000000000402980                ungetc
                0x0000000000402990                utimes
                0x00000000004029a0                strerror
                0x00000000004029b0                geteuid
                0x00000000004029c0                inet_pton
                0x00000000004029d0                stat64
                0x00000000004029e0                memmove
                0x00000000004029f0                getopt_long
                0x0000000000402a00                snprintf
                0x0000000000402a10                mknod
                0x0000000000402a20                getgrgid
                0x0000000000402a30                clnt_spcreateerror
                0x0000000000402a40                times
                0x0000000000402a50                statfs64
                0x0000000000402a60                authunix_create_default
                0x0000000000402a70                getenv
                0x0000000000402a80                fchmod
                0x0000000000402a90                getegid
                0x0000000000402aa0                bsearch
                0x0000000000402ab0                usleep
                0x0000000000402ac0                execve
                0x0000000000402ad0                getpagesize
                0x0000000000402ae0                getpid
                0x0000000000402af0                qsort
                0x0000000000402b00                fchown
                0x0000000000402b10                fscanf
                0x0000000000402b20                dirname
                0x0000000000402b30                fcntl64
                0x0000000000402b40                getrlimit64
                0x0000000000402b50                memcpy
                0x0000000000402b60                pmap_getport
                0x0000000000402b70                readlink
                0x0000000000402b80                puts
                0x0000000000402b90                dup2
                0x0000000000402ba0                getuid
                0x0000000000402bb0                system
                0x0000000000402bc0                feof
                0x0000000000402bd0                malloc
                0x0000000000402be0                isatty
                0x0000000000402bf0                sleep
                0x0000000000402c00                vsnprintf
                0x0000000000402c10                strtoll
                0x0000000000402c20                recvfrom
                0x0000000000402c30                xdr_bytes
                0x0000000000402c40                strtoul
                0x0000000000402c50                gethostbyaddr
                0x0000000000402c60                rmdir
                0x0000000000402c70                socket
                0x0000000000402c80                init_module
                0x0000000000402c90                lchown
                0x0000000000402ca0                delete_module
                0x0000000000402cb0                fflush
                0x0000000000402cc0                realpath
                0x0000000000402cd0                putenv
                0x0000000000402ce0                chown
                0x0000000000402cf0                strncasecmp
                0x0000000000402d00                setpgid
                0x0000000000402d10                freeaddrinfo
                0x0000000000402d20                __fgetc_unlocked
                0x0000000000402d30                chmod
                0x0000000000402d40                getnameinfo
                0x0000000000402d50                fstat64
                0x0000000000402d60                alarm
                0x0000000000402d70                strtol
                0x0000000000402d80                pipe
                0x0000000000402d90                getpgrp
                0x0000000000402da0                strnlen
                0x0000000000402db0                uname
                0x0000000000402dc0                rename
                0x0000000000402dd0                strrchr
                0x0000000000402de0                xdr_enum
                0x0000000000402df0                strtod
                0x0000000000402e00                write
                0x0000000000402e10                fprintf
                0x0000000000402e20                kill
                0x0000000000402e30                fputs_unlocked
                0x0000000000402e40                ctime
                0x0000000000402e50                strcat
                0x0000000000402e60                bind
                0x0000000000402e70                getmntent_r
                0x0000000000402e80                inet_addr
                0x0000000000402e90                vprintf
                0x0000000000402ea0                umount2
                0x0000000000402eb0                if_nametoindex
                0x0000000000402ec0                reboot
                0x0000000000402ed0                chdir
                0x0000000000402ee0                setsockopt
                0x0000000000402ef0                memchr
                0x0000000000402f00                wait
                0x0000000000402f10                umask
                0x0000000000402f20                dprintf
                0x0000000000402f30                mktime
                0x0000000000402f40                strcasestr
                0x0000000000402f50                ferror
                0x0000000000402f60                strstr
                0x0000000000402f70                setgid
                0x0000000000402f80                signal
                0x0000000000402f90                read
                0x0000000000402fa0                openlog
                0x0000000000402fb0                clntudp_create
                0x0000000000402fc0                strncmp
                0x0000000000402fd0                __cmsg_nxthdr
                0x0000000000402fe0                strncpy
                0x0000000000402ff0                unlink
                0x0000000000403000                sync
                0x0000000000403010                setenv
                0x0000000000403020                strcasecmp
                0x0000000000403030                sendto
                0x0000000000403040                realloc
                0x0000000000403050                readdir64
                0x0000000000403060                strtok
                0x0000000000403070                memcmp
                0x0000000000403080                xdr_opaque
                0x0000000000403090                fdopen
                0x00000000004030a0                fork
                0x00000000004030b0                sscanf
                0x00000000004030c0                setmntent
                0x00000000004030d0                lstat64
                0x00000000004030e0                sigaction
                0x00000000004030f0                endmntent
                0x0000000000403100                killpg
                0x0000000000403110                strdup
                0x0000000000403120                inet_aton
                0x0000000000403130                strtoull
                0x0000000000403140                regcomp
                0x0000000000403150                symlink
                0x0000000000403160                gettimeofday
                0x0000000000403170                getopt
                0x0000000000403180                localtime
                0x0000000000403190                memset
                0x00000000004031a0                fnmatch
                0x00000000004031b0                clearerr
                0x00000000004031c0                mallopt
                0x00000000004031d0                fclose
                0x00000000004031e0                open64
                0x00000000004031f0                xdr_string
                0x0000000000403200                inet_ntoa
                0x0000000000403210                getppid
                0x0000000000403220                tcgetattr
                0x0000000000403230                getservbyport
                0x0000000000403240                regexec
                0x0000000000403250                time
                0x0000000000403260                opendir
                0x0000000000403270                getgroups
                0x0000000000403280                poll
                0x0000000000403290                syslog
                0x00000000004032a0                xdr_u_int
                0x00000000004032b0                mount
                0x00000000004032c0                strcmp
                0x00000000004032d0                pmap_getmaps
                0x00000000004032e0                getpwuid
                0x00000000004032f0                dup
                0x0000000000403300                __h_errno_location
                0x0000000000403310                getcwd
                0x0000000000403320                gethostbyname
                0x0000000000403330                strsignal
                0x0000000000403340                getpwnam
                0x0000000000403350                sprintf
                0x0000000000403360                clnttcp_create
                0x0000000000403370                strcspn
                0x0000000000403380                regerror
                0x0000000000403390                umount
                0x00000000004033a0                vfork
                0x00000000004033b0                strsep
                0x00000000004033c0                clnt_sperror
                0x00000000004033d0                hstrerror
                0x00000000004033e0                localtime_r
                0x00000000004033f0                getaddrinfo
                0x0000000000403400                strftime
                0x0000000000403410                getmntent
                0x0000000000403420                access
                0x0000000000403430                bindresvport
                0x0000000000403440                strptime
                0x0000000000403450                tcgetpgrp
                0x0000000000403460                __errno_location
                0x0000000000403470                link
                0x0000000000403480                exit
                0x0000000000403490                stime
                0x00000000004034a0                sigdelset
                0x00000000004034b0                inet_ntop
                0x00000000004034c0                getgrnam
                0x00000000004034d0                atoi
                0x00000000004034e0                fileno
                0x00000000004034f0                _setjmp
                0x0000000000403500                fgets_unlocked
                0x0000000000403510                getline
                0x0000000000403520                _exit
                0x0000000000403530                strverscmp
                0x0000000000403540                strspn
                0x0000000000403550                strlen
                0x0000000000403560                lseek64
                0x0000000000403570                xdr_array
                0x0000000000403580                regfree
                0x0000000000403590                div
                0x00000000004035a0                strchr
                0x00000000004035b0                execvp
                0x00000000004035c0                setsid
                0x00000000004035d0                closedir
                0x00000000004035e0                vasprintf
                0x00000000004035f0                recvmsg
                0x0000000000403600                strchrnul
                0x0000000000403610                setuid
                0x0000000000403620                tcsetattr
                0x0000000000403630                mkdir
                0x0000000000403640                close
                0x0000000000403650                vfprintf
                0x0000000000403660                strpbrk
                0x0000000000403670                tcsetpgrp
                0x0000000000403680                xdr_int
                0x0000000000403690                raise
                0x00000000004036a0                free
                0x00000000004036b0                sigprocmask
                0x00000000004036c0                __fputc_unlocked
                0x00000000004036d0                getsockname
                0x00000000004036e0                fopen64

.iplt
 *(SORT(.iplt))

.text           0x0000000000403700    0x31fb0
                0x0000000000403700                _ftext = .
 *(SORT(.text.unlikely) SORT(.text.*_unlikely))
 *(SORT(.text.exit) SORT(.text.exit.*))
 *(SORT(.text.startup) SORT(.text.startup.*))
 *(SORT(.text.hot) SORT(.text.hot.*))
 *(SORT(.text) SORT(.stub) SORT(.text.*) SORT(.gnu.linkonce.t.*))
 .text          0x0000000000403700       0x60 /rsdk-4.4.7-5281-EB-2.6.30-0.9.33-m32utb-140606/bin/../lib/gcc/mips-linux-uclibc/4.4.7/../../../../mips-linux-uclibc/lib/crt1.o
                0x0000000000403700                __start
 .text          0x0000000000403760      0x110 /rsdk-4.4.7-5281-EB-2.6.30-0.9.33-m32utb-140606/bin/../lib/gcc/mips-linux-uclibc/4.4.7/5281/crtbegin.o
 .text.stub.5   0x0000000000403870       0x10 linker stubs
                0x0000000000403878                .pic.__lshrdi3
 .text          0x0000000000403880       0x50 /rsdk-4.4.7-5281-EB-2.6.30-0.9.33-m32utb-140606/bin/../lib/gcc/mips-linux-uclibc/4.4.7/5281/libgcc.a(_lshrdi3.o)
                0x0000000000403880                __lshrdi3
 .text.stub.1   0x00000000004038d0       0x10 linker stubs
                0x00000000004038d8                .pic.__ashldi3
 .text          0x00000000004038e0       0x40 /rsdk-4.4.7-5281-EB-2.6.30-0.9.33-m32utb-140606/bin/../lib/gcc/mips-linux-uclibc/4.4.7/5281/libgcc.a(_ashldi3.o)
                0x00000000004038e0                __ashldi3
 .text.stub.2   0x0000000000403920       0x10 linker stubs
                0x0000000000403928                .pic.__divdi3
 .text          0x0000000000403930      0x5e0 /rsdk-4.4.7-5281-EB-2.6.30-0.9.33-m32utb-140606/bin/../lib/gcc/mips-linux-uclibc/4.4.7/5281/libgcc.a(_divdi3.o)
                0x0000000000403930                __divdi3
 .text.stub.7   0x0000000000403f10       0x10 linker stubs
                0x0000000000403f18                .pic.__moddi3
 .text          0x0000000000403f20      0x5d0 /rsdk-4.4.7-5281-EB-2.6.30-0.9.33-m32utb-140606/bin/../lib/gcc/mips-linux-uclibc/4.4.7/5281/libgcc.a(_moddi3.o)
                0x0000000000403f20                __moddi3
 .text.stub.4   0x00000000004044f0       0x10 linker stubs
                0x00000000004044f8                .pic.__udivdi3
 .text          0x0000000000404500      0x580 /rsdk-4.4.7-5281-EB-2.6.30-0.9.33-m32utb-140606/bin/../lib/gcc/mips-linux-uclibc/4.4.7/5281/libgcc.a(_udivdi3.o)
                0x0000000000404500                __udivdi3
 .text.stub.3   0x0000000000404a80       0x10 linker stubs
                0x0000000000404a88                .pic.__umoddi3
 .text          0x0000000000404a90      0x550 /rsdk-4.4.7-5281-EB-2.6.30-0.9.33-m32utb-140606/bin/../lib/gcc/mips-linux-uclibc/4.4.7/5281/libgcc.a(_umoddi3.o)
                0x0000000000404a90                __umoddi3
 .text.stub.6   0x0000000000404fe0       0x10 linker stubs
                0x0000000000404fe8                .pic.atexit
 .text          0x0000000000404ff0       0x30 /rsdk-4.4.7-5281-EB-2.6.30-0.9.33-m32utb-140606/bin/../lib/gcc/mips-linux-uclibc/4.4.7/../../../../mips-linux-uclibc/lib/uclibc_nonshared.a(atexit.os)
                0x0000000000404ff0                atexit
 .text          0x0000000000405020       0x50 /rsdk-4.4.7-5281-EB-2.6.30-0.9.33-m32utb-140606/bin/../lib/gcc/mips-linux-uclibc/4.4.7/5281/crtend.o
 .text.applet_name_compare
                0x0000000000405070       0x30 libbb/lib.a(appletlib.o)
 .text.lbb_prepare
                0x00000000004050a0       0x30 libbb/lib.a(appletlib.o)
                0x00000000004050a0                lbb_prepare
 .text.find_applet_by_name
                0x00000000004050d0       0x50 libbb/lib.a(appletlib.o)
                0x00000000004050d0                find_applet_by_name
 .text.bb_show_usage
                0x0000000000405120      0x108 libbb/lib.a(appletlib.o)
                0x0000000000405120                bb_show_usage
 .text.run_applet_no_and_exit
                0x0000000000405228      0x124 libbb/lib.a(appletlib.o)
                0x0000000000405228                run_applet_no_and_exit
 .text.run_applet_and_exit
                0x000000000040534c      0x414 libbb/lib.a(appletlib.o)
                0x000000000040534c                run_applet_and_exit
 .text.main     0x0000000000405760       0xa4 libbb/lib.a(appletlib.o)
                0x0000000000405760                main
 .text.concat_path_file
                0x0000000000405804       0x80 libbb/lib.a(concat_path_file.o)
                0x0000000000405804                concat_path_file
 .text.bb_get_last_path_component_nostrip
                0x0000000000405884       0x4c libbb/lib.a(get_last_path_component.o)
                0x0000000000405884                bb_get_last_path_component_nostrip
 .text.bb_get_last_path_component_strip
                0x00000000004058d0       0x5c libbb/lib.a(get_last_path_component.o)
                0x00000000004058d0                bb_get_last_path_component_strip
 .text.bb_basename
                0x000000000040592c       0x34 libbb/lib.a(get_last_path_component.o)
                0x000000000040592c                bb_basename
 .text.last_char_is
                0x0000000000405960       0x58 libbb/lib.a(last_char_is.o)
                0x0000000000405960                last_char_is
 .text.bb_perror_msg
                0x00000000004059b8       0x68 libbb/lib.a(perror_msg.o)
                0x00000000004059b8                bb_perror_msg
 .text.bb_simple_perror_msg
                0x0000000000405a20       0x14 libbb/lib.a(perror_msg.o)
                0x0000000000405a20                bb_simple_perror_msg
 .text.bb_perror_msg_and_die
                0x0000000000405a34       0x5c libbb/lib.a(perror_msg.o)
                0x0000000000405a34                bb_perror_msg_and_die
 .text.bb_simple_perror_msg_and_die
                0x0000000000405a90       0x18 libbb/lib.a(perror_msg.o)
                0x0000000000405a90                bb_simple_perror_msg_and_die
 .text.bb_verror_msg
                0x0000000000405aa8      0x208 libbb/lib.a(verror_msg.o)
                0x0000000000405aa8                bb_verror_msg
 .text.bb_error_msg
                0x0000000000405cb0       0x34 libbb/lib.a(verror_msg.o)
                0x0000000000405cb0                bb_error_msg
 .text.bb_error_msg_and_die
                0x0000000000405ce4       0x30 libbb/lib.a(verror_msg.o)
                0x0000000000405ce4                bb_error_msg_and_die
 .text.xfunc_die
                0x0000000000405d14       0x30 libbb/lib.a(xfunc_die.o)
                0x0000000000405d14                xfunc_die
 .text.utoa_to_buf
                0x0000000000405d44       0x80 libbb/lib.a(xfuncs.o)
                0x0000000000405d44                utoa_to_buf
 .text.itoa_to_buf
                0x0000000000405dc4       0x34 libbb/lib.a(xfuncs.o)
                0x0000000000405dc4                itoa_to_buf
 .text.utoa     0x0000000000405df8       0x34 libbb/lib.a(xfuncs.o)
                0x0000000000405df8                utoa
 .text.itoa     0x0000000000405e2c       0x34 libbb/lib.a(xfuncs.o)
                0x0000000000405e2c                itoa
 .text.safe_waitpid
                0x0000000000405e60       0x84 libbb/lib.a(xfuncs.o)
                0x0000000000405e60                safe_waitpid
 .text.wait_any_nohang
                0x0000000000405ee4       0x14 libbb/lib.a(xfuncs.o)
                0x0000000000405ee4                wait_any_nohang
 .text.tcsetattr_stdin_TCSANOW
                0x0000000000405ef8       0x14 libbb/lib.a(xfuncs.o)
                0x0000000000405ef8                tcsetattr_stdin_TCSANOW
 .text.wh_helper
                0x0000000000405f0c       0x70 libbb/lib.a(xfuncs.o)
 .text.get_terminal_width_height
                0x0000000000405f7c       0x9c libbb/lib.a(xfuncs.o)
                0x0000000000405f7c                get_terminal_width_height
 .text.full_write2_str
                0x0000000000406018       0x28 libbb/lib.a(xfuncs.o)
                0x0000000000406018                full_write2_str
 .text.strncpy_IFNAMSIZ
                0x0000000000406040        0xc libbb/lib.a(xfuncs.o)
                0x0000000000406040                strncpy_IFNAMSIZ
 .text.close_on_exec_on
                0x000000000040604c       0x10 libbb/lib.a(xfuncs.o)
                0x000000000040604c                close_on_exec_on
 .text.xfork    0x000000000040605c       0x2c libbb/lib.a(xfuncs_printf.o)
                0x000000000040605c                xfork
 .text.xopen3   0x0000000000406088       0x38 libbb/lib.a(xfuncs_printf.o)
                0x0000000000406088                xopen3
 .text.xopen    0x00000000004060c0        0xc libbb/lib.a(xfuncs_printf.o)
                0x00000000004060c0                xopen
 .text.bb_xioctl
                0x00000000004060cc       0x30 libbb/lib.a(xfuncs_printf.o)
                0x00000000004060cc                bb_xioctl
 .text.bb_ioctl_or_warn
                0x00000000004060fc       0x34 libbb/lib.a(xfuncs_printf.o)
                0x00000000004060fc                bb_ioctl_or_warn
 .text.ioctl_or_perror_and_die
                0x0000000000406130       0x5c libbb/lib.a(xfuncs_printf.o)
                0x0000000000406130                ioctl_or_perror_and_die
 .text.xstat    0x000000000040618c       0x38 libbb/lib.a(xfuncs_printf.o)
                0x000000000040618c                xstat
 .text.xsendto  0x00000000004061c4       0x38 libbb/lib.a(xfuncs_printf.o)
                0x00000000004061c4                xsendto
 .text.xbind    0x00000000004061fc       0x2c libbb/lib.a(xfuncs_printf.o)
                0x00000000004061fc                xbind
 .text.xsocket  0x0000000000406228       0x2c libbb/lib.a(xfuncs_printf.o)
                0x0000000000406228                xsocket
 .text.xopendir
                0x0000000000406254       0x30 libbb/lib.a(xfuncs_printf.o)
                0x0000000000406254                xopendir
 .text.warn_opendir
                0x0000000000406284       0x38 libbb/lib.a(xfuncs_printf.o)
                0x0000000000406284                warn_opendir
 .text.open3_or_warn
                0x00000000004062bc       0x40 libbb/lib.a(xfuncs_printf.o)
                0x00000000004062bc                open3_or_warn
 .text.open_or_warn
                0x00000000004062fc        0xc libbb/lib.a(xfuncs_printf.o)
                0x00000000004062fc                open_or_warn
 .text.xchdir   0x0000000000406308       0x30 libbb/lib.a(xfuncs_printf.o)
                0x0000000000406308                xchdir
 .text.xsetuid  0x0000000000406338       0x2c libbb/lib.a(xfuncs_printf.o)
                0x0000000000406338                xsetuid
 .text.xsetgid  0x0000000000406364       0x2c libbb/lib.a(xfuncs_printf.o)
                0x0000000000406364                xsetgid
 .text.xsetenv  0x0000000000406390       0x2c libbb/lib.a(xfuncs_printf.o)
                0x0000000000406390                xsetenv
 .text.xasprintf
                0x00000000004063bc       0x50 libbb/lib.a(xfuncs_printf.o)
                0x00000000004063bc                xasprintf
 .text.bb_putchar
                0x000000000040640c       0x34 libbb/lib.a(xfuncs_printf.o)
                0x000000000040640c                bb_putchar
 .text.fflush_all
                0x0000000000406440        0xc libbb/lib.a(xfuncs_printf.o)
                0x0000000000406440                fflush_all
 .text.xprint_and_close_file
                0x000000000040644c       0x54 libbb/lib.a(xfuncs_printf.o)
                0x000000000040644c                xprint_and_close_file
 .text.xmkstemp
                0x00000000004064a0       0x30 libbb/lib.a(xfuncs_printf.o)
                0x00000000004064a0                xmkstemp
 .text.xwrite   0x00000000004064d0       0x3c libbb/lib.a(xfuncs_printf.o)
                0x00000000004064d0                xwrite
 .text.xwrite_str
                0x000000000040650c       0x38 libbb/lib.a(xfuncs_printf.o)
                0x000000000040650c                xwrite_str
 .text.xdup2    0x0000000000406544       0x34 libbb/lib.a(xfuncs_printf.o)
                0x0000000000406544                xdup2
 .text.xmove_fd
                0x0000000000406578       0x40 libbb/lib.a(xfuncs_printf.o)
                0x0000000000406578                xmove_fd
 .text.xrename  0x00000000004065b8       0x40 libbb/lib.a(xfuncs_printf.o)
                0x00000000004065b8                xrename
 .text.xfopen   0x00000000004065f8       0x38 libbb/lib.a(xfuncs_printf.o)
                0x00000000004065f8                xfopen
 .text.xstrdup  0x0000000000406630       0x34 libbb/lib.a(xfuncs_printf.o)
                0x0000000000406630                xstrdup
 .text.xrealloc
                0x0000000000406664       0x3c libbb/lib.a(xfuncs_printf.o)
                0x0000000000406664                xrealloc
 .text.xmalloc  0x00000000004066a0       0x3c libbb/lib.a(xfuncs_printf.o)
                0x00000000004066a0                xmalloc
 .text.xstrndup
                0x00000000004066dc       0x68 libbb/lib.a(xfuncs_printf.o)
                0x00000000004066dc                xstrndup
 .text.bb_unsetenv
                0x0000000000406744       0x5c libbb/lib.a(xfuncs_printf.o)
                0x0000000000406744                bb_unsetenv
 .text.bb_unsetenv_and_free
                0x00000000004067a0       0x28 libbb/lib.a(xfuncs_printf.o)
                0x00000000004067a0                bb_unsetenv_and_free
 .text.xzalloc  0x00000000004067c8       0x3c libbb/lib.a(xfuncs_printf.o)
                0x00000000004067c8                xzalloc
 .text.malloc_or_warn
                0x0000000000406804       0x44 libbb/lib.a(xfuncs_printf.o)
                0x0000000000406804                malloc_or_warn
 .text.xmalloc_realpath
                0x0000000000406848       0x24 libbb/lib.a(xreadlink.o)
                0x0000000000406848                xmalloc_realpath
 .text.xmalloc_readlink
                0x000000000040686c       0x9c libbb/lib.a(xreadlink.o)
                0x000000000040686c                xmalloc_readlink
 .text.xmalloc_readlink_or_warn
                0x0000000000406908       0x74 libbb/lib.a(xreadlink.o)
                0x0000000000406908                xmalloc_readlink_or_warn
 .text.bb_full_fd_action
                0x000000000040697c      0x1a4 libbb/lib.a(copyfd.o)
 .text.bb_copyfd_eof
                0x0000000000406b20       0x10 libbb/lib.a(copyfd.o)
                0x0000000000406b20                bb_copyfd_eof
 .text.full_write
                0x0000000000406b30       0x78 libbb/lib.a(full_write.o)
                0x0000000000406b30                full_write
 .text.safe_read
                0x0000000000406ba8       0x78 libbb/lib.a(read.o)
                0x0000000000406ba8                safe_read
 .text.full_read
                0x0000000000406c20       0x80 libbb/lib.a(read.o)
                0x0000000000406c20                full_read
 .text.read_close
                0x0000000000406ca0       0x3c libbb/lib.a(read.o)
                0x0000000000406ca0                read_close
 .text.open_read_close
                0x0000000000406cdc       0x4c libbb/lib.a(read.o)
                0x0000000000406cdc                open_read_close
 .text.safe_write
                0x0000000000406d28       0x78 libbb/lib.a(safe_write.o)
                0x0000000000406d28                safe_write
 .text.monotonic_ms
                0x0000000000406da0       0x60 libbb/lib.a(time.o)
                0x0000000000406da0                monotonic_ms
 .text.monotonic_us
                0x0000000000406e00       0x50 libbb/lib.a(time.o)
                0x0000000000406e00                monotonic_us
 .text.validate_tm_time
                0x0000000000406e50       0x40 libbb/lib.a(time.o)
                0x0000000000406e50                validate_tm_time
 .text.parse_datestr
                0x0000000000406e90      0x46c libbb/lib.a(time.o)
                0x0000000000406e90                parse_datestr
 .text.ret_ERANGE
                0x00000000004072fc       0x1c libbb/lib.a(bb_strtonum.o)
 .text.handle_errors
                0x0000000000407318       0x68 libbb/lib.a(bb_strtonum.o)
 .text.bb_strtol
                0x0000000000407380       0x94 libbb/lib.a(bb_strtonum.o)
                0x0000000000407380                bb_strtol
 .text.bb_strtoul
                0x0000000000407414       0x88 libbb/lib.a(bb_strtonum.o)
                0x0000000000407414                bb_strtoul
 .text.bb_strtoll
                0x000000000040749c       0x90 libbb/lib.a(bb_strtonum.o)
                0x000000000040749c                bb_strtoll
 .text.bb_strtoull
                0x000000000040752c       0x84 libbb/lib.a(bb_strtonum.o)
                0x000000000040752c                bb_strtoull
 .text.insmod_main
                0x00000000004075b0       0x74 modutils/lib.a(insmod.o)
                0x00000000004075b0                insmod_main
 .text.lsmod_main
                0x0000000000407624       0xa4 modutils/lib.a(lsmod.o)
                0x0000000000407624                lsmod_main
 .text.display  0x00000000004076c8       0x78 modutils/lib.a(modinfo.o)
 .text.modinfo  0x0000000000407740      0x1dc modutils/lib.a(modinfo.o)
 .text.modinfo_main
                0x000000000040791c      0x1cc modutils/lib.a(modinfo.o)
                0x000000000040791c                modinfo_main
 .text.moderror
                0x0000000000407ae8       0x90 modutils/lib.a(modutils.o)
                0x0000000000407ae8                moderror
 .text.bb_delete_module
                0x0000000000407b78       0x30 modutils/lib.a(modutils.o)
                0x0000000000407b78                bb_delete_module
 .text.bb_init_module
                0x0000000000407ba8       0x98 modutils/lib.a(modutils.o)
                0x0000000000407ba8                bb_init_module
 .text.parse_cmdline_module_options
                0x0000000000407c40      0x100 modutils/lib.a(modutils.o)
                0x0000000000407c40                parse_cmdline_module_options
 .text.filename2modname
                0x0000000000407d40       0x9c modutils/lib.a(modutils.o)
                0x0000000000407d40                filename2modname
 .text.rmmod_main
                0x0000000000407ddc      0x11c modutils/lib.a(rmmod.o)
                0x0000000000407ddc                rmmod_main
 .text.ifconfig_main
                0x0000000000407ef8      0x530 networking/lib.a(ifconfig.o)
                0x0000000000407ef8                ifconfig_main
 .text.get_afntype
                0x0000000000408428       0x2c networking/lib.a(interface.o)
 .text.hexchar2int
                0x0000000000408454       0x34 networking/lib.a(interface.o)
 .text.ether_input
                0x0000000000408488      0x104 networking/lib.a(interface.o)
 .text.get_hwntype
                0x000000000040858c       0x30 networking/lib.a(interface.o)
                0x000000000040858c                get_hwntype
 .text.add_interface
                0x00000000004085bc       0xac networking/lib.a(interface.o)
 .text.if_readconf
                0x0000000000408668      0x108 networking/lib.a(interface.o)
 .text.if_readlist_proc
                0x0000000000408770      0x2e0 networking/lib.a(interface.o)
 .text.do_if_fetch
                0x0000000000408a50      0x354 networking/lib.a(interface.o)
 .text.print_bytes_scaled
                0x0000000000408da4       0x98 networking/lib.a(interface.o)
 .text.UNSPEC_print
                0x0000000000408e3c       0xa8 networking/lib.a(interface.o)
 .text.UNSPEC_sprint
                0x0000000000408ee4       0x30 networking/lib.a(interface.o)
 .text.INET6_input
                0x0000000000408f14        0x8 networking/lib.a(interface.o)
 .text.INET6_sprint
                0x0000000000408f1c       0x6c networking/lib.a(interface.o)
 .text.INET_input
                0x0000000000408f88        0xc networking/lib.a(interface.o)
 .text.INET_sprint
                0x0000000000408f94       0x70 networking/lib.a(interface.o)
 .text.ife_print
                0x0000000000409004      0x650 networking/lib.a(interface.o)
 .text.display_interfaces
                0x0000000000409654       0xfc networking/lib.a(interface.o)
                0x0000000000409654                display_interfaces
 .text.ether_print
                0x0000000000409750       0x6c networking/lib.a(interface.o)
 .text.prg_cache_get
                0x00000000004097bc       0x60 networking/lib.a(netstat.o)
 .text.dir_act  0x000000000040981c      0x104 networking/lib.a(netstat.o)
 .text.add_to_prg_cache_if_socket
                0x0000000000409920      0x14c networking/lib.a(netstat.o)
 .text.do_info  0x0000000000409a6c       0xe8 networking/lib.a(netstat.o)
 .text.netstat_main
                0x0000000000409b54      0x33c networking/lib.a(netstat.o)
                0x0000000000409b54                netstat_main
 .text.build_ipv4_addr
                0x0000000000409e90       0x38 networking/lib.a(netstat.o)
 .text.unix_do_one
                0x0000000000409ec8      0x2e4 networking/lib.a(netstat.o)
 .text.build_ipv6_addr
                0x000000000040a1ac       0x88 networking/lib.a(netstat.o)
 .text.scan_inet_proc_line
                0x000000000040a234       0xe8 networking/lib.a(netstat.o)
 .text.ip_port_str
                0x000000000040a31c       0xc0 networking/lib.a(netstat.o)
 .text.print_inet_line
                0x000000000040a3dc      0x144 networking/lib.a(netstat.o)
 .text.raw_do_one
                0x000000000040a520       0x94 networking/lib.a(netstat.o)
 .text.udp_do_one
                0x000000000040a5b4       0xd8 networking/lib.a(netstat.o)
 .text.tcp_do_one
                0x000000000040a68c       0x84 networking/lib.a(netstat.o)
 .text.unpack_tail
                0x000000000040a710      0x198 networking/lib.a(ping.o)
 .text.print_stats_and_exit
                0x000000000040a8a8      0x164 networking/lib.a(ping.o)
 .text.T.47     0x000000000040aa0c      0x148 networking/lib.a(ping.o)
 .text.sendping4
                0x000000000040ab54       0xd0 networking/lib.a(ping.o)
 .text.sendping6
                0x000000000040ac24       0x50 networking/lib.a(ping.o)
 .text.common_ping_main
                0x000000000040ac74      0x828 networking/lib.a(ping.o)
 .text.ping6_main
                0x000000000040b49c        0xc networking/lib.a(ping.o)
                0x000000000040b49c                ping6_main
 .text.ping_main
                0x000000000040b4a8        0xc networking/lib.a(ping.o)
                0x000000000040b4a8                ping_main
 .text.set_flags
                0x000000000040b4b4       0x4c networking/lib.a(route.o)
 .text.kw_lookup
                0x000000000040b500       0xac networking/lib.a(route.o)
 .text.INET6_displayroutes
                0x000000000040b5ac      0x264 networking/lib.a(route.o)
 .text.INET6_setroute
                0x000000000040b810      0x2ec networking/lib.a(route.o)
 .text.INET_setroute
                0x000000000040bafc      0x438 networking/lib.a(route.o)
 .text.bb_displayroutes
                0x000000000040bf34      0x25c networking/lib.a(route.o)
                0x000000000040bf34                bb_displayroutes
 .text.route_main
                0x000000000040c190      0x194 networking/lib.a(route.o)
                0x000000000040c190                route_main
 .text.common_traceroute_main
                0x000000000040c324      0xfc4 networking/lib.a(traceroute.o)
 .text.traceroute6_main
                0x000000000040d2e8        0xc networking/lib.a(traceroute.o)
                0x000000000040d2e8                traceroute6_main
 .text.traceroute_main
                0x000000000040d2f4        0xc networking/lib.a(traceroute.o)
                0x000000000040d2f4                traceroute_main
 .text.xfind_str
                0x000000000040d300       0x60 networking/lib.a(vconfig.o)
 .text.vconfig_main
                0x000000000040d360      0x14c networking/lib.a(vconfig.o)
                0x000000000040d360                vconfig_main
 .text.search_dev_inode
                0x000000000040d4ac       0x80 procps/lib.a(fuser.o)
 .text.add_inode
                0x000000000040d52c       0xac procps/lib.a(fuser.o)
 .text.scan_proc_net_or_maps
                0x000000000040d5d8      0x200 procps/lib.a(fuser.o)
 .text.scan_recursive
                0x000000000040d7d8      0x23c procps/lib.a(fuser.o)
 .text.fuser_main
                0x000000000040da14      0x20c procps/lib.a(fuser.o)
                0x000000000040da14                fuser_main
 .text.kill_main
                0x000000000040dc20      0x3e4 procps/lib.a(kill.o)
                0x000000000040dc20                kill_main
 .text.ps_main  0x000000000040e004      0x1a4 procps/lib.a(ps.o)
                0x000000000040e004                ps_main
 .text.mem_sort
                0x000000000040e1a8       0x24 procps/lib.a(top.o)
 .text.pcpu_sort
                0x000000000040e1cc       0x10 procps/lib.a(top.o)
 .text.time_sort
                0x000000000040e1dc       0x24 procps/lib.a(top.o)
 .text.mult_lvl_cmp
                0x000000000040e200       0x84 procps/lib.a(top.o)
 .text.topmem_sort
                0x000000000040e284       0x58 procps/lib.a(top.o)
 .text.fmt_100percent_8
                0x000000000040e2dc       0xd4 procps/lib.a(top.o)
 .text.read_cpu_jiffy
                0x000000000040e3b0      0x188 procps/lib.a(top.o)
 .text.do_stats
                0x000000000040e538      0x240 procps/lib.a(top.o)
 .text.display_process_list
                0x000000000040e778      0x744 procps/lib.a(top.o)
 .text.display_topmem_header
                0x000000000040eebc      0x1d4 procps/lib.a(top.o)
 .text.ulltoa6_and_space
                0x000000000040f090       0x34 procps/lib.a(top.o)
 .text.display_topmem_process_list
                0x000000000040f0c4      0x23c procps/lib.a(top.o)
 .text.clearmems
                0x000000000040f300       0x40 procps/lib.a(top.o)
 .text.top_main
                0x000000000040f340      0x464 procps/lib.a(top.o)
                0x000000000040f340                top_main
 .text.isdigit_str9
                0x000000000040f7a4       0x3c shell/lib.a(ash.o)
 .text.var_end  0x000000000040f7e0       0x28 shell/lib.a(ash.o)
 .text.stunalloc
                0x000000000040f808       0x24 shell/lib.a(ash.o)
 .text.setstackmark
                0x000000000040f82c       0x30 shell/lib.a(ash.o)
 .text.prefix   0x000000000040f85c       0x38 shell/lib.a(ash.o)
 .text.is_number
                0x000000000040f894       0x30 shell/lib.a(ash.o)
 .text.varcmp   0x000000000040f8c4       0x50 shell/lib.a(ash.o)
 .text.hashvar  0x000000000040f914       0x58 shell/lib.a(ash.o)
 .text.vpcmp    0x000000000040f96c       0x10 shell/lib.a(ash.o)
 .text.findvar  0x000000000040f97c       0x58 shell/lib.a(ash.o)
 .text.lookupvar
                0x000000000040f9d4       0x58 shell/lib.a(ash.o)
 .text.bltinlookup
                0x000000000040fa2c       0x6c shell/lib.a(ash.o)
 .text.setprompt_if
                0x000000000040fa98       0x6c shell/lib.a(ash.o)
 .text.set_curjob
                0x000000000040fb04       0x8c shell/lib.a(ash.o)
 .text.jobno    0x000000000040fb90       0x28 shell/lib.a(ash.o)
 .text.getstatus
                0x000000000040fbb8       0xa0 shell/lib.a(ash.o)
 .text.need_to_remember
                0x000000000040fc58       0x44 shell/lib.a(ash.o)
 .text.is_hidden_fd
                0x000000000040fc9c       0x84 shell/lib.a(ash.o)
 .text.esclen   0x000000000040fd20       0x34 shell/lib.a(ash.o)
 .text.falsecmd
                0x000000000040fd54        0x8 shell/lib.a(ash.o)
 .text.truecmd  0x000000000040fd5c        0x8 shell/lib.a(ash.o)
 .text.bltincmd
                0x000000000040fd64       0x10 shell/lib.a(ash.o)
 .text.pungetc  0x000000000040fd74       0x24 shell/lib.a(ash.o)
 .text.raise_exception
                0x000000000040fd98       0x30 shell/lib.a(ash.o)
 .text.calcsize
                0x000000000040fdc8      0x144 shell/lib.a(ash.o)
 .text.sizenodelist
                0x000000000040ff0c       0x54 shell/lib.a(ash.o)
 .text.SIT      0x000000000040ff60       0xac shell/lib.a(ash.o)
 .text.pushfile
                0x000000000041000c       0x34 shell/lib.a(ash.o)
 .text.goodname
                0x0000000000410040       0x24 shell/lib.a(ash.o)
 .text.isassignment
                0x0000000000410064       0x3c shell/lib.a(ash.o)
 .text.freealias
                0x00000000004100a0       0x6c shell/lib.a(ash.o)
 .text.freefunc
                0x000000000041010c       0x28 shell/lib.a(ash.o)
 .text.freeparam
                0x0000000000410134       0x68 shell/lib.a(ash.o)
 .text.setparam
                0x000000000041019c       0xa8 shell/lib.a(ash.o)
 .text.scanright
                0x0000000000410244       0xf4 shell/lib.a(ash.o)
 .text.scanleft
                0x0000000000410338       0xbc shell/lib.a(ash.o)
 .text.__lookupalias
                0x00000000004103f4       0x98 shell/lib.a(ash.o)
 .text.lookupalias
                0x000000000041048c       0x40 shell/lib.a(ash.o)
 .text.msort    0x00000000004104cc       0xec shell/lib.a(ash.o)
 .text.pstrcmp  0x00000000004105b8       0x10 shell/lib.a(ash.o)
 .text.ignoresig
                0x00000000004105c8       0x60 shell/lib.a(ash.o)
 .text.setsignal
                0x0000000000410628      0x200 shell/lib.a(ash.o)
 .text.nodeckstrdup
                0x0000000000410828       0x60 shell/lib.a(ash.o)
 .text.copynode
                0x0000000000410888      0x158 shell/lib.a(ash.o)
 .text.copynodelist
                0x00000000004109e0       0x7c shell/lib.a(ash.o)
 .text.cmdlookup
                0x0000000000410a5c       0xf8 shell/lib.a(ash.o)
 .text.noclobberopen
                0x0000000000410b54       0xfc shell/lib.a(ash.o)
 .text.errmsg   0x0000000000410c50       0x2c shell/lib.a(ash.o)
 .text.tokname  0x0000000000410c7c       0x60 shell/lib.a(ash.o)
 .text.findkwd  0x0000000000410cdc       0x34 shell/lib.a(ash.o)
 .text.find_builtin
                0x0000000000410d10       0x34 shell/lib.a(ash.o)
 .text.ulimitcmd
                0x0000000000410d44        0xc shell/lib.a(ash.o)
 .text.printfcmd
                0x0000000000410d50        0x8 shell/lib.a(ash.o)
 .text.tryexec  0x0000000000410d58      0x128 shell/lib.a(ash.o)
 .text.echocmd  0x0000000000410e80        0x8 shell/lib.a(ash.o)
 .text.testcmd  0x0000000000410e88        0x8 shell/lib.a(ash.o)
 .text.raise_interrupt
                0x0000000000410e90       0x74 shell/lib.a(ash.o)
 .text.int_on   0x0000000000410f04       0x48 shell/lib.a(ash.o)
 .text.recordregion
                0x0000000000410f4c       0x94 shell/lib.a(ash.o)
 .text.fmtstr   0x0000000000410fe0       0x4c shell/lib.a(ash.o)
 .text.sprint_status
                0x000000000041102c      0x11c shell/lib.a(ash.o)
 .text.removerecordregions
                0x0000000000411148      0x154 shell/lib.a(ash.o)
 .text.freejob  0x000000000041129c       0xc4 shell/lib.a(ash.o)
 .text.makejob  0x0000000000411360      0x1d8 shell/lib.a(ash.o)
 .text.unalias  0x0000000000411538       0x60 shell/lib.a(ash.o)
 .text.popstring
                0x0000000000411598       0xf0 shell/lib.a(ash.o)
 .text.popfile  0x0000000000411688       0x84 shell/lib.a(ash.o)
 .text.popallfiles
                0x000000000041170c       0x48 shell/lib.a(ash.o)
 .text.outstr   0x0000000000411754       0x2c shell/lib.a(ash.o)
 .text.out1str  0x0000000000411780       0x10 shell/lib.a(ash.o)
 .text.flush_stdout_stderr
                0x0000000000411790       0x2c shell/lib.a(ash.o)
 .text.out2str  0x00000000004117bc       0x24 shell/lib.a(ash.o)
 .text.stoppedjobs
                0x00000000004117e0       0x68 shell/lib.a(ash.o)
 .text.pgetc    0x0000000000411848      0x2d8 shell/lib.a(ash.o)
 .text.pgetc_without_PEOA
                0x0000000000411b20       0x30 shell/lib.a(ash.o)
 .text.dowait   0x0000000000411b50      0x1d4 shell/lib.a(ash.o)
 .text.blocking_wait_with_raise_on_sig
                0x0000000000411d24       0x40 shell/lib.a(ash.o)
 .text.popstackmark
                0x0000000000411d64       0xac shell/lib.a(ash.o)
 .text.setinputstring
                0x0000000000411e10       0x64 shell/lib.a(ash.o)
 .text.pushstring
                0x0000000000411e74       0xbc shell/lib.a(ash.o)
 .text.delete_cmd_entry
                0x0000000000411f30       0x68 shell/lib.a(ash.o)
 .text.out1fmt  0x0000000000411f98       0x50 shell/lib.a(ash.o)
 .text.timescmd
                0x0000000000411fe8       0xe0 shell/lib.a(ash.o)
 .text.helpcmd  0x00000000004120c8       0xcc shell/lib.a(ash.o)
 .text.clearcmdentry
                0x0000000000412194       0xe0 shell/lib.a(ash.o)
 .text.changepath
                0x0000000000412274      0x150 shell/lib.a(ash.o)
 .text.signal_handler
                0x00000000004123c4       0x78 shell/lib.a(ash.o)
 .text.force_int_on
                0x000000000041243c       0x34 shell/lib.a(ash.o)
 .text.evalbltin
                0x0000000000412470      0x108 shell/lib.a(ash.o)
 .text.T.875    0x0000000000412578       0x6c shell/lib.a(ash.o)
 .text.showjob  0x00000000004125e4      0x248 shell/lib.a(ash.o)
 .text.showjobs
                0x000000000041282c       0x90 shell/lib.a(ash.o)
 .text.ash_vmsg
                0x00000000004128bc       0xe8 shell/lib.a(ash.o)
 .text.ash_vmsg_and_raise
                0x00000000004129a4       0x2c shell/lib.a(ash.o)
 .text.ash_msg_and_raise_error
                0x00000000004129d0       0x30 shell/lib.a(ash.o)
 .text.varunset
                0x0000000000412a00       0x6c shell/lib.a(ash.o)
 .text.setvareq
                0x0000000000412a6c      0x158 shell/lib.a(ash.o)
 .text.listsetvar
                0x0000000000412bc4       0x70 shell/lib.a(ash.o)
 .text.setvar   0x0000000000412c34      0x104 shell/lib.a(ash.o)
 .text.setvar2  0x0000000000412d38        0xc shell/lib.a(ash.o)
 .text.unsetvar
                0x0000000000412d44       0xe8 shell/lib.a(ash.o)
 .text.setpwd   0x0000000000412e2c      0x130 shell/lib.a(ash.o)
 .text.localcmd
                0x0000000000412f5c      0x198 shell/lib.a(ash.o)
 .text.number   0x00000000004130f4       0x34 shell/lib.a(ash.o)
 .text.returncmd
                0x0000000000413128       0x40 shell/lib.a(ash.o)
 .text.exitcmd  0x0000000000413168       0x4c shell/lib.a(ash.o)
 .text.shiftcmd
                0x00000000004131b4       0xc4 shell/lib.a(ash.o)
 .text.xtcsetpgrp
                0x0000000000413278       0x2c shell/lib.a(ash.o)
 .text.waitforjob
                0x00000000004132a4       0xc4 shell/lib.a(ash.o)
 .text.forkchild
                0x0000000000413368      0x340 shell/lib.a(ash.o)
 .text.copyfd   0x00000000004136a8       0x78 shell/lib.a(ash.o)
 .text.popredir
                0x0000000000413720      0x178 shell/lib.a(ash.o)
 .text.clearredir
                0x0000000000413898       0x50 shell/lib.a(ash.o)
 .text.ash_arith
                0x00000000004138e8       0x6c shell/lib.a(ash.o)
 .text.stalloc  0x0000000000413954       0xcc shell/lib.a(ash.o)
 .text.ststrdup
                0x0000000000413a20       0x38 shell/lib.a(ash.o)
 .text.stzalloc
                0x0000000000413a58       0x28 shell/lib.a(ash.o)
 .text.addfname
                0x0000000000413a80       0x4c shell/lib.a(ash.o)
 .text.expmeta  0x0000000000413acc      0x304 shell/lib.a(ash.o)
 .text.makename
                0x0000000000413dd0       0x3c shell/lib.a(ash.o)
 .text.growstackblock
                0x0000000000413e0c      0x154 shell/lib.a(ash.o)
 .text.makestrspace
                0x0000000000413f60       0x64 shell/lib.a(ash.o)
 .text.memtodest
                0x0000000000413fc4       0xe8 shell/lib.a(ash.o)
 .text.stack_nputstr
                0x00000000004140ac       0x4c shell/lib.a(ash.o)
 .text.stack_putstr
                0x00000000004140f8       0x34 shell/lib.a(ash.o)
 .text.cvtnum   0x000000000041412c       0x5c shell/lib.a(ash.o)
 .text.cmdputs  0x0000000000414188      0x29c shell/lib.a(ash.o)
 .text.cmdtxt   0x0000000000414424      0x404 shell/lib.a(ash.o)
 .text.cmdlist  0x0000000000414828       0x80 shell/lib.a(ash.o)
 .text.single_quote
                0x00000000004148a8      0x100 shell/lib.a(ash.o)
 .text.printalias
                0x00000000004149a8       0x38 shell/lib.a(ash.o)
 .text.aliascmd
                0x00000000004149e0      0x1d4 shell/lib.a(ash.o)
 .text.rmescapes
                0x0000000000414bb4      0x1b0 shell/lib.a(ash.o)
 .text.preglob  0x0000000000414d64       0x18 shell/lib.a(ash.o)
 .text.growstackstr
                0x0000000000414d7c       0x68 shell/lib.a(ash.o)
 .text._STPUTC  0x0000000000414de4       0x3c shell/lib.a(ash.o)
 .text.varvalue
                0x0000000000414e20      0x3f4 shell/lib.a(ash.o)
 .text.listvars
                0x0000000000415214      0x100 shell/lib.a(ash.o)
 .text.showvars
                0x0000000000415314      0x108 shell/lib.a(ash.o)
 .text.path_advance
                0x000000000041541c      0x184 shell/lib.a(ash.o)
 .text.forkshell
                0x00000000004155a0      0x194 shell/lib.a(ash.o)
 .text.raise_error_syntax
                0x0000000000415734       0x18 shell/lib.a(ash.o)
 .text.fixredir
                0x000000000041574c       0xac shell/lib.a(ash.o)
 .text.raise_error_unexpected_syntax
                0x00000000004157f8       0x78 shell/lib.a(ash.o)
 .text.parse_command
                0x0000000000415870      0x76c shell/lib.a(ash.o)
 .text.pipeline
                0x0000000000415fdc      0x120 shell/lib.a(ash.o)
 .text.list     0x00000000004160fc      0x230 shell/lib.a(ash.o)
 .text.readtoken1
                0x000000000041632c     0x1164 shell/lib.a(ash.o)
 .text.parseheredoc
                0x0000000000417490       0xd4 shell/lib.a(ash.o)
 .text.xxreadtoken
                0x0000000000417564      0x270 shell/lib.a(ash.o)
 .text.readtoken
                0x00000000004177d4      0x138 shell/lib.a(ash.o)
 .text.parsefname
                0x000000000041790c      0x1b0 shell/lib.a(ash.o)
 .text.peektoken
                0x0000000000417abc       0x40 shell/lib.a(ash.o)
 .text.parsecmd
                0x0000000000417afc       0x7c shell/lib.a(ash.o)
 .text.nextopt  0x0000000000417b78      0x114 shell/lib.a(ash.o)
 .text.cdopt    0x0000000000417c8c       0x64 shell/lib.a(ash.o)
 .text.pwdcmd   0x0000000000417cf0       0x68 shell/lib.a(ash.o)
 .text.unsetcmd
                0x0000000000417d58       0xdc shell/lib.a(ash.o)
 .text.unaliascmd
                0x0000000000417e34      0x130 shell/lib.a(ash.o)
 .text.exportcmd
                0x0000000000417f64      0x100 shell/lib.a(ash.o)
 .text.getjob   0x0000000000418064      0x1e8 shell/lib.a(ash.o)
 .text.waitcmd  0x000000000041824c      0x170 shell/lib.a(ash.o)
 .text.killcmd  0x00000000004183bc      0x178 shell/lib.a(ash.o)
 .text.jobscmd  0x0000000000418534       0xc0 shell/lib.a(ash.o)
 .text.fg_bgcmd
                0x00000000004185f4      0x1ec shell/lib.a(ash.o)
 .text.readcmd  0x00000000004187e0      0x138 shell/lib.a(ash.o)
 .text.letcmd   0x0000000000418918       0x4c shell/lib.a(ash.o)
 .text.breakcmd
                0x0000000000418964       0x94 shell/lib.a(ash.o)
 .text.umaskcmd
                0x00000000004189f8      0x20c shell/lib.a(ash.o)
 .text.setinputfile
                0x0000000000418c04      0x10c shell/lib.a(ash.o)
 .text.cdcmd    0x0000000000418d10      0x448 shell/lib.a(ash.o)
 .text.ash_msg_and_raise
                0x0000000000419158       0x20 shell/lib.a(ash.o)
 .text.shellexec
                0x0000000000419178      0x164 shell/lib.a(ash.o)
 .text.ash_msg  0x00000000004192dc       0x30 shell/lib.a(ash.o)
 .text.setjobctl
                0x000000000041930c      0x1d0 shell/lib.a(ash.o)
 .text.optschanged
                0x00000000004194dc       0xa8 shell/lib.a(ash.o)
 .text.execcmd  0x0000000000419584       0x58 shell/lib.a(ash.o)
 .text.options  0x00000000004195dc      0x33c shell/lib.a(ash.o)
 .text.setcmd   0x0000000000419918       0x94 shell/lib.a(ash.o)
 .text.trapcmd  0x00000000004199ac      0x1c4 shell/lib.a(ash.o)
 .text.expandarg
                0x0000000000419b70      0x4b8 shell/lib.a(ash.o)
 .text.expredir
                0x000000000041a028      0x100 shell/lib.a(ash.o)
 .text.redirect
                0x000000000041a128      0x528 shell/lib.a(ash.o)
 .text.redirectsafe
                0x000000000041a650       0xc4 shell/lib.a(ash.o)
 .text.evaltree
                0x000000000041a714      0x470 shell/lib.a(ash.o)
 .text.argstr   0x000000000041ab84      0x6ac shell/lib.a(ash.o)
 .text.subevalvar
                0x000000000041b230      0x61c shell/lib.a(ash.o)
 .text.evalvar  0x000000000041b84c      0x33c shell/lib.a(ash.o)
 .text.evalstring
                0x000000000041bb88       0xa0 shell/lib.a(ash.o)
 .text.evalcmd  0x000000000041bc28       0xa8 shell/lib.a(ash.o)
 .text.exitshell
                0x000000000041bcd0       0x90 shell/lib.a(ash.o)
 .text.cmdloop  0x000000000041bd60      0x144 shell/lib.a(ash.o)
 .text.find_command
                0x000000000041bea4      0x460 shell/lib.a(ash.o)
 .text.typecmd  0x000000000041c304      0x2a4 shell/lib.a(ash.o)
 .text.hashcmd  0x000000000041c5a8      0x1fc shell/lib.a(ash.o)
 .text.evalpipe
                0x000000000041c7a4      0x214 shell/lib.a(ash.o)
 .text.dotcmd   0x000000000041c9b8      0x1c0 shell/lib.a(ash.o)
 .text.read_profile
                0x000000000041cb78       0x48 shell/lib.a(ash.o)
 .text.ash_main
                0x000000000041cbc0      0x644 shell/lib.a(ash.o)
                0x000000000041cbc0                ash_main
 .text.evalloop
                0x000000000041d204      0x120 shell/lib.a(ash.o)
 .text.evalfun  0x000000000041d324      0x278 shell/lib.a(ash.o)
 .text.evalsubshell
                0x000000000041d59c       0xec shell/lib.a(ash.o)
 .text.evalcase
                0x000000000041d688      0x19c shell/lib.a(ash.o)
 .text.evalfor  0x000000000041d824      0x15c shell/lib.a(ash.o)
 .text.evalcommand
                0x000000000041d980      0x52c shell/lib.a(ash.o)
 .text.endofname
                0x000000000041deac       0x7c shell/lib.a(math.o)
                0x000000000041deac                endofname
 .text.arith_apply
                0x000000000041df28      0x3f4 shell/lib.a(math.o)
 .text.evaluate_string
                0x000000000041e31c      0x3cc shell/lib.a(math.o)
 .text.arith    0x000000000041e6e8       0x10 shell/lib.a(math.o)
                0x000000000041e6e8                arith
 .text.arith_lookup_val
                0x000000000041e6f8       0xcc shell/lib.a(math.o)
 .text.is_well_formed_var_name
                0x000000000041e7c4       0x7c shell/lib.a(shell_common.o)
                0x000000000041e7c4                is_well_formed_var_name
 .text.printlim
                0x000000000041e840       0x7c shell/lib.a(shell_common.o)
 .text.shell_builtin_ulimit
                0x000000000041e8bc      0x290 shell/lib.a(shell_common.o)
                0x000000000041e8bc                shell_builtin_ulimit
 .text.shell_builtin_read
                0x000000000041eb4c      0x56c shell/lib.a(shell_common.o)
                0x000000000041eb4c                shell_builtin_read
 .text.blkid_main
                0x000000000041f0b8       0x44 util-linux/lib.a(blkid.o)
                0x000000000041f0b8                blkid_main
 .text.lsusb_main
                0x000000000041f0fc       0x3c util-linux/lib.a(lsusb.o)
                0x000000000041f0fc                lsusb_main
 .text.fileAction
                0x000000000041f138      0x1cc util-linux/lib.a(lsusb.o)
 .text.make_device
                0x000000000041f304      0x590 util-linux/lib.a(mdev.o)
 .text.fileAction
                0x000000000041f894       0x84 util-linux/lib.a(mdev.o)
 .text.mdev_main
                0x000000000041f918      0x2b8 util-linux/lib.a(mdev.o)
                0x000000000041f918                mdev_main
 .text.dirAction
                0x000000000041fbd0       0x80 util-linux/lib.a(mdev.o)
 .text.verbose_mount
                0x000000000041fc50       0xa0 util-linux/lib.a(mount.o)
 .text.mount_it_now
                0x000000000041fcf0      0x140 util-linux/lib.a(mount.o)
 .text.error_msg_rpc
                0x000000000041fe30       0x7c util-linux/lib.a(mount.o)
 .text.parse_mount_options
                0x000000000041feac      0x160 util-linux/lib.a(mount.o)
 .text.append_mount_options
                0x000000000042000c      0x14c util-linux/lib.a(mount.o)
 .text.nfs_strerror
                0x0000000000420158       0x5c util-linux/lib.a(mount.o)
 .text.daemonize
                0x00000000004201b4       0x9c util-linux/lib.a(mount.o)
 .text.nfsmount
                0x0000000000420250      0xf58 util-linux/lib.a(mount.o)
 .text.xdr_fhstatus
                0x00000000004211a8       0x68 util-linux/lib.a(mount.o)
 .text.xdr_mountres3
                0x0000000000421210       0x90 util-linux/lib.a(mount.o)
 .text.xdr_dirpath
                0x00000000004212a0        0xc util-linux/lib.a(mount.o)
 .text.singlemount
                0x00000000004212ac      0x380 util-linux/lib.a(mount.o)
 .text.mount_main
                0x000000000042162c      0x608 util-linux/lib.a(mount.o)
                0x000000000042162c                mount_main
 .text.umount_main
                0x0000000000421c34      0x358 util-linux/lib.a(umount.o)
                0x0000000000421c34                umount_main
 .text.uuidcache_init
                0x0000000000421f8c       0x44 util-linux/volume_id/lib.a(get_devname.o)
 .text.get_devname_from_uuid
                0x0000000000421fd0       0x74 util-linux/volume_id/lib.a(get_devname.o)
                0x0000000000421fd0                get_devname_from_uuid
 .text.get_devname_from_label
                0x0000000000422044       0x80 util-linux/volume_id/lib.a(get_devname.o)
                0x0000000000422044                get_devname_from_label
 .text.resolve_mount_spec
                0x00000000004220c4       0x94 util-linux/volume_id/lib.a(get_devname.o)
                0x00000000004220c4                resolve_mount_spec
 .text.add_to_uuid_cache
                0x0000000000422158      0x154 util-linux/volume_id/lib.a(get_devname.o)
                0x0000000000422158                add_to_uuid_cache
 .text.uuidcache_check_device
                0x00000000004222ac       0x58 util-linux/volume_id/lib.a(get_devname.o)
 .text.display_uuid_cache
                0x0000000000422304       0xd0 util-linux/volume_id/lib.a(get_devname.o)
                0x0000000000422304                display_uuid_cache
 .text.free_volume_id
                0x00000000004223d4       0x4c util-linux/volume_id/lib.a(volume_id.o)
                0x00000000004223d4                free_volume_id
 .text.volume_id_open_node
                0x0000000000422420       0x2c util-linux/volume_id/lib.a(volume_id.o)
                0x0000000000422420                volume_id_open_node
 .text.volume_id_probe_all
                0x000000000042244c       0xe0 util-linux/volume_id/lib.a(volume_id.o)
                0x000000000042244c                volume_id_probe_all
 .text.volume_id_probe_cramfs
                0x000000000042252c       0x74 util-linux/volume_id/lib.a(cramfs.o)
                0x000000000042252c                volume_id_probe_cramfs
 .text.volume_id_probe_ext
                0x00000000004225a0       0xb8 util-linux/volume_id/lib.a(ext.o)
                0x00000000004225a0                volume_id_probe_ext
 .text.get_attr_volume_id
                0x0000000000422658       0x90 util-linux/volume_id/lib.a(fat.o)
 .text.volume_id_probe_vfat
                0x00000000004226e8      0x57c util-linux/volume_id/lib.a(fat.o)
                0x00000000004226e8                volume_id_probe_vfat
 .text.volume_id_probe_iso9660
                0x0000000000422c64      0x1e8 util-linux/volume_id/lib.a(iso9660.o)
                0x0000000000422c64                volume_id_probe_iso9660
 .text.volume_id_probe_linux_raid
                0x0000000000422e4c       0xbc util-linux/volume_id/lib.a(linux_raid.o)
                0x0000000000422e4c                volume_id_probe_linux_raid
 .text.volume_id_probe_linux_swap
                0x0000000000422f08      0x190 util-linux/volume_id/lib.a(linux_swap.o)
                0x0000000000422f08                volume_id_probe_linux_swap
 .text.volume_id_probe_ntfs
                0x0000000000423098      0x2d0 util-linux/volume_id/lib.a(ntfs.o)
                0x0000000000423098                volume_id_probe_ntfs
 .text.volume_id_probe_ocfs2
                0x0000000000423368       0x94 util-linux/volume_id/lib.a(ocfs2.o)
                0x0000000000423368                volume_id_probe_ocfs2
 .text.volume_id_probe_sysv
                0x00000000004233fc      0x148 util-linux/volume_id/lib.a(sysv.o)
                0x00000000004233fc                volume_id_probe_sysv
 .text.volume_id_set_unicode16
                0x0000000000423544      0x100 util-linux/volume_id/lib.a(util.o)
                0x0000000000423544                volume_id_set_unicode16
 .text.volume_id_set_label_unicode16
                0x0000000000423644       0x30 util-linux/volume_id/lib.a(util.o)
                0x0000000000423644                volume_id_set_label_unicode16
 .text.volume_id_free_buffer
                0x0000000000423674       0x54 util-linux/volume_id/lib.a(util.o)
                0x0000000000423674                volume_id_free_buffer
 .text.volume_id_get_buffer
                0x00000000004236c8      0x1b8 util-linux/volume_id/lib.a(util.o)
                0x00000000004236c8                volume_id_get_buffer
 .text.volume_id_set_uuid
                0x0000000000423880      0x1dc util-linux/volume_id/lib.a(util.o)
                0x0000000000423880                volume_id_set_uuid
 .text.volume_id_set_label_string
                0x0000000000423a5c       0x94 util-linux/volume_id/lib.a(util.o)
                0x0000000000423a5c                volume_id_set_label_string
 .text.dealloc_bunzip
                0x0000000000423af0       0x30 archival/libarchive/lib.a(decompress_bunzip2.o)
                0x0000000000423af0                dealloc_bunzip
 .text.get_bits
                0x0000000000423b20      0x10c archival/libarchive/lib.a(decompress_bunzip2.o)
 .text.start_bunzip
                0x0000000000423c2c      0x128 archival/libarchive/lib.a(decompress_bunzip2.o)
                0x0000000000423c2c                start_bunzip
 .text.get_next_block
                0x0000000000423d54      0x8b0 archival/libarchive/lib.a(decompress_bunzip2.o)
 .text.read_bunzip
                0x0000000000424604      0x188 archival/libarchive/lib.a(decompress_bunzip2.o)
                0x0000000000424604                read_bunzip
 .text.bb_cat   0x000000000042478c       0x98 coreutils/lib.a(cat.o)
                0x000000000042478c                bb_cat
 .text.cat_main
                0x0000000000424824       0x40 coreutils/lib.a(cat.o)
                0x0000000000424824                cat_main
 .text.chmod_main
                0x0000000000424864      0x130 coreutils/lib.a(chmod.o)
                0x0000000000424864                chmod_main
 .text.fileAction
                0x0000000000424994       0xb8 coreutils/lib.a(chmod.o)
 .text.cp_main  0x0000000000424a4c      0x200 coreutils/lib.a(cp.o)
                0x0000000000424a4c                cp_main
 .text.maybe_set_utc
                0x0000000000424c4c       0x20 coreutils/lib.a(date.o)
 .text.date_main
                0x0000000000424c6c      0x3dc coreutils/lib.a(date.o)
                0x0000000000424c6c                date_main
 .text.kscale   0x0000000000425048       0x28 coreutils/lib.a(df.o)
 .text.df_main  0x0000000000425070      0x380 coreutils/lib.a(df.o)
                0x0000000000425070                df_main
 .text.echo_main
                0x00000000004253f0      0x21c coreutils/lib.a(echo.o)
                0x00000000004253f0                echo_main
 .text.null     0x000000000042560c       0x4c coreutils/lib.a(expr.o)
 .text.tostring
                0x0000000000425658       0x48 coreutils/lib.a(expr.o)
 .text.int_value
                0x00000000004256a0       0x3c coreutils/lib.a(expr.o)
 .text.str_value
                0x00000000004256dc       0x44 coreutils/lib.a(expr.o)
 .text.docolon  0x0000000000425720      0x148 coreutils/lib.a(expr.o)
 .text.toarith  0x0000000000425868       0x90 coreutils/lib.a(expr.o)
 .text.arithmetic_common
                0x00000000004258f8      0x130 coreutils/lib.a(expr.o)
 .text.freev    0x0000000000425a28       0x3c coreutils/lib.a(expr.o)
 .text.nextarg  0x0000000000425a64       0x58 coreutils/lib.a(expr.o)
 .text.eval     0x0000000000425abc       0x9c coreutils/lib.a(expr.o)
 .text.eval6    0x0000000000425b58      0x334 coreutils/lib.a(expr.o)
 .text.eval5    0x0000000000425e8c       0x94 coreutils/lib.a(expr.o)
 .text.eval4    0x0000000000425f20      0x104 coreutils/lib.a(expr.o)
 .text.eval3    0x0000000000426024       0xe4 coreutils/lib.a(expr.o)
 .text.eval2    0x0000000000426108      0x280 coreutils/lib.a(expr.o)
 .text.eval1    0x0000000000426388       0xc0 coreutils/lib.a(expr.o)
 .text.expr_main
                0x0000000000426448       0xa4 coreutils/lib.a(expr.o)
                0x0000000000426448                expr_main
 .text.append_char
                0x00000000004264ec       0x6c coreutils/lib.a(ls.o)
 .text.count_dirs
                0x0000000000426558       0x8c coreutils/lib.a(ls.o)
 .text.dnalloc  0x00000000004265e4       0x1c coreutils/lib.a(ls.o)
 .text.splitdnarray
                0x0000000000426600       0xd8 coreutils/lib.a(ls.o)
 .text.my_stat  0x00000000004266d8      0x190 coreutils/lib.a(ls.o)
 .text.print_name
                0x0000000000426868      0x184 coreutils/lib.a(ls.o)
 .text.display_single
                0x00000000004269ec      0x3e4 coreutils/lib.a(ls.o)
 .text.dnsort   0x0000000000426dd0       0x14 coreutils/lib.a(ls.o)
 .text.sort_and_display_files
                0x0000000000426de4      0x280 coreutils/lib.a(ls.o)
 .text.sortcmp  0x0000000000427064      0x190 coreutils/lib.a(ls.o)
 .text.scan_and_display_dirs_recur
                0x00000000004271f4      0x280 coreutils/lib.a(ls.o)
 .text.ls_main  0x0000000000427474      0x384 coreutils/lib.a(ls.o)
                0x0000000000427474                ls_main
 .text.mkdir_main
                0x00000000004277f8       0xe8 coreutils/lib.a(mkdir.o)
                0x00000000004277f8                mkdir_main
 .text.mknod_main
                0x00000000004278e0      0x128 coreutils/lib.a(mknod.o)
                0x00000000004278e0                mknod_main
 .text.mv_main  0x0000000000427a08      0x2ac coreutils/lib.a(mv.o)
                0x0000000000427a08                mv_main
 .text.get_width_prec
                0x0000000000427cb4       0x50 coreutils/lib.a(printf.o)
 .text.multiconvert
                0x0000000000427d04       0x94 coreutils/lib.a(printf.o)
 .text.print_direc
                0x0000000000427d98      0x2b8 coreutils/lib.a(printf.o)
 .text.printf_main
                0x0000000000428050      0x4a8 coreutils/lib.a(printf.o)
                0x0000000000428050                printf_main
 .text.conv_strtoll
                0x00000000004284f8       0x34 coreutils/lib.a(printf.o)
 .text.conv_strtoull
                0x000000000042852c       0x68 coreutils/lib.a(printf.o)
 .text.conv_strtod
                0x0000000000428594       0x54 coreutils/lib.a(printf.o)
 .text.rm_main  0x00000000004285e8      0x148 coreutils/lib.a(rm.o)
                0x00000000004285e8                rm_main
 .text.rmdir_main
                0x0000000000428730       0xec coreutils/lib.a(rmdir.o)
                0x0000000000428730                rmdir_main
 .text.sleep_main
                0x000000000042881c       0x3c coreutils/lib.a(sleep.o)
                0x000000000042881c                sleep_main
 .text.check_operator
                0x0000000000428858       0x6c coreutils/lib.a(test.o)
 .text.syntax   0x00000000004288c4       0x54 coreutils/lib.a(test.o)
 .text.getn     0x0000000000428918       0x90 coreutils/lib.a(test.o)
 .text.binop    0x00000000004289a8      0x1f8 coreutils/lib.a(test.o)
 .text.filstat  0x0000000000428ba0      0x2f4 coreutils/lib.a(test.o)
 .text.nexpr    0x0000000000428e94      0x21c coreutils/lib.a(test.o)
 .text.aexpr    0x00000000004290b0       0x8c coreutils/lib.a(test.o)
 .text.oexpr    0x000000000042913c       0x94 coreutils/lib.a(test.o)
 .text.test_main
                0x00000000004291d0      0x188 coreutils/lib.a(test.o)
                0x00000000004291d0                test_main
 .text.cp_mv_stat2
                0x0000000000429358       0x80 coreutils/libcoreutils/lib.a(cp_mv_stat.o)
                0x0000000000429358                cp_mv_stat2
 .text.cp_mv_stat
                0x00000000004293d8       0x10 coreutils/libcoreutils/lib.a(cp_mv_stat.o)
                0x00000000004293d8                cp_mv_stat
 .text.getopt_mk_fifo_nod
                0x00000000004293e8       0x5c coreutils/libcoreutils/lib.a(getopt_mk_fifo_nod.o)
                0x00000000004293e8                getopt_mk_fifo_nod
 .text.parse_escapes
                0x0000000000429444       0x78 editors/lib.a(sed.o)
 .text.index_of_next_unescaped_regexp_delim
                0x00000000004294bc       0xe0 editors/lib.a(sed.o)
 .text.copy_parsing_escapes
                0x000000000042959c       0x88 editors/lib.a(sed.o)
 .text.parse_regex_delim
                0x0000000000429624       0xb4 editors/lib.a(sed.o)
 .text.get_address
                0x00000000004296d8      0x110 editors/lib.a(sed.o)
 .text.parse_file_cmd
                0x00000000004297e8       0xcc editors/lib.a(sed.o)
 .text.add_cmd  0x00000000004298b4      0x69c editors/lib.a(sed.o)
 .text.add_cmd_block
                0x0000000000429f50       0xbc editors/lib.a(sed.o)
 .text.add_input_file
                0x000000000042a00c       0x5c editors/lib.a(sed.o)
 .text.flush_append
                0x000000000042a068       0x78 editors/lib.a(sed.o)
 .text.pipe_putc
                0x000000000042a0e0       0x70 editors/lib.a(sed.o)
 .text.append   0x000000000042a150       0x28 editors/lib.a(sed.o)
 .text.get_next_line
                0x000000000042a178      0x128 editors/lib.a(sed.o)
 .text.puts_maybe_newline
                0x000000000042a2a0      0x14c editors/lib.a(sed.o)
 .text.process_files
                0x000000000042a3ec      0xa30 editors/lib.a(sed.o)
 .text.sed_main
                0x000000000042ae1c      0x36c editors/lib.a(sed.o)
                0x000000000042ae1c                sed_main
 .text.cleanup_outname
                0x000000000042b188       0x20 editors/lib.a(sed.o)
 .text.add_grep_list_data
                0x000000000042b1a8       0x2c findutils/lib.a(grep.o)
 .text.print_line
                0x000000000042b1d4      0x108 findutils/lib.a(grep.o)
 .text.grep_file
                0x000000000042b2dc      0x524 findutils/lib.a(grep.o)
 .text.grep_main
                0x000000000042b800      0x484 findutils/lib.a(grep.o)
                0x000000000042b800                grep_main
 .text.file_action_grep
                0x000000000042bc84       0x9c findutils/lib.a(grep.o)
 .text.halt_main
                0x000000000042bd20      0x128 init/lib.a(halt.o)
                0x000000000042bd20                halt_main
 .text.mark_terminated
                0x000000000042be48       0x40 init/lib.a(init.o)
 .text.set_sane_term
                0x000000000042be88       0xa8 init/lib.a(init.o)
 .text.new_init_action
                0x000000000042bf30       0xec init/lib.a(init.o)
 .text.reset_sighandlers_and_unblock_sigs
                0x000000000042c01c       0x28 init/lib.a(init.o)
 .text.pause_and_low_level_reboot
                0x000000000042c044       0x48 init/lib.a(init.o)
 .text.message  0x000000000042c08c      0x12c init/lib.a(init.o)
 .text.parse_inittab
                0x000000000042c1b8      0x21c init/lib.a(init.o)
 .text.open_stdio_to_tty
                0x000000000042c3d4       0x98 init/lib.a(init.o)
 .text.init_exec
                0x000000000042c46c      0x15c init/lib.a(init.o)
 .text.run      0x000000000042c5c8      0x150 init/lib.a(init.o)
 .text.run_actions
                0x000000000042c718       0xcc init/lib.a(init.o)
 .text.check_delayed_sigs
                0x000000000042c7e4      0x158 init/lib.a(init.o)
 .text.init_main
                0x000000000042c93c      0x3d8 init/lib.a(init.o)
                0x000000000042c93c                init_main
 .text.stop_handler
                0x000000000042cd14       0xa8 init/lib.a(init.o)
 .text.run_shutdown_and_kill_processes
                0x000000000042cdbc       0x88 init/lib.a(init.o)
 .text.restart_handler
                0x000000000042ce44       0x8c init/lib.a(init.o)
 .text.halt_reboot_pwoff
                0x000000000042ced0       0x80 init/lib.a(init.o)
 .text.bb_ask_confirmation
                0x000000000042cf50       0xc4 libbb/lib.a(ask_confirmation.o)
                0x000000000042cf50                bb_ask_confirmation
 .text.index_in_substrings
                0x000000000042d014       0xc4 libbb/lib.a(compare_string_array.o)
                0x000000000042d014                index_in_substrings
 .text.index_in_strings
                0x000000000042d0d8       0x70 libbb/lib.a(compare_string_array.o)
                0x000000000042d0d8                index_in_strings
 .text.concat_subpath_file
                0x000000000042d148       0x44 libbb/lib.a(concat_subpath_file.o)
                0x000000000042d148                concat_subpath_file
 .text.ask_and_unlink
                0x000000000042d18c       0xc0 libbb/lib.a(copy_file.o)
 .text.copy_file
                0x000000000042d24c      0x67c libbb/lib.a(copy_file.o)
                0x000000000042d24c                copy_file
 .text.crc32_filltable
                0x000000000042d8c8       0xa0 libbb/lib.a(crc32.o)
                0x000000000042d8c8                crc32_filltable
 .text.create_icmp6_socket
                0x000000000042d968       0x78 libbb/lib.a(create_icmp6_socket.o)
                0x000000000042d968                create_icmp6_socket
 .text.create_icmp_socket
                0x000000000042d9e0       0x78 libbb/lib.a(create_icmp_socket.o)
                0x000000000042d9e0                create_icmp_socket
 .text.device_open
                0x000000000042da58       0xa4 libbb/lib.a(device_open.o)
                0x000000000042da58                device_open
 .text.fclose_if_not_stdin
                0x000000000042dafc       0x64 libbb/lib.a(fclose_nonstdin.o)
                0x000000000042dafc                fclose_if_not_stdin
 .text.fflush_stdout_and_exit
                0x000000000042db60       0x38 libbb/lib.a(fflush_stdout_and_exit.o)
                0x000000000042db60                fflush_stdout_and_exit
 .text.xmalloc_fgets_internal
                0x000000000042db98      0x170 libbb/lib.a(fgets_str.o)
 .text.xmalloc_fgets_str
                0x000000000042dd08       0x2c libbb/lib.a(fgets_str.o)
                0x000000000042dd08                xmalloc_fgets_str
 .text.find_mount_point
                0x000000000042dd34      0x170 libbb/lib.a(find_mount_point.o)
                0x000000000042dd34                find_mount_point
 .text.find_pid_by_name
                0x000000000042dea4      0x168 libbb/lib.a(find_pid_by_name.o)
                0x000000000042dea4                find_pid_by_name
 .text.bb_get_chunk_from_file
                0x000000000042e00c       0xfc libbb/lib.a(get_line_from_file.o)
                0x000000000042e00c                bb_get_chunk_from_file
 .text.xmalloc_fgetline
                0x000000000042e108       0x44 libbb/lib.a(get_line_from_file.o)
                0x000000000042e108                xmalloc_fgetline
 .text.getopt32
                0x000000000042e14c      0x6ec libbb/lib.a(getopt32.o)
                0x000000000042e14c                getopt32
 .text.bb_herror_msg
                0x000000000042e838       0x5c libbb/lib.a(herror_msg.o)
                0x000000000042e838                bb_herror_msg
 .text.smart_ulltoa5
                0x000000000042e894      0x2c4 libbb/lib.a(human_readable.o)
                0x000000000042e894                smart_ulltoa5
 .text.INET6_rresolve
                0x000000000042eb58       0xfc libbb/lib.a(inet_common.o)
                0x000000000042eb58                INET6_rresolve
 .text.INET6_resolve
                0x000000000042ec54       0xb4 libbb/lib.a(inet_common.o)
                0x000000000042ec54                INET6_resolve
 .text.INET_rresolve
                0x000000000042ed08      0x1a0 libbb/lib.a(inet_common.o)
                0x000000000042ed08                INET_rresolve
 .text.INET_resolve
                0x000000000042eea8       0xa0 libbb/lib.a(inet_common.o)
                0x000000000042eea8                INET_resolve
 .text.bb_info_msg
                0x000000000042ef48       0xc4 libbb/lib.a(info_msg.o)
                0x000000000042ef48                bb_info_msg
 .text.is_in_ino_dev_hashtable
                0x000000000042f00c       0xc4 libbb/lib.a(inode_hash.o)
                0x000000000042f00c                is_in_ino_dev_hashtable
 .text.add_to_ino_dev_hashtable
                0x000000000042f0d0       0xe4 libbb/lib.a(inode_hash.o)
                0x000000000042f0d0                add_to_ino_dev_hashtable
 .text.get_linux_version_code
                0x000000000042f1b4       0x94 libbb/lib.a(kernel_version.o)
                0x000000000042f1b4                get_linux_version_code
 .text.BB_isspace
                0x000000000042f248       0x2c libbb/lib.a(lineedit.o)
 .text.remove_chunk
                0x000000000042f274       0x30 libbb/lib.a(lineedit.o)
 .text.new_line_input_t
                0x000000000042f2a4       0x34 libbb/lib.a(lineedit.o)
                0x000000000042f2a4                new_line_input_t
 .text.build_match_prefix
                0x000000000042f2d8      0x420 libbb/lib.a(lineedit.o)
 .text.free_tab_completion_data
                0x000000000042f6f8       0x6c libbb/lib.a(lineedit.o)
 .text.deinit_S
                0x000000000042f764       0x10 libbb/lib.a(lineedit.o)
 .text.put_prompt
                0x000000000042f774       0x68 libbb/lib.a(lineedit.o)
 .text.parse_and_put_prompt
                0x000000000042f7dc       0x30 libbb/lib.a(lineedit.o)
 .text.load_string
                0x000000000042f80c       0x50 libbb/lib.a(lineedit.o)
 .text.is_special_char
                0x000000000042f85c       0x14 libbb/lib.a(lineedit.o)
 .text.quote_special_chars
                0x000000000042f870       0x90 libbb/lib.a(lineedit.o)
 .text.complete_cmd_dir_file
                0x000000000042f900      0x364 libbb/lib.a(lineedit.o)
 .text.beep     0x000000000042fc64        0xc libbb/lib.a(lineedit.o)
 .text.BB_ispunct
                0x000000000042fc70       0x38 libbb/lib.a(lineedit.o)
 .text.adjust_width_and_validate_wc
                0x000000000042fca8       0x60 libbb/lib.a(lineedit.o)
 .text.BB_PUTCHAR
                0x000000000042fd08       0x5c libbb/lib.a(lineedit.o)
 .text.put_cur_glyph_and_inc_cursor
                0x000000000042fd64       0xe4 libbb/lib.a(lineedit.o)
 .text.input_forward
                0x000000000042fe48       0x2c libbb/lib.a(lineedit.o)
 .text.put_till_end_and_adv_cursor
                0x000000000042fe74       0x48 libbb/lib.a(lineedit.o)
 .text.goto_new_line
                0x000000000042febc       0x3c libbb/lib.a(lineedit.o)
 .text.input_backward
                0x000000000042fef8      0x140 libbb/lib.a(lineedit.o)
 .text.redraw   0x0000000000430038       0x5c libbb/lib.a(lineedit.o)
 .text.input_delete
                0x0000000000430094       0x94 libbb/lib.a(lineedit.o)
 .text.input_backspace
                0x0000000000430128       0x3c libbb/lib.a(lineedit.o)
 .text.save_string
                0x0000000000430164      0x114 libbb/lib.a(lineedit.o)
 .text.input_tab
                0x0000000000430278      0x554 libbb/lib.a(lineedit.o)
 .text.save_command_ps_at_cur_history
                0x00000000004307cc       0x84 libbb/lib.a(lineedit.o)
 .text.get_previous_history
                0x0000000000430850       0x70 libbb/lib.a(lineedit.o)
 .text.get_next_history
                0x00000000004308c0       0x74 libbb/lib.a(lineedit.o)
 .text.win_changed
                0x0000000000430934       0xa8 libbb/lib.a(lineedit.o)
 .text.read_line_input
                0x00000000004309dc      0xa24 libbb/lib.a(lineedit.o)
                0x00000000004309dc                read_line_input
 .text.llist_pop
                0x0000000000431400       0x40 libbb/lib.a(llist.o)
                0x0000000000431400                llist_pop
 .text.llist_add_to_end
                0x0000000000431440       0x48 libbb/lib.a(llist.o)
                0x0000000000431440                llist_add_to_end
 .text.llist_add_to
                0x0000000000431488       0x40 libbb/lib.a(llist.o)
                0x0000000000431488                llist_add_to
 .text.sanitize_env_if_suid
                0x00000000004314c8       0x70 libbb/lib.a(login.o)
                0x00000000004314c8                sanitize_env_if_suid
 .text.bb_make_directory
                0x0000000000431538      0x214 libbb/lib.a(make_directory.o)
                0x0000000000431538                bb_make_directory
 .text.bb_makedev
                0x000000000043174c       0x34 libbb/lib.a(makedev.o)
                0x000000000043174c                bb_makedev
 .text.match_fstype
                0x0000000000431780       0xcc libbb/lib.a(match_fstype.o)
                0x0000000000431780                match_fstype
 .text.bb_mode_string
                0x000000000043184c       0xbc libbb/lib.a(mode_string.o)
                0x000000000043184c                bb_mode_string
 .text.config_read
                0x0000000000431908      0x364 libbb/lib.a(parse_config.o)
                0x0000000000431908                config_read
 .text.config_close
                0x0000000000431c6c       0x5c libbb/lib.a(parse_config.o)
                0x0000000000431c6c                config_close
 .text.config_open2
                0x0000000000431cc8       0x48 libbb/lib.a(parse_config.o)
                0x0000000000431cc8                config_open2
 .text.bb_parse_mode
                0x0000000000431d10      0x300 libbb/lib.a(parse_mode.o)
                0x0000000000431d10                bb_parse_mode
 .text.bb_perror_nomsg_and_die
                0x0000000000432010        0xc libbb/lib.a(perror_nomsg_and_die.o)
                0x0000000000432010                bb_perror_nomsg_and_die
 .text.fputc_printable
                0x000000000043201c       0xe4 libbb/lib.a(printable.o)
                0x000000000043201c                fputc_printable
 .text.printable_string
                0x0000000000432100       0xac libbb/lib.a(printable_string.o)
                0x0000000000432100                printable_string
 .text.bb_process_escape_sequence
                0x00000000004321ac       0xec libbb/lib.a(process_escape_sequence.o)
                0x00000000004321ac                bb_process_escape_sequence
 .text.fast_strtoul_16
                0x0000000000432298       0x4c libbb/lib.a(procps.o)
 .text.fast_strtoul_10
                0x00000000004322e4       0x40 libbb/lib.a(procps.o)
 .text.skip_fields
                0x0000000000432324       0x28 libbb/lib.a(procps.o)
 .text.read_cmdline
                0x000000000043234c      0x174 libbb/lib.a(procps.o)
                0x000000000043234c                read_cmdline
 .text.free_procps_scan
                0x00000000004324c0       0x5c libbb/lib.a(procps.o)
                0x00000000004324c0                free_procps_scan
 .text.clear_cache
                0x000000000043251c       0x34 libbb/lib.a(procps.o)
 .text.clear_username_cache
                0x0000000000432550       0x28 libbb/lib.a(procps.o)
                0x0000000000432550                clear_username_cache
 .text.read_to_buf