Archive member included because of file (symbol)

../libtransmission/libtransmission.a(bencode.o)
                              cli.o (tr_bencInitDict)
../libtransmission/libtransmission.a(ConvertUTF.o)
                              ../libtransmission/libtransmission.a(bencode.o) (ConvertUTF8toUTF32)
../libtransmission/libtransmission.a(fdlimit.o)
                              ../libtransmission/libtransmission.a(bencode.o) (tr_close_file)
../libtransmission/libtransmission.a(json.o)
                              ../libtransmission/libtransmission.a(bencode.o) (tr_jsonParse)
../libtransmission/libtransmission.a(JSON_parser.o)
                              ../libtransmission/libtransmission.a(json.o) (init_JSON_config)
../libtransmission/libtransmission.a(list.o)
                              ../libtransmission/libtransmission.a(bencode.o) (tr_list_pop_front)
../libtransmission/libtransmission.a(net.o)
                              ../libtransmission/libtransmission.a(fdlimit.o) (tr_address_from_sockaddr_storage)
../libtransmission/libtransmission.a(peer-io.o)
                              ../libtransmission/libtransmission.a(net.o) (tr_peerIoAddrStr)
../libtransmission/libtransmission.a(platform.o)
                              cli.o (tr_getDefaultConfigDir)
../libtransmission/libtransmission.a(ptrarray.o)
                              ../libtransmission/libtransmission.a(bencode.o) (tr_ptrArrayPop)
../libtransmission/libtransmission.a(session.o)
                              cli.o (tr_sessionClose)
../libtransmission/libtransmission.a(stats.o)
                              ../libtransmission/libtransmission.a(session.o) (tr_statsSaveDirty)
../libtransmission/libtransmission.a(torrent.o)
                              ../libtransmission/libtransmission.a(fdlimit.o) (tr_torrentId)
../libtransmission/libtransmission.a(torrent-ctor.o)
                              ../libtransmission/libtransmission.a(session.o) (tr_ctorSetSave)
../libtransmission/libtransmission.a(torrent-magnet.o)
                              ../libtransmission/libtransmission.a(torrent.o) (tr_torrentGetMetadataPercent)
../libtransmission/libtransmission.a(tr-dht.o)
                              ../libtransmission/libtransmission.a(session.o) (tr_dhtUninit)
../libtransmission/libtransmission.a(tr-lpd.o)
                              ../libtransmission/libtransmission.a(session.o) (tr_lpdUninit)
../libtransmission/libtransmission.a(tr-udp.o)
                              ../libtransmission/libtransmission.a(session.o) (tr_udpUninit)
../libtransmission/libtransmission.a(tr-utp.o)
                              ../libtransmission/libtransmission.a(session.o) (tr_utpClose)
../libtransmission/libtransmission.a(tr-getopt.o)
                              cli.o (tr_getopt_usage)
../libtransmission/libtransmission.a(trevent.o)
                              ../libtransmission/libtransmission.a(peer-io.o) (tr_runInEventThread)
../libtransmission/libtransmission.a(utils.o)
                              ../libtransmission/libtransmission.a(session.o) (tr_setMessageLevel)
../libtransmission/libtransmission.a(verify.o)
                              ../libtransmission/libtransmission.a(session.o) (tr_verifyClose)
../libtransmission/libtransmission.a(web.o)
                              ../libtransmission/libtransmission.a(torrent-magnet.o) (tr_http_escape)
../libtransmission/libtransmission.a(announcer.o)
                              ../libtransmission/libtransmission.a(torrent.o) (tr_announcerCanManualAnnounce)
../libtransmission/libtransmission.a(announcer-http.o)
                              ../libtransmission/libtransmission.a(announcer.o) (tr_tracker_http_scrape)
../libtransmission/libtransmission.a(announcer-udp.o)
                              ../libtransmission/libtransmission.a(session.o) (tr_tracker_udp_is_idle)
../libtransmission/libtransmission.a(bandwidth.o)
                              ../libtransmission/libtransmission.a(peer-io.o) (tr_bandwidthSetPeer)
../libtransmission/libtransmission.a(bitfield.o)
                              ../libtransmission/libtransmission.a(torrent.o) (tr_bitfieldCountRange)
../libtransmission/libtransmission.a(blocklist.o)
                              ../libtransmission/libtransmission.a(session.o) (_tr_blocklistGetFilename)
../libtransmission/libtransmission.a(cache.o)
                              ../libtransmission/libtransmission.a(session.o) (tr_cacheGetLimit)
../libtransmission/libtransmission.a(completion.o)
                              ../libtransmission/libtransmission.a(torrent.o) (tr_cpPercentComplete)
../libtransmission/libtransmission.a(crypto.o)
                              ../libtransmission/libtransmission.a(peer-io.o) (tr_cryptoGetTorrentHash)
../libtransmission/libtransmission.a(inout.o)
                              ../libtransmission/libtransmission.a(torrent.o) (tr_ioFindFileLocation)
../libtransmission/libtransmission.a(magnet.o)
[...]
Memory Configuration

Name             Origin             Length             Attributes
*default*        0x0000000000000000 0xffffffffffffffff

Linker script and memory map

LOAD /rsdk-4.4.7-5281-EB-2.6.30-0.9.33-m32utb-140606/bin/../lib/gcc/mips-linux-uclibc/4.4.7/../../../../mips-linux-uclibc/lib/crt1.o
LOAD /rsdk-4.4.7-5281-EB-2.6.30-0.9.33-m32utb-140606/bin/../lib/gcc/mips-linux-uclibc/4.4.7/../../../../mips-linux-uclibc/lib/crti.o
LOAD /rsdk-4.4.7-5281-EB-2.6.30-0.9.33-m32utb-140606/bin/../lib/gcc/mips-linux-uclibc/4.4.7/5281/crtbegin.o
LOAD cli.o
LOAD ../libtransmission/libtransmission.a
LOAD ../third-party/libnatpmp/libnatpmp.a
LOAD ../third-party/miniupnp/libminiupnp.a
LOAD ../third-party/dht/libdht.a
LOAD ../third-party/libutp/libutp.a
LOAD /rsdk-4.4.7-5281-EB-2.6.30-0.9.33-m32utb-140606/bin/../lib/gcc/mips-linux-uclibc/4.4.7/../../../../mips-linux-uclibc/lib/librt.so
LOAD /home/ql_xu/develop/trunk/uClinux-dist/lib/libevent/.libs/libevent.a
LOAD /home/ql_xu/develop/trunk/uClinux-dist/user/curl-7.36.0/lib/.libs/libcurl.a
LOAD /home/ql_xu/develop/trunk/uClinux-dist/lib/libssl/libssl.so
LOAD /home/ql_xu/develop/trunk/uClinux-dist/lib/libssl/libcrypto.so
LOAD /rsdk-4.4.7-5281-EB-2.6.30-0.9.33-m32utb-140606/bin/../lib/gcc/mips-linux-uclibc/4.4.7/../../../../mips-linux-uclibc/lib/libm.so
LOAD /home/ql_xu/develop/trunk/uClinux-dist/lib/zlib/libz.a
LOAD /rsdk-4.4.7-5281-EB-2.6.30-0.9.33-m32utb-140606/bin/../lib/gcc/mips-linux-uclibc/4.4.7/5281/libgcc.a
LOAD /rsdk-4.4.7-5281-EB-2.6.30-0.9.33-m32utb-140606/bin/../lib/gcc/mips-linux-uclibc/4.4.7/../../../../mips-linux-uclibc/lib/5281/libgcc_s.so
LOAD /rsdk-4.4.7-5281-EB-2.6.30-0.9.33-m32utb-140606/bin/../lib/gcc/mips-linux-uclibc/4.4.7/../../../../mips-linux-uclibc/lib/libpthread.so
START GROUP
LOAD /rsdk-4.4.7-5281-EB-2.6.30-0.9.33-m32utb-140606/bin/../lib/gcc/mips-linux-uclibc/4.4.7/../../../../mips-linux-uclibc/lib/libpthread.so.0
LOAD /rsdk-4.4.7-5281-EB-2.6.30-0.9.33-m32utb-140606/bin/../lib/gcc/mips-linux-uclibc/4.4.7/../../../../mips-linux-uclibc/lib/libpthread_nonshared.a
END GROUP
LOAD /rsdk-4.4.7-5281-EB-2.6.30-0.9.33-m32utb-140606/bin/../lib/gcc/mips-linux-uclibc/4.4.7/../../../../mips-linux-uclibc/lib/libc.so
START GROUP
LOAD /rsdk-4.4.7-5281-EB-2.6.30-0.9.33-m32utb-140606/bin/../lib/gcc/mips-linux-uclibc/4.4.7/../../../../mips-linux-uclibc/lib/libc.so.0
LOAD /rsdk-4.4.7-5281-EB-2.6.30-0.9.33-m32utb-140606/bin/../lib/gcc/mips-linux-uclibc/4.4.7/../../../../mips-linux-uclibc/lib/uclibc_nonshared.a
LOAD /rsdk-4.4.7-5281-EB-2.6.30-0.9.33-m32utb-140606/bin/../lib/gcc/mips-linux-uclibc/4.4.7/../../../../mips-linux-uclibc/lib/ld-uClibc.so.0
END GROUP
LOAD /rsdk-4.4.7-5281-EB-2.6.30-0.9.33-m32utb-140606/bin/../lib/gcc/mips-linux-uclibc/4.4.7/5281/libgcc.a
LOAD /rsdk-4.4.7-5281-EB-2.6.30-0.9.33-m32utb-140606/bin/../lib/gcc/mips-linux-uclibc/4.4.7/../../../../mips-linux-uclibc/lib/5281/libgcc_s.so
LOAD /rsdk-4.4.7-5281-EB-2.6.30-0.9.33-m32utb-140606/bin/../lib/gcc/mips-linux-uclibc/4.4.7/5281/crtend.o
LOAD /rsdk-4.4.7-5281-EB-2.6.30-0.9.33-m32utb-140606/bin/../lib/gcc/mips-linux-uclibc/4.4.7/../../../../mips-linux-uclibc/lib/crtn.o
                0x0000000000400000                PROVIDE (__executable_start, 0x400000)
                0x0000000000400154                . = (0x400000 + SIZEOF_HEADERS)

.interp         0x0000000000400154       0x14
 *(.interp)
 .interp        0x0000000000400154       0x14 /rsdk-4.4.7-5281-EB-2.6.30-0.9.33-m32utb-140606/bin/../lib/gcc/mips-linux-uclibc/4.4.7/../../../../mips-linux-uclibc/lib/crt1.o

.reginfo        0x0000000000400168       0x18
 *(.reginfo)
 .reginfo       0x0000000000400168       0x18 /rsdk-4.4.7-5281-EB-2.6.30-0.9.33-m32utb-140606/bin/../lib/gcc/mips-linux-uclibc/4.4.7/../../../../mips-linux-uclibc/lib/crt1.o

.note.gnu.build-id
 *(.note.gnu.build-id)

.dynamic        0x0000000000400180      0x140
 *(.dynamic)
 .dynamic       0x0000000000400180      0x140 /rsdk-4.4.7-5281-EB-2.6.30-0.9.33-m32utb-140606/bin/../lib/gcc/mips-linux-uclibc/4.4.7/../../../../mips-linux-uclibc/lib/crt1.o
                0x0000000000400180                _DYNAMIC

.hash           0x00000000004002c0      0x8ac
 *(.hash)
 .hash          0x00000000004002c0      0x8ac /rsdk-4.4.7-5281-EB-2.6.30-0.9.33-m32utb-140606/bin/../lib/gcc/mips-linux-uclibc/4.4.7/../../../../mips-linux-uclibc/lib/crt1.o

.gnu.hash
 *(.gnu.hash)

.dynsym         0x0000000000400b6c     0x1220
 *(.dynsym)
 .dynsym        0x0000000000400b6c     0x1220 /rsdk-4.4.7-5281-EB-2.6.30-0.9.33-m32utb-140606/bin/../lib/gcc/mips-linux-uclibc/4.4.7/../../../../mips-linux-uclibc/lib/crt1.o

.dynstr         0x0000000000401d8c      0xb50
 *(.dynstr)
 .dynstr        0x0000000000401d8c      0xb50 /rsdk-4.4.7-5281-EB-2.6.30-0.9.33-m32utb-140606/bin/../lib/gcc/mips-linux-uclibc/4.4.7/../../../../mips-linux-uclibc/lib/crt1.o

.gnu.version    0x00000000004028dc      0x244
 *(.gnu.version)
 .gnu.version   0x00000000004028dc      0x244 /rsdk-4.4.7-5281-EB-2.6.30-0.9.33-m32utb-140606/bin/../lib/gcc/mips-linux-uclibc/4.4.7/../../../../mips-linux-uclibc/lib/crt1.o

.gnu.version_d  0x0000000000402b20        0x0
 *(.gnu.version_d)
 .gnu.version_d
                0x0000000000000000        0x0 /rsdk-4.4.7-5281-EB-2.6.30-0.9.33-m32utb-140606/bin/../lib/gcc/mips-linux-uclibc/4.4.7/../../../../mips-linux-uclibc/lib/crt1.o

.gnu.version_r  0x0000000000402b20       0x20
 *(.gnu.version_r)
 .gnu.version_r
                0x0000000000402b20       0x20 /rsdk-4.4.7-5281-EB-2.6.30-0.9.33-m32utb-140606/bin/../lib/gcc/mips-linux-uclibc/4.4.7/../../../../mips-linux-uclibc/lib/crt1.o

.rel.dyn        0x0000000000402b40       0x40
 *(.rel.init)
 *(.rel.text .rel.text.* .rel.gnu.linkonce.t.*)
 *(.rel.fini)
 *(.rel.rodata .rel.rodata.* .rel.gnu.linkonce.r.*)
 *(.rel.data.rel.ro .rel.data.rel.ro.* .rel.gnu.linkonce.d.rel.ro.*)
 *(.rel.data .rel.data.* .rel.gnu.linkonce.d.*)
 *(.rel.tdata .rel.tdata.* .rel.gnu.linkonce.td.*)
 *(.rel.tbss .rel.tbss.* .rel.gnu.linkonce.tb.*)
 *(.rel.ctors)
 *(.rel.dtors)
 *(.rel.got)
 *(.rel.dyn)
 .rel.dyn       0x0000000000402b40       0x40 /rsdk-4.4.7-5281-EB-2.6.30-0.9.33-m32utb-140606/bin/../lib/gcc/mips-linux-uclibc/4.4.7/../../../../mips-linux-uclibc/lib/crt1.o
 *(.rel.sdata .rel.sdata.* .rel.gnu.linkonce.s.*)
 *(.rel.sbss .rel.sbss.* .rel.gnu.linkonce.sb.*)
 *(.rel.sdata2 .rel.sdata2.* .rel.gnu.linkonce.s2.*)
 *(.rel.sbss2 .rel.sbss2.* .rel.gnu.linkonce.sb2.*)
 *(.rel.bss .rel.bss.* .rel.gnu.linkonce.b.*)
 .rel.bss       0x0000000000000000        0x0 /rsdk-4.4.7-5281-EB-2.6.30-0.9.33-m32utb-140606/bin/../lib/gcc/mips-linux-uclibc/4.4.7/../../../../mips-linux-uclibc/lib/crt1.o
                0x0000000000402b80                PROVIDE (__rel_iplt_start, .)
 *(.rel.iplt)
                0x0000000000402b80                PROVIDE (__rel_iplt_end, .)
                0x0000000000402b80                PROVIDE (__rela_iplt_start, .)
                0x0000000000402b80                PROVIDE (__rela_iplt_end, .)

.rela.dyn       0x0000000000402b80        0x0
 *(.rela.init)
 *(.rela.text .rela.text.* .rela.gnu.linkonce.t.*)
 *(.rela.fini)
 *(.rela.rodata .rela.rodata.* .rela.gnu.linkonce.r.*)
 *(.rela.data .rela.data.* .rela.gnu.linkonce.d.*)
 *(.rela.tdata .rela.tdata.* .rela.gnu.linkonce.td.*)
 *(.rela.tbss .rela.tbss.* .rela.gnu.linkonce.tb.*)
 *(.rela.ctors)
 *(.rela.dtors)
 *(.rela.got)
 *(.rela.sdata .rela.sdata.* .rela.gnu.linkonce.s.*)
 *(.rela.sbss .rela.sbss.* .rela.gnu.linkonce.sb.*)
 *(.rela.sdata2 .rela.sdata2.* .rela.gnu.linkonce.s2.*)
 *(.rela.sbss2 .rela.sbss2.* .rela.gnu.linkonce.sb2.*)
 *(.rela.bss .rela.bss.* .rela.gnu.linkonce.b.*)
                0x0000000000402b80                PROVIDE (__rel_iplt_start, .)
                0x0000000000402b80                PROVIDE (__rel_iplt_end, .)
                0x0000000000402b80                PROVIDE (__rela_iplt_start, .)
 *(.rela.iplt)
                0x0000000000402b80                PROVIDE (__rela_iplt_end, .)

.rel.plt        0x0000000000402b80      0x6e8
 *(.rel.plt)
 .rel.plt       0x0000000000402b80      0x6e8 /rsdk-4.4.7-5281-EB-2.6.30-0.9.33-m32utb-140606/bin/../lib/gcc/mips-linux-uclibc/4.4.7/../../../../mips-linux-uclibc/lib/crt1.o

.rela.plt
 *(.rela.plt)

.init           0x0000000000403268       0x48
 *(SORT(.init))
 .init          0x0000000000403268       0x1c /rsdk-4.4.7-5281-EB-2.6.30-0.9.33-m32utb-140606/bin/../lib/gcc/mips-linux-uclibc/4.4.7/../../../../mips-linux-uclibc/lib/crti.o
                0x0000000000403268                _init
 .init          0x0000000000403284       0x10 /rsdk-4.4.7-5281-EB-2.6.30-0.9.33-m32utb-140606/bin/../lib/gcc/mips-linux-uclibc/4.4.7/5281/crtbegin.o
 .init          0x0000000000403294       0x10 /rsdk-4.4.7-5281-EB-2.6.30-0.9.33-m32utb-140606/bin/../lib/gcc/mips-linux-uclibc/4.4.7/5281/crtend.o
 .init          0x00000000004032a4        0xc /rsdk-4.4.7-5281-EB-2.6.30-0.9.33-m32utb-140606/bin/../lib/gcc/mips-linux-uclibc/4.4.7/../../../../mips-linux-uclibc/lib/crtn.o

.plt            0x00000000004032c0      0xdf4
 *(.plt)
 *fill*         0x00000000004032c0        0x0 
 .plt           0x00000000004032c0      0xdf4 /rsdk-4.4.7-5281-EB-2.6.30-0.9.33-m32utb-140606/bin/../lib/gcc/mips-linux-uclibc/4.4.7/../../../../mips-linux-uclibc/lib/crt1.o
                0x00000000004032c0                _PROCEDURE_LINKAGE_TABLE_
                0x00000000004032e0                pthread_detach
                0x00000000004032f0                printf
                0x0000000000403300                exit
                0x0000000000403310                alarm
                0x0000000000403320                inet_addr
                0x0000000000403330                realloc
                0x0000000000403340                BN_rand
                0x0000000000403350                memmove
                0x0000000000403360                munmap
                0x0000000000403370                rmdir
                0x0000000000403380                localeconv
                0x0000000000403390                pthread_mutex_lock
                0x00000000004033a0                __sigsetjmp
                0x00000000004033b0                setlocale
                0x00000000004033c0                pwrite64
                0x00000000004033d0                pthread_mutexattr_settype
                0x00000000004033e0                strcspn
                0x00000000004033f0                strstr
                0x0000000000403400                clock_gettime
                0x0000000000403410                fread
                0x0000000000403420                atof
                0x0000000000403430                fcntl64
                0x0000000000403440                strtoull
                0x0000000000403450                fgets
                0x0000000000403460                fopen64
                0x0000000000403470                close
                0x0000000000403480                sigfillset
                0x0000000000403490                pthread_self
                0x00000000004034a0                epoll_wait
                0x00000000004034b0                strchr
                0x00000000004034c0                siglongjmp
                0x00000000004034d0                umask
                0x00000000004034e0                calloc
                0x00000000004034f0                strncmp
                0x0000000000403500                freeaddrinfo
                0x0000000000403510                fputc
                0x0000000000403520                strrchr
                0x0000000000403530                valloc
                0x0000000000403540                pthread_equal
                0x0000000000403550                strerror
                0x0000000000403560                __register_frame_info@@GLIBC_2.0
                0x0000000000403570                free
                0x0000000000403580                BN_new
                0x0000000000403590                dirname
                0x00000000004035a0                BIO_push
                0x00000000004035b0                fputs
                0x00000000004035c0                abort
                0x00000000004035d0                getegid
                0x00000000004035e0                unlink
                0x00000000004035f0                strtoll
                0x0000000000403600                BN_num_bits
                0x0000000000403610                BIO_read
                0x0000000000403620                mmap
                0x0000000000403630                fflush
                0x0000000000403640                dup2
                0x0000000000403650                strpbrk
                0x0000000000403660                _exit
                0x0000000000403670                fprintf
                0x0000000000403680                waitpid
                0x0000000000403690                BIO_f_base64
                0x00000000004036a0                RC4
                0x00000000004036b0                BN_bin2bn
                0x00000000004036c0                fstat64
                0x00000000004036d0                memcpy
                0x00000000004036e0                getnameinfo
                0x00000000004036f0                getsockname
                0x0000000000403700                srand
                0x0000000000403710                __deregister_frame_info@@GLIBC_2.0
                0x0000000000403720                stat64
                0x0000000000403730                accept
                0x0000000000403740                fork
                0x0000000000403750                rand
                0x0000000000403760                recv
                0x0000000000403770                pthread_mutex_unlock
                0x0000000000403780                tolower
                0x0000000000403790                mkdtemp
                0x00000000004037a0                qsort
                0x00000000004037b0                open64
                0x00000000004037c0                writev
                0x00000000004037d0                fstat
                0x00000000004037e0                pthread_mutex_destroy
                0x00000000004037f0                readv
                0x0000000000403800                ftruncate64
                0x0000000000403810                getrlimit64
                0x0000000000403820                closedir
                0x0000000000403830                fileno
                0x0000000000403840                putchar
                0x0000000000403850                strsep
                0x0000000000403860                memset
                0x0000000000403870                sigaction
                0x0000000000403880                listen
                0x0000000000403890                getenv
                0x00000000004038a0                execvp
                0x00000000004038b0                ERR_error_string_n
                0x00000000004038c0                strtok_r
                0x00000000004038d0                __xpg_basename
                0x00000000004038e0                DH_new
                0x00000000004038f0                freeifaddrs
                0x0000000000403900                BN_free
                0x0000000000403910                __fputc_unlocked
                0x0000000000403920                perror
                0x0000000000403930                epoll_ctl
                0x0000000000403940                epoll_create
                0x0000000000403950                strncasecmp
                0x0000000000403960                strcpy
                0x0000000000403970                random
                0x0000000000403980                read
                0x0000000000403990                shutdown
                0x00000000004039a0                BIO_new_mem_buf
                0x00000000004039b0                DH_free
                0x00000000004039c0                setsockopt
                0x00000000004039d0                sendto
                0x00000000004039e0                difftime
                0x00000000004039f0                mkstemp64
                0x0000000000403a00                geteuid
                0x0000000000403a10                endpwent
                0x0000000000403a20                if_nametoindex
                0x0000000000403a30                iconv_close
                0x0000000000403a40                posix_fallocate64
                0x0000000000403a50                atoi
                0x0000000000403a60                SHA1_Update
                0x0000000000403a70                BIO_new
                0x0000000000403a80                BIO_ctrl
                0x0000000000403a90                lseek64
                0x0000000000403aa0                strftime
                0x0000000000403ab0                gmtime
                0x0000000000403ac0                opendir
                0x0000000000403ad0                iconv_open
                0x0000000000403ae0                RAND_pseudo_bytes
                0x0000000000403af0                realpath
                0x0000000000403b00                fwrite
                0x0000000000403b10                RC4_set_key
                0x0000000000403b20                strspn
                0x0000000000403b30                puts
                0x0000000000403b40                vsnprintf
                0x0000000000403b50                strlcpy
                0x0000000000403b60                statvfs64
                0x0000000000403b70                DH_compute_key
                0x0000000000403b80                DH_generate_key
                0x0000000000403b90                mkdir
                0x0000000000403ba0                BN_bn2bin
                0x0000000000403bb0                snprintf
                0x0000000000403bc0                mmap64
                0x0000000000403bd0                fcntl
                0x0000000000403be0                getpid
                0x0000000000403bf0                socketpair
                0x0000000000403c00                bsearch
                0x0000000000403c10                memchr
                0x0000000000403c20                write
                0x0000000000403c30                strcasecmp
                0x0000000000403c40                vfprintf
                0x0000000000403c50                SHA1_Init
                0x0000000000403c60                socket
                0x0000000000403c70                pipe
                0x0000000000403c80                pthread_create
                0x0000000000403c90                gettimeofday
                0x0000000000403ca0                pread64
                0x0000000000403cb0                __xpg_strerror_r
                0x0000000000403cc0                time
                0x0000000000403cd0                fseek
                0x0000000000403ce0                sysctl
                0x0000000000403cf0                remove
                0x0000000000403d00                strncpy
                0x0000000000403d10                memcmp
                0x0000000000403d20                getifaddrs
                0x0000000000403d30                fclose
                0x0000000000403d40                strdup
                0x0000000000403d50                ctime
                0x0000000000403d60                getprotobynumber
                0x0000000000403d70                inet_ntop
                0x0000000000403d80                ioctl
                0x0000000000403d90                getaddrinfo
                0x0000000000403da0                pthread_mutex_init
                0x0000000000403db0                gai_strerror
                0x0000000000403dc0                recvfrom
                0x0000000000403dd0                pthread_mutexattr_init
                0x0000000000403de0                ERR_get_error
                0x0000000000403df0                getpagesize
                0x0000000000403e00                BIO_free_all
                0x0000000000403e10                lseek
                0x0000000000403e20                fsync
                0x0000000000403e30                posix_fadvise64
                0x0000000000403e40                strtoul
                0x0000000000403e50                open
                0x0000000000403e60                __cxa_atexit
                0x0000000000403e70                getpwuid
                0x0000000000403e80                sprintf
                0x0000000000403e90                posix_memalign
                0x0000000000403ea0                signal
                0x0000000000403eb0                sendfile
                0x0000000000403ec0                getuid
                0x0000000000403ed0                iconv
                0x0000000000403ee0                connect
                0x0000000000403ef0                select
                0x0000000000403f00                poll
                0x0000000000403f10                sscanf
                0x0000000000403f20                bind
                0x0000000000403f30                strlen
                0x0000000000403f40                strtod
                0x0000000000403f50                strtol
                0x0000000000403f60                eventfd
                0x0000000000403f70                gethostname
                0x0000000000403f80                readdir64
                0x0000000000403f90                setrlimit64
                0x0000000000403fa0                BIO_write
                0x0000000000403fb0                nanosleep
                0x0000000000403fc0                rename
                0x0000000000403fd0                inet_pton
                0x0000000000403fe0                getsockopt
                0x0000000000403ff0                localtime_r
                0x0000000000404000                memmem
                0x0000000000404010                BIO_s_mem
                0x0000000000404020                getpeername
                0x0000000000404030                gmtime_r
                0x0000000000404040                putenv
                0x0000000000404050                SHA1_Final
                0x0000000000404060                __errno_location
                0x0000000000404070                getgid
                0x0000000000404080                malloc
                0x0000000000404090                send
                0x00000000004040a0                strcmp

.iplt
 *(.iplt)

.text           0x00000000004040c0    0xd6c50
                0x00000000004040c0                _ftext = .
 *(.text.unlikely .text.*_unlikely)
 *(.text.exit .text.exit.*)
 *(.text.startup .text.startup.*)
 *(.text.hot .text.hot.*)
 .text          0x00000000004040c0       0x80 linker stubs
                0x00000000004040c0                .pic.inflate
                0x00000000004040d0                .pic.zError
                0x00000000004040e0                .pic.deflateReset
                0x00000000004040f0                .pic.deflate
                0x0000000000404100                .pic.deflateInit2_
                0x0000000000404110                .pic.inflateEnd
                0x0000000000404120                .pic.deflateEnd
                0x0000000000404130                .pic.inflateInit2_
 .text.hot      0x0000000000404140       0xe0 ../libtransmission/libtransmission.a(utils.o)
                0x0000000000404140                tr_lowerBound
 *(.text .stub .text.* .gnu.linkonce.t.*)
 .text          0x0000000000404220       0x60 /rsdk-4.4.7-5281-EB-2.6.30-0.9.33-m32utb-140606/bin/../lib/gcc/mips-linux-uclibc/4.4.7/../../../../mips-linux-uclibc/lib/crt1.o
                0x0000000000404220                __start
 .text          0x0000000000404280        0x0 /rsdk-4.4.7-5281-EB-2.6.30-0.9.33-m32utb-140606/bin/../lib/gcc/mips-linux-uclibc/4.4.7/../../../../mips-linux-uclibc/lib/crti.o
 .text          0x0000000000404280      0x110 /rsdk-4.4.7-5281-EB-2.6.30-0.9.33-m32utb-140606/bin/../lib/gcc/mips-linux-uclibc/4.4.7/5281/crtbegin.o
 .text          0x0000000000404390      0xf40 cli.o
                0x0000000000404544                main
 .text          0x00000000004052d0     0x3470 ../libtransmission/libtransmission.a(bencode.o)
                0x0000000000405320                tr_bencListSize
                0x000000000040534c                tr_bencListChild
                0x0000000000405384                tr_bencGetStr
                0x00000000004053d4                tr_bencGetRaw
                0x000000000040543c                tr_bencDictChild
                0x000000000040590c                tr_bencInitInt
                0x0000000000405954                tr_bencInitReal
                0x000000000040599c                tr_bencInitBool
                0x0000000000406104                tr_bencDictReserve
                0x0000000000406110                tr_bencInitDict
                0x000000000040614c                tr_bencListReserve
                0x0000000000406154                tr_bencListAdd
                0x00000000004061ec                tr_bencListAddDict
                0x0000000000406224                tr_bencListAddBool
                0x0000000000406258                tr_bencListAddReal
                0x00000000004062a0                tr_bencListAddInt
                0x00000000004062d8                tr_bencInitList
                0x0000000000406314                tr_bencListAddList
                0x0000000000406960                tr_bencToBuf
                0x0000000000406a3c                tr_bencToFile
                0x0000000000406d38                tr_bencToStr
                0x0000000000406d84                tr_bencFree
                0x0000000000406de0                tr_bencGetBool
                0x0000000000406fe4                tr_bencDictRemove
                0x0000000000407124                tr_bencDictFind
                0x0000000000407170                tr_bencDictFindRaw
                0x00000000004071f0                tr_bencDictFindDict
                0x0000000000407224                tr_bencDictFindList
                0x0000000000407258                tr_bencDictFindStr
                0x00000000004072c8                tr_bencDictFindBool
                0x00000000004072f0                tr_bencInitRaw
                0x00000000004073a8                tr_bencListAddRaw
                0x00000000004073e0                tr_bencInitStr
                0x000000000040743c                tr_bencDictAdd
                0x00000000004074d4                tr_bencDictAddDict
                0x0000000000407510                tr_bencDictAddList
                0x00000000004075bc                tr_bencDictAddReal
                0x0000000000407608                tr_bencDictAddBool
                0x0000000000407644                tr_bencDictAddInt
                0x0000000000407690                tr_bencDictAddStr
                0x000000000040775c                tr_bencListAddStr
                0x0000000000407790                tr_bencDictAddRaw
                0x000000000040786c                tr_bencGetReal
                0x0000000000407a2c                tr_bencDictFindReal
                0x0000000000407a54                tr_bencGetInt
                0x0000000000407b10                tr_bencMergeDicts
                0x0000000000408080                tr_bencDictFindInt
                0x00000000004080a8                tr_bencListRemove
                0x0000000000408130                tr_bencParseStr
                0x0000000000408218                tr_bencParseInt
                0x0000000000408300                tr_bencParse
                0x0000000000408624                tr_bencLoad
                0x0000000000408668                tr_bencLoadFile
 .text          0x0000000000408740      0xf80 ../libtransmission/libtransmission.a(ConvertUTF.o)
                0x0000000000408740                ConvertUTF32toUTF16
                0x0000000000408830                ConvertUTF16toUTF32
                0x0000000000408920                ConvertUTF16toUTF8
                0x0000000000408ccc                isLegalUTF8Sequence
                0x0000000000408d6c                ConvertUTF8toUTF16
                0x00000000004090bc                ConvertUTF32toUTF8
                0x00000000004092a0                ConvertUTF8toUTF32
                0x00000000004095a0                tr_utf8_validate
 .text          0x00000000004096c0     0x1000 ../libtransmission/libtransmission.a(fdlimit.o)
                0x00000000004096c0                tr_fdSocketClose
                0x0000000000409834                tr_fdSocketAccept
                0x0000000000409900                tr_fdFileGetCached
                0x00000000004099dc                tr_fdSocketCreate
                0x0000000000409cec                tr_fdFileGetCachedMTime
                0x0000000000409dc0                tr_close_file
                0x0000000000409e24                tr_fdTorrentClose
                0x0000000000409ed8                tr_fdClose
                0x0000000000409f7c                tr_set_file_for_single_pass
                0x0000000000409fdc                tr_fdFileCheckout
                0x000000000040a52c                tr_open_file_for_scanning
                0x000000000040a55c                tr_open_file_for_writing
                0x000000000040a58c                tr_prefetch
                0x000000000040a5b8                tr_pwrite
                0x000000000040a5c0                tr_pread
                0x000000000040a5c8                tr_fsync
                0x000000000040a5d0                tr_fdFileClose
 .text          0x000000000040a6c0      0x470 ../libtransmission/libtransmission.a(json.o)
                0x000000000040a6c0                tr_jsonParse
 .text          0x000000000040ab30     0x1000 ../libtransmission/libtransmission.a(JSON_parser.o)
                0x000000000040ab30                JSON_parser_done
                0x000000000040ab78                JSON_parser_is_legal_white_space_string
                0x000000000040abf4                init_JSON_config
                0x000000000040ae70                JSON_parser_char
                0x000000000040b998                new_JSON_parser
                0x000000000040bac4                delete_JSON_parser
 .text          0x000000000040bb30      0x410 ../libtransmission/libtransmission.a(list.o)
                0x000000000040bb30                tr_list_free
                0x000000000040bc20                tr_list_pop_front
                0x000000000040bc6c                tr_list_remove_data
                0x000000000040bca4                tr_list_find
                0x000000000040bd0c                tr_list_remove
                0x000000000040bd40                tr_list_size
                0x000000000040bdb4                tr_list_append
                0x000000000040be14                tr_list_prepend
                0x000000000040be5c                tr_list_insert_sorted
 .text          0x000000000040bf40      0xe20 ../libtransmission/libtransmission.a(net.o)
                0x000000000040bf40                tr_netInit
                0x000000000040bf5c                tr_address_from_sockaddr_storage
                0x000000000040bfcc                tr_address_is_valid_for_peers
                0x000000000040c0fc                tr_address_compare
                0x000000000040c1d4                tr_address_from_string
                0x000000000040c28c                tr_netCloseSocket
                0x000000000040c294                tr_netClose
                0x000000000040c29c                tr_netAccept
                0x000000000040c2f8                tr_netSetTOS
                0x000000000040c328                tr_netOpenPeerUTPSocket
                0x000000000040c37c                tr_netSetCongestionControl
                0x000000000040c3c4                tr_address_to_string_with_buf
                0x000000000040c3fc                tr_address_to_string
                0x000000000040c6d4                tr_net_hasIPv6
                0x000000000040c794                tr_netBindTCP
                0x000000000040c7b8                tr_netOpenPeerSocket
                0x000000000040caf0                tr_net_strerror
                0x000000000040cb34                tr_globalIPv6
 .text          0x000000000040cd60     0x2970 ../libtransmission/libtransmission.a(peer-io.o)
                0x000000000040cd80                tr_peerIoGetAddress
                0x000000000040cd98                tr_peerIoSetIOFuncs
                0x000000000040cdb0                tr_peerIoSetEncryption
                0x000000000040d018                tr_peerIoReadBytes
                0x000000000040d0b8                tr_peerIoDrain
                0x000000000040d138                tr_peerIoReadUint32
                0x000000000040d16c                tr_peerIoReadUint16
                0x000000000040d1a0                tr_peerIoReadBytesToBuf
                0x000000000040d2d4                evbuffer_add_uint64
                0x000000000040d318                evbuffer_add_uint32
                0x000000000040d33c                evbuffer_add_uint16
                0x000000000040d360                evbuffer_add_uint8
                0x000000000040d384                tr_peerIoWriteBytes
                0x000000000040d4ac                tr_peerIoWriteBuf
                0x000000000040d628                tr_peerIoGetWriteBufferSpace
                0x000000000040d694                tr_peerIoSetPeersId
                0x000000000040d700                tr_peerIoHasTorrentHash
                0x000000000040d70c                tr_peerIoGetTorrentHash
                0x000000000040d718                tr_peerIoSetTorrentHash
                0x000000000040d90c                tr_peerIoAddrStr
                0x000000000040d95c                tr_peerIoGetAddrStr
                0x000000000040df08                tr_peerIoReconnect
                0x000000000040dffc                tr_peerIoSetEnabled
                0x000000000040e028                tr_peerIoClear
                0x000000000040e298                tr_peerIoRefImpl
                0x000000000040e7c8                tr_peerIoUnrefImpl
                0x000000000040ed74                tr_peerIoFlush
                0x000000000040ee1c                tr_peerIoFlushOutgoingProtocolMsgs
                0x000000000040f580                tr_peerIoNewOutgoing
                0x000000000040f690                tr_peerIoNewIncoming
 .text          0x000000000040f6d0      0xbc0 ../libtransmission/libtransmission.a(platform.o)
                0x000000000040f6d0                tr_sessionGetConfigDir
                0x000000000040f6dc                tr_getTorrentDir
                0x000000000040f6e8                tr_getResumeDir
                0x000000000040f6f4                tr_getFreeSpace
                0x000000000040f824                tr_getDefaultConfigDir
                0x000000000040f950                tr_getWebClientDir
                0x000000000040fc28                tr_getDefaultDownloadDir
                0x000000000040ff6c                tr_setConfigDir
                0x00000000004100c4                tr_lockUnlock
                0x00000000004100e0                tr_lockHave
                0x0000000000410128                tr_amInThread
                0x0000000000410158                tr_lockLock
                0x0000000000410198                tr_lockFree
                0x00000000004101c4                tr_lockNew
                0x000000000041021c                tr_threadNew
 .text          0x0000000000410290      0x470 ../libtransmission/libtransmission.a(ptrarray.o)
                0x0000000000410290                tr_ptrArrayForeach
                0x00000000004102fc                tr_ptrArrayPeek
                0x0000000000410310                tr_ptrArrayPop
                0x000000000041033c                tr_ptrArrayLowerBound
                0x0000000000410430                tr_ptrArrayFindSorted
                0x0000000000410488                tr_ptrArrayErase
                0x0000000000410504                tr_ptrArrayRemoveSorted
                0x0000000000410570                tr_ptrArrayInsert
                0x0000000000410674                tr_ptrArrayInsertSorted
                0x00000000004106b4                tr_ptrArrayDestruct
 .text          0x0000000000410700     0x4960 ../libtransmission/libtransmission.a(session.o)
                0x0000000000410700                tr_sessionGetEncryption
                0x000000000041070c                tr_sessionSetEncryption
                0x0000000000410714                tr_sessionGetDownloadDir
                0x0000000000410720                tr_sessionSetIncompleteFileNamingEnabled
                0x0000000000410728                tr_sessionIsIncompleteFileNamingEnabled
                0x0000000000410734                tr_sessionGetIncompleteDir
                0x0000000000410740                tr_sessionSetIncompleteDirEnabled
                0x0000000000410748                tr_sessionIsIncompleteDirEnabled
                0x0000000000410754                tr_sessionGetPeerPort
                0x0000000000410780                tr_sessionSetPeerPortRandomOnStart
                0x0000000000410788                tr_sessionGetPeerPortRandomOnStart
                0x0000000000410794                tr_sessionSetRatioLimited
                0x000000000041079c                tr_sessionSetRatioLimit
                0x00000000004107cc                tr_sessionIsRatioLimited
                0x00000000004107d8                tr_sessionGetRatioLimit
                0x0000000000410800                tr_sessionSetIdleLimited
                0x0000000000410808                tr_sessionSetIdleLimit
                0x0000000000410810                tr_sessionIsIdleLimited
                0x000000000041081c                tr_sessionGetIdleLimit
                0x0000000000410828                tr_sessionGetActiveSpeedLimit_Bps
                0x0000000000410898                tr_sessionGetActiveSpeedLimit_KBps
                0x0000000000410a6c                tr_sessionSetSpeedLimit_Bps
                0x0000000000410a84                tr_sessionSetSpeedLimit_KBps
                0x0000000000410aac                tr_sessionGetSpeedLimit_Bps
                0x0000000000410ac4                tr_sessionGetSpeedLimit_KBps
                0x0000000000410b34                tr_sessionLimitSpeed
                0x0000000000410b44                tr_sessionIsSpeedLimited
                0x0000000000410b54                tr_sessionSetAltSpeed_Bps
                0x0000000000410b6c                tr_sessionSetAltSpeed_KBps
                0x0000000000410b94                tr_sessionGetAltSpeed_Bps
                0x0000000000410bac                tr_sessionGetAltSpeed_KBps
                0x0000000000410c1c                tr_sessionUsesAltSpeedTime
                0x0000000000410c28                tr_sessionGetAltSpeedBegin
                0x0000000000410c34                tr_sessionGetAltSpeedEnd
                0x0000000000410c40                tr_sessionGetAltSpeedDay
                0x0000000000410c4c                tr_sessionUsesAltSpeed
                0x0000000000410c58                tr_sessionSetAltSpeedFunc
                0x0000000000410c64                tr_sessionClearAltSpeedFunc
                0x0000000000410c70                tr_sessionSetPeerLimit
                0x0000000000410c78                tr_sessionGetPeerLimit
                0x0000000000410c84                tr_sessionSetPeerLimitPerTorrent
                0x0000000000410c8c                tr_sessionGetPeerLimitPerTorrent
                0x0000000000410c98                tr_sessionSetPaused
                0x0000000000410ca0                tr_sessionGetPaused
                0x0000000000410cac                tr_sessionSetDeleteSource
                0x0000000000410cb4                tr_sessionGetDeleteSource
                0x0000000000410cc0                tr_sessionCountTorrents
                0x0000000000410d7c                tr_sessionSetPexEnabled
                0x0000000000410d84                tr_sessionIsPexEnabled
                0x0000000000410d90                tr_sessionAllowsDHT
                0x0000000000410d9c                tr_sessionIsDHTEnabled
                0x0000000000410da8                tr_sessionIsUTPEnabled
                0x0000000000410db4                tr_sessionIsLPDEnabled
                0x0000000000410dc0                tr_sessionAllowsLPD
                0x0000000000410dcc                tr_blocklistIsEnabled
                0x0000000000410dd8                tr_blocklistExists
                0x0000000000410de4                tr_blocklistGetURL
                0x0000000000410df0                tr_sessionSetRPCCallback
                0x0000000000410dfc                tr_sessionIsTorrentDoneScriptEnabled
                0x0000000000410e08                tr_sessionSetTorrentDoneScriptEnabled
                0x0000000000410e10                tr_sessionGetTorrentDoneScript
                0x0000000000410e1c                tr_sessionSetQueueSize
                0x0000000000410e30                tr_sessionGetQueueSize
                0x0000000000410e48                tr_sessionSetQueueEnabled
                0x0000000000410e54                tr_sessionGetQueueEnabled
                0x0000000000410e64                tr_sessionSetQueueStalledMinutes
                0x0000000000410e6c                tr_sessionSetQueueStalledEnabled
                0x0000000000410e74                tr_sessionGetQueueStalledEnabled
                0x0000000000410e80                tr_sessionGetQueueStalledMinutes
                0x0000000000410e8c                tr_sessionCountQueueFreeSlots
                0x0000000000410f9c                tr_sessionGetNextQueuedTorrent
                0x000000000041103c                tr_sessionSetTorrentDoneScript
                0x0000000000411080                tr_blocklistSetURL
                0x00000000004110c4                tr_sessionSetIncompleteDir
                0x0000000000411108                tr_sessionSetDownloadDir
                0x000000000041114c                tr_sessionGetRPCBindAddress
                0x0000000000411158                tr_sessionIsRPCPasswordEnabled
                0x0000000000411164                tr_sessionSetRPCPasswordEnabled
                0x0000000000411174                tr_sessionGetRPCUsername
                0x0000000000411180                tr_sessionSetRPCUsername
                0x000000000041118c                tr_sessionGetRPCPassword
                0x0000000000411198                tr_sessionSetRPCPassword
                0x00000000004111a4                tr_sessionGetRPCWhitelistEnabled
                0x00000000004111b0                tr_sessionSetRPCWhitelistEnabled
                0x00000000004111c0                tr_sessionGetRPCWhitelist
                0x00000000004111cc                tr_sessionSetRPCWhitelist
                0x00000000004111d8                tr_sessionGetRPCUrl
                0x00000000004111e4                tr_sessionSetRPCUrl
                0x00000000004111f0                tr_sessionGetRPCPort
                0x00000000004111fc                tr_sessionSetRPCPort
                0x000000000041120c                tr_sessionIsRPCEnabled
                0x0000000000411218                tr_sessionSetRPCEnabled
                0x0000000000411228                tr_sessionSetTorrentFile
                0x0000000000411400                tr_sessionFindTorrentFile
                0x000000000041146c                tr_sessionIsAddressBlocked
                0x0000000000411554                tr_blocklistSetEnabled
                0x00000000004115a0                tr_blocklistGetRuleCount
                0x00000000004118dc                tr_sessionReloadBlocklists
                0x0000000000411918                tr_sessionIsPortForwardingEnabled
                0x0000000000411924                tr_sessionSetPortForwardingEnabled
                0x0000000000411974                tr_sessionSetLPDEnabled
                0x000000000041199c                tr_sessionSetUTPEnabled
                0x00000000004119c4                tr_sessionSetDHTEnabled
                0x00000000004119ec                tr_sessionUseAltSpeed
                0x0000000000411a24                tr_sessionSetPeerPort
                0x0000000000411aa0                tr_sessionGetCacheLimit_MB
                0x0000000000411ae4                tr_sessionSetCacheLimit_MB
                0x0000000000411bb8                tr_sessionLoadTorrents
                0x0000000000411c14                tr_sessionSet
                0x0000000000411e5c                tr_sessionClose
                0x00000000004124ac                tr_sessionGetRawSpeed_Bps
                0x00000000004124f4                tr_sessionGetRawSpeed_KBps
                0x0000000000412558                tr_sessionGetPieceSpeed_Bps
                0x000000000041289c                tr_sessionSetAltSpeedDay
                0x00000000004128c0                tr_sessionSetAltSpeedEnd
                0x00000000004128e4                tr_sessionSetAltSpeedBegin
                0x0000000000412908                tr_sessionUseAltSpeedTime
                0x0000000000412930                tr_sessionGetPortForwarding
                0x000000000041293c                tr_sessionSetPeerPortRandom
                0x0000000000412b44                tr_sessionIsLocked
                0x0000000000412b8c                tr_sessionUnlock
                0x0000000000412b98                tr_sessionLock
                0x0000000000412ba4                tr_blocklistSetContent
                0x0000000000412cac                tr_sessionGetDownloadDirFreeSpace
                0x0000000000413aa4                tr_sessionGetSettings
                0x000000000041429c                tr_sessionSaveSettings
                0x0000000000414394                tr_sessionGetDefaultSettings
                0x0000000000414b68                tr_sessionLoadSettings
                0x0000000000414d5c                tr_sessionGetPublicAddress
                0x0000000000414e1c                tr_peerIdInit
                0x0000000000414f0c                tr_sessionInit
 .text          0x0000000000415060      0x700 ../libtransmission/libtransmission.a(stats.o)
                0x0000000000415060                tr_sessionClearStats
                0x0000000000415100                tr_statsAddUploaded
                0x000000000041513c                tr_statsAddDownloaded
                0x0000000000415178                tr_statsFileCreated
                0x00000000004151b0                tr_sessionGetStats
                0x0000000000415254                tr_sessionGetCumulativeStats
                0x00000000004153a4                tr_statsSaveDirty
                0x0000000000415518                tr_statsClose
                0x000000000041554c                tr_statsInit
 .text          0x0000000000415760     0x61a0 ../libtransmission/libtransmission.a(torrent.o)
                0x0000000000415760                tr_torrentName
                0x000000000041576c                tr_torrentId
                0x0000000000415778                tr_torrentFindFromId
                0x00000000004157b0                tr_torrentSetSpeedLimit_Bps
                0x00000000004157dc                tr_torrentSetSpeedLimit_KBps
                0x0000000000415818                tr_torrentGetSpeedLimit_Bps
                0x0000000000415854                tr_torrentGetSpeedLimit_KBps
                0x00000000004158dc                tr_torrentUseSpeedLimit
                0x000000000041590c                tr_torrentUsesSpeedLimit
                0x0000000000415928                tr_torrentUseSessionLimits
                0x0000000000415964                tr_torrentUsesSessionLimits
                0x0000000000415970                tr_torrentSetRatioMode
                0x0000000000415990                tr_torrentGetRatioMode
                0x000000000041599c                tr_torrentSetRatioLimit
                0x0000000000415a50                tr_torrentGetRatioLimit
                0x0000000000415a78                tr_torrentSetIdleMode
                0x0000000000415a98                tr_torrentGetIdleMode
                0x0000000000415aa4                tr_torrentSetIdleLimit
                0x0000000000415ac4                tr_torrentGetIdleLimit
                0x0000000000415c5c                tr_getBlockSize
                0x0000000000415c9c                tr_torrentGetDownloadDir
                0x0000000000415ca8                tr_torrentGetCurrentDir
                0x0000000000415cb4                tr_torrentInfo
                0x0000000000415cfc                tr_torrentSetVerifyState
                0x0000000000415d10                tr_torrentSetCompletenessCallback
                0x0000000000415d1c                tr_torrentClearCompletenessCallback
                0x0000000000415d28                tr_torrentSetRatioLimitHitCallback
                0x0000000000415d34                tr_torrentClearRatioLimitHitCallback
                0x0000000000415d40                tr_torrentSetIdleLimitHitCallback
                0x0000000000415d4c                tr_torrentClearIdleLimitHitCallback
                0x0000000000415d58                tr_torrentSetMetadataCallback
                0x0000000000415d64                tr_torrentInitFilePriority
                0x0000000000415e10                tr_torrentGetPriority
                0x0000000000415e1c                tr_torrentSetPriority
                0x0000000000415e44                tr_torrentSetPeerLimit
                0x0000000000415e68                tr_torrentGetPeerLimit
                0x0000000000415e74                tr_torrentGetBlockLocation
                0x0000000000415f50                _tr_block
                0x0000000000415f88                tr_pieceOffset
                0x0000000000415fb4                tr_torGetFileBlockRange
                0x0000000000416070                tr_torGetPieceBlockRange
                0x000000000041612c                tr_torrentSetPieceChecked
                0x0000000000416150                tr_torrentSetChecked
                0x00000000004161a8                tr_torrentSetAddedDate
                0x00000000004161c0                tr_torrentSetActivityDate
                0x00000000004161d8                tr_torrentSetDoneDate
                0x0000000000416208                tr_torrentGetQueuePosition
                0x0000000000416214                tr_torrentSetQueuePosition
                0x00000000004162f8                tr_torrentSetQueueStartCallback
                0x0000000000416304                tr_torrentsQueueMoveBottom
                0x00000000004163a0                tr_torrentsQueueMoveDown
                0x0000000000416428                tr_torrentsQueueMoveUp
                0x00000000004164b8                tr_torrentsQueueMoveTop
                0x000000000041653c                tr_torrentPeersFree
                0x0000000000416544                tr_torrentFilesFree
                0x000000000041654c                tr_torrentBuildPartial
                0x000000000041656c                tr_torrentFindFile2
                0x0000000000416760                tr_torrentFindFile
                0x0000000000416888                tr_torrentSetDownloadDir
                0x000000000041690c                tr_torrentFileCompleted
                0x0000000000416a9c                tr_torrentReqIsValid
                0x0000000000416bdc                tr_torrentSetLocation
                0x0000000000416c7c                tr_torrentVerify
                0x0000000000416ce4                tr_torrentManualUpdate
                0x00000000004177b4                tr_torrentGetBytesLeftToAllocate
                0x000000000041791c                tr_torrentGetCurrentSizeOnDisk
                0x0000000000417a0c                tr_torrentSetAnnounceList
                0x0000000000417c9c                tr_torrentInitFileDLs
                0x0000000000417ed0                tr_torrentFree
                0x0000000000417f64                tr_torrentStop
                0x0000000000417ff4                tr_torrentGetFileMTime
                0x0000000000418064                tr_torrentPieceNeedsCheck
                0x000000000041820c                tr_torrentSetFileDLs
                0x000000000041826c                tr_torrentSetFilePriorities
                0x0000000000418320                tr_torrentGetFilePriorities
                0x00000000004183a0                tr_torrentRemove
                0x0000000000418418                tr_torrentSave
                0x000000000041881c                tr_torrentSetHasPiece
                0x0000000000418840                tr_torrentCheckPiece
                0x00000000004188f0                tr_torrentAmountFinished
                0x0000000000418934                tr_torrentAvailability
                0x00000000004189c4                tr_torrentTrackersFree
                0x00000000004189cc                tr_torrentTrackers
                0x0000000000418a4c                tr_torrentPeers
                0x0000000000418acc                tr_torrentWebSpeeds_KBps
                0x0000000000418b48                tr_torrentFiles
                0x0000000000419010                tr_torrentIsStalled
                0x0000000000419078                tr_torrentCanManualUpdate
                0x00000000004190e8                tr_torrentChangeMyPort
                0x00000000004196b8                tr_torrentGotNewInfoDict
                0x0000000000419704                tr_torrentSetLocalError
                0x000000000041995c                tr_torrentGetSeedIdle
                0x0000000000419a10                tr_torrentGetSeedRatio
                0x0000000000419dbc                tr_torrentStartNow
                0x0000000000419e08                tr_torrentStart
                0x0000000000419e54                tr_torrentCheckSeedLimit
                0x0000000000419ff4                tr_torrentRecheckCompleteness
                0x000000000041a598                tr_torrentGetActivity
                0x000000000041a5c0                tr_torrentStat
                0x000000000041af04                tr_torrentStatCached
                0x000000000041af5c                tr_torrentIsPieceTransferAllowed
                0x000000000041b01c                tr_torrentFindFromObfuscatedHash
                0x000000000041b090                tr_torrentFindFromHash
                0x000000000041b258                tr_torrentNew
                0x000000000041b808                tr_torrentParse
                0x000000000041b818                tr_torrentFindFromMagnetLink
                0x000000000041b884                tr_torrentFindFromHashString
 .text          0x000000000041b900      0x930 ../libtransmission/libtransmission.a(torrent-ctor.o)
                0x000000000041b900                tr_ctorGetSourceFile
                0x000000000041b90c                tr_ctorSetDeleteSource
                0x000000000041b91c                tr_ctorGetDeleteSource
                0x000000000041b950                tr_ctorSetSave
                0x000000000041b958                tr_ctorGetSave
                0x000000000041b974                tr_ctorSetPaused
                0x000000000041b994                tr_ctorSetPeerLimit
                0x000000000041b9b4                tr_ctorGetPeerLimit
                0x000000000041b9f8                tr_ctorGetPaused
                0x000000000041ba3c                tr_ctorGetDownloadDir
                0x000000000041ba80                tr_ctorGetIncompleteDir
                0x000000000041baa0                tr_ctorGetMetainfo
                0x000000000041bad0                tr_ctorGetSession
                0x000000000041badc                tr_ctorSetBandwidthPriority
                0x000000000041bb0c                tr_ctorGetBandwidthPriority
                0x000000000041bb64                tr_ctorFree
                0x000000000041bbec                tr_ctorSetIncompleteDir
                0x000000000041bc28                tr_ctorSetDownloadDir
                0x000000000041bc90                tr_ctorNew
                0x000000000041bd24                tr_ctorInitTorrentWanted
                0x000000000041bd98                tr_ctorSetFilesWanted
                0x000000000041be10                tr_ctorSetFilePriorities
                0x000000000041bea8                tr_ctorInitTorrentPriorities
                0x000000000041bf94                tr_ctorSetMetainfo
                0x000000000041bfe8                tr_ctorSetMetainfoFromFile
                0x000000000041c134                tr_ctorSetMetainfoFromHash
                0x000000000041c180                tr_ctorSetMetainfoFromMagnetLink
 .text          0x000000000041c230      0xb10 ../libtransmission/libtransmission.a(torrent-magnet.o)
                0x000000000041c230                tr_torrentInfoGetMagnetLink
                0x000000000041c338                tr_torrentGetMetadataPercent
                0x000000000041c40c                tr_torrentGetNextMetadataRequest
                0x000000000041c52c                tr_torrentSetMetadataPiece
                0x000000000041ca1c                tr_torrentSetMetadataSizeHint
                0x000000000041cb28                tr_torrentGetMetadataPiece
 .text          0x000000000041cd40     0x1bf0 ../libtransmission/libtransmission.a(tr-dht.o)
                0x000000000041cd40                tr_dhtEnabled
                0x000000000041cd64                tr_dhtPort
                0x000000000041cd90                tr_dhtPrintableStatus
                0x000000000041cdc0                dht_blacklisted
                0x000000000041cdc8                dht_random_bytes
                0x000000000041cde8                dht_hash
                0x000000000041ce78                tr_dhtCallback
                0x000000000041d274                tr_dhtStatus
                0x000000000041d344                tr_dhtAddNode
                0x000000000041d628                tr_dhtUninit
                0x000000000041d974                tr_dhtInit
                0x000000000041e7e4                tr_dhtUpkeep
 .text          0x000000000041e930      0xd10 ../libtransmission/libtransmission.a(tr-lpd.o)
                0x000000000041e930                tr_lpdEnabled
                0x000000000041e954                tr_lpdSendAnnounce
                0x000000000041eb00                tr_lpdUninit
                0x000000000041ec18                tr_lpdInit
 .text          0x000000000041f640      0xa10 ../libtransmission/libtransmission.a(tr-udp.o)
                0x000000000041f640                tr_udpUninit
                0x000000000041fb50                tr_udpSetSocketBuffers
                0x000000000041fba8                tr_udpInit
 .text          0x0000000000420050      0x2f0 ../libtransmission/libtransmission.a(tr-utp.o)
                0x0000000000420050                tr_utpClose
                0x00000000004200e8                tr_utpPacket
                0x00000000004202c8                tr_utpSendTo
 .text          0x0000000000420340      0x950 ../libtransmission/libtransmission.a(tr-getopt.o)
                0x00000000004208fc                tr_getopt_usage
                0x0000000000420a50                tr_getopt
 .text          0x0000000000420c90      0x520 ../libtransmission/libtransmission.a(trevent.o)
                0x0000000000420c90                tr_amInEventThread
                0x0000000000420ca0                tr_runInEventThread
                0x0000000000420d64                tr_eventClose
                0x0000000000420db4                tr_eventInit
 .text          0x00000000004211b0     0x31d0 ../libtransmission/libtransmission.a(utils.o)
                0x00000000004211b0                tr_setMessageLevel
                0x00000000004211bc                tr_setMessageQueuing
                0x00000000004211c8                tr_getMessageQueuing
                0x00000000004211d8                tr_getRatio
                0x00000000004212a8                tr_sha1_to_hex
                0x00000000004212f8                compareInt
                0x0000000000421308                tr_htonll
                0x0000000000421314                tr_ntohll
                0x0000000000421320                tr_formatter_get_units
                0x00000000004214b4                tr_realpath
                0x00000000004214bc                tr_is_same_file
                0x0000000000421554                tr_fileExists
                0x0000000000421598                tr_hex_to_sha1
                0x0000000000421670                tr_removeElementFromArray
                0x00000000004216a4                tr_strstrip
                0x00000000004217b8                tr_strcmp0
                0x00000000004217e4                tr_addressIsIP
                0x0000000000421804                tr_strlcpy
                0x000000000042180c                tr_snprintf
                0x00000000004219d4                tr_formatter_mem_B
                0x00000000004219e8                tr_formatter_size_B
                0x00000000004219fc                tr_formatter_speed_KBps
                0x0000000000421bf4                tr_truncd
                0x0000000000421ce4                tr_strpercent
                0x0000000000421df0                tr_strratio
                0x0000000000421eb4                tr_wait_msec
                0x0000000000421f1c                tr_time_msec
                0x0000000000421f84                tr_str_has_suffix
                0x0000000000422008                tr_strsep
                0x0000000000422010                tr_strerror
                0x0000000000422048                tr_memmem
                0x0000000000422050                tr_mkdtemp
                0x0000000000422058                tr_free
                0x0000000000422070                tr_freeMessageList
                0x00000000004220cc                tr_timerAdd
                0x00000000004220f0                tr_timerAddMsec
                0x0000000000422130                tr_strip_positional_args
                0x00000000004222a4                tr_malloc0
                0x00000000004222c4                tr_base64_decode
                0x00000000004223e4                tr_malloc
                0x00000000004223fc                tr_valloc
                0x00000000004224b8                tr_strndup
                0x0000000000422670                tr_base64_encode
                0x0000000000422778                tr_strdup
                0x00000000004228a4                tr_formatter_mem_init
                0x00000000004228ec                tr_formatter_speed_init
                0x0000000000422934                tr_formatter_size_init
                0x0000000000422974                tr_dirname
                0x00000000004229bc                tr_basename
                0x0000000000422a04                tr_urlParse
                0x0000000000422c6c                tr_urlIsValid
                0x0000000000422dc0                tr_urlIsValidTracker
                0x0000000000422eec                tr_strdup_printf
                0x0000000000422fac                evbuffer_free_to_str
                0x0000000000423014                tr_utf8clean
                0x000000000042323c                tr_buildPath
                0x0000000000423340                tr_memdup
                0x0000000000423378                tr_parseNumberRange
                0x0000000000423634                tr_getQueuedMessages
                0x00000000004236dc                tr_localtime_r
                0x00000000004236e4                tr_getLogTimeStr
                0x00000000004237a0                tr_getLog
                0x0000000000423860                tr_msg
                0x0000000000423aa4                tr_mkdirp
                0x0000000000423d30                tr_moveFile
                0x0000000000423f74                tr_loadFile
                0x0000000000424220                tr_deepLog
                0x0000000000424328                tr_deepLoggingIsActive
 .text          0x0000000000424380      0x9a0 ../libtransmission/libtransmission.a(verify.o)
                0x00000000004243e8                tr_verifyClose
                0x0000000000424438                tr_verifyRemove
                0x00000000004244f0                tr_verifyAdd
 .text          0x0000000000424d20     0x1290 ../libtransmission/libtransmission.a(web.o)
                0x0000000000424d20                tr_webGetResponseStr
                0x00000000004250dc                tr_http_escape_sha1
                0x00000000004251e4                tr_http_unescape
                0x0000000000425224                tr_http_escape
                0x000000000042534c                tr_webGetTaskInfo
                0x0000000000425358                tr_webClose
                0x00000000004253b4                tr_webInit
                0x0000000000425e7c                tr_webRunWithBuffer
                0x0000000000425f84                tr_webRun
 .text          0x0000000000425fb0     0x3700 ../libtransmission/libtransmission.a(announcer.o)
                0x0000000000425fb0                tr_announce_event_get_string
                0x0000000000425fe4                tr_announcerHasBacklog
                0x0000000000426118                tr_announcerCanManualAnnounce
                0x000000000042618c                tr_announcerNextManualAnnounce
                0x00000000004261e0                tr_announcerAddBytes
                0x00000000004263e8                tr_announcerStatsFree
                0x0000000000426ab0                tr_announcerAddTorrent
                0x0000000000426c58                tr_announcerStats
                0x00000000004271b4                tr_announcerClose
                0x000000000042725c                tr_announcerInit
                0x0000000000427b74                tr_announcerRemoveTorrent
                0x000000000042899c                tr_announcerResetTorrent
                0x0000000000428bb4                tr_announcerTorrentCompleted
                0x0000000000428c30                tr_announcerTorrentStopped
                0x0000000000428cac                tr_announcerManualAnnounce
                0x0000000000428d28                tr_announcerTorrentStarted
                0x0000000000428da4                tr_announcerChangeMyPort
 .text          0x00000000004296b0     0x10a0 ../libtransmission/libtransmission.a(announcer-http.o)
                0x0000000000429774                tr_tracker_http_scrape
                0x0000000000429df8                tr_tracker_http_announce
 .text          0x000000000042a750     0x19d0 ../libtransmission/libtransmission.a(announcer-udp.o)
                0x000000000042a750                tr_tracker_udp_is_idle
                0x000000000042ab64                tr_tracker_udp_close
                0x000000000042ad0c                tr_tracker_udp_upkeep
                0x000000000042b5d4                tr_tracker_udp_scrape
                0x000000000042b804                tr_tracker_udp_start_shutdown
                0x000000000042b9bc                tr_tracker_udp_announce
                0x000000000042bc0c                tau_handle_message
 .text          0x000000000042c120      0xcb0 ../libtransmission/libtransmission.a(bandwidth.o)
                0x000000000042c130                tr_bandwidthSetPeer
                0x000000000042c138                tr_bandwidthUsed
                0x000000000042c670                tr_bandwidthSetParent
                0x000000000042c6d8                tr_bandwidthConstruct
                0x000000000042c730                tr_bandwidthDestruct
                0x000000000042c8c4                tr_bandwidthClamp
                0x000000000042cafc                tr_bandwidthAllocate
                0x000000000042cd84                tr_bandwidthGetRawSpeed_Bps
                0x000000000042cda8                tr_bandwidthGetPieceSpeed_Bps
 .text          0x000000000042cdd0      0xbb0 ../libtransmission/libtransmission.a(bitfield.o)
                0x000000000042cdd0                tr_bitfieldCountRange
                0x000000000042cf6c                tr_bitfieldCountTrueBits
                0x000000000042cf78                tr_bitfieldConstruct
                0x000000000042d150                tr_bitfieldRemRange
                0x000000000042d2a4                tr_bitfieldRem
                0x000000000042d39c                tr_bitfieldAddRange
                0x000000000042d4f8                tr_bitfieldAdd
                0x000000000042d5f0                tr_bitfieldSetFromFlags
                0x000000000042d6a0                tr_bitfieldSetHasAll
                0x000000000042d6e8                tr_bitfieldSetHasNone
                0x000000000042d72c                tr_bitfieldSetRaw
                0x000000000042d83c                tr_bitfieldSetFromBitfield
                0x000000000042d8b0                tr_bitfieldGetRaw
 .text          0x000000000042d980      0xac0 ../libtransmission/libtransmission.a(blocklist.o)
                0x000000000042d9a8                _tr_blocklistGetFilename
                0x000000000042d9b4                _tr_blocklistIsEnabled
                0x000000000042d9c0                _tr_blocklistSetEnabled
                0x000000000042da48                _tr_blocklistFree
                0x000000000042da7c                _tr_blocklistExists
                0x000000000042dc5c                _tr_blocklistSetContent
                0x000000000042e2f0                _tr_blocklistGetRuleCount
                0x000000000042e338                _tr_blocklistHasAddress
                0x000000000042e3e0                _tr_blocklistNew
 .text          0x000000000042e440      0xca0 ../libtransmission/libtransmission.a(cache.o)
                0x000000000042e450                tr_cacheGetLimit
                0x000000000042e718                tr_cacheFlushTorrent
                0x000000000042e89c                tr_cacheFlushFile
                0x000000000042eb10                tr_cacheFlushDone
                0x000000000042ed0c                tr_cachePrefetchBlock
                0x000000000042ed88                tr_cacheReadBlock
                0x000000000042ee28                tr_cacheWriteBlock
                0x000000000042ef40                tr_cacheFree
                0x000000000042ef6c                tr_cacheNew
                0x000000000042f008                tr_cacheSetLimit
 .text          0x000000000042f0e0      0xf70 ../libtransmission/libtransmission.a(completion.o)
                0x000000000042f0e0                tr_cpPercentComplete
                0x000000000042f198                tr_cpConstruct
                0x000000000042f1f4                tr_cpFileIsComplete
                0x000000000042f280                tr_cpMissingBlocksInPiece
                0x000000000042f31c                tr_cpCreatePieceBitfield
                0x000000000042f450                tr_cpHaveValid
                0x000000000042f560                tr_cpGetAmountDone
                0x000000000042f6d0                tr_cpSizeWhenDone
                0x000000000042f984                tr_cpPercentDone
                0x000000000042f9f8                tr_cpLeftUntilDone
                0x000000000042fa38                tr_cpGetStatus
                0x000000000042fae0                tr_cpPieceRem
                0x000000000042fc14                tr_cpBlockInit
                0x000000000042fd4c                tr_cpBlockAdd
                0x000000000042fe6c                tr_cpPieceAdd
                0x000000000042fed4                tr_cpMissingBytesInPiece
 .text          0x0000000000430050      0xbe0 ../libtransmission/libtransmission.a(crypto.o)
                0x0000000000430050                tr_cryptoGetTorrentHash
                0x0000000000430058                tr_cryptoHasTorrentHash
                0x0000000000430064                tr_cryptoRandBuf
                0x00000000004300f4                tr_cryptoWeakRandInt
                0x0000000000430158                tr_cryptoRandInt
                0x00000000004301bc                tr_cryptoSetTorrentHash
                0x0000000000430228                tr_cryptoConstruct
                0x0000000000430278                tr_cryptoEncrypt
                0x0000000000430284                tr_cryptoDecrypt
                0x00000000004303a4                tr_cryptoEncryptInit
                0x0000000000430424                tr_cryptoDecryptInit
                0x00000000004307a8                tr_cryptoGetMyPublicKey
                0x00000000004307e0                tr_cryptoComputeSecret
                0x000000000043095c                tr_cryptoDestruct
                0x0000000000430978                tr_sha1
                0x0000000000430a10                tr_ssha1_matches
                0x0000000000430b48                tr_ssha1
 .text          0x0000000000430c30      0x8d0 ../libtransmission/libtransmission.a(inout.o)
                0x0000000000430ca8                tr_ioFindFileLocation
                0x00000000004312cc                tr_ioWrite
                0x0000000000431304                tr_ioPrefetch
                0x0000000000431334                tr_ioTestPiece
                0x00000000004314bc                tr_ioRead
 .text          0x0000000000431500      0x700 ../libtransmission/libtransmission.a(magnet.o)
                0x0000000000431500                tr_magnetCreateMetainfo
                0x0000000000431680                tr_magnetFree
                0x0000000000431754                tr_magnetParse
 .text          0x0000000000431c00     0x1530 ../libtransmission/libtransmission.a(metainfo.o)
                0x0000000000431d98                tr_metainfoFree
                0x0000000000431ee8                tr_metainfoGetBasename
                0x0000000000431fc8                tr_metainfoRemoveSaved
                0x0000000000432250                tr_metainfoParse
                0x0000000000432f80                tr_metainfoMigrate
 .text          0x0000000000433130     0x6c00 ../libtransmission/libtransmission.a(peer-mgr.o)
                0x0000000000433130                tr_peerAddress
                0x000000000043313c                tr_peerMgrOnBlocklistChanged
                0x00000000004333f0                tr_peerMgrClearInterest
                0x0000000000433458                tr_peerGetPieceSpeed_Bps
                0x00000000004334a8                tr_peerMgrPeerStats
                0x00000000004338e8                tr_peerMgrWebSpeeds_KBps
                0x0000000000433a20                tr_peerMgrTorrentStats
                0x0000000000433bc8                tr_peerMgrGetDesiredAvailable
                0x0000000000433d50                tr_peerConstruct
                0x000000000043400c                tr_peerMgrAddTorrent
                0x000000000043419c                tr_peerMgrDidPeerRequest
                0x0000000000434298                tr_peerMgrMarkAllAsSeeds
                0x00000000004342f8                tr_peerUpdateProgress
                0x0000000000434464                tr_peerMgrOnTorrentGotMetainfo
                0x00000000004345f8                tr_peerMgrNew
                0x0000000000434760                tr_pexCompare
                0x0000000000434c04                tr_peerMgrSetUtpFailed
                0x0000000000434c44                tr_peerMgrSetUtpSupported
                0x0000000000434c80                tr_peerMgrPeerIsSeed
                0x0000000000434d20                tr_peerMgrGetPeers
                0x000000000043561c                tr_peerMgrArrayToPex
                0x00000000004356e8                tr_peerMgrCompact6ToPex
                0x00000000004357e0                tr_peerMgrCompactToPex
                0x00000000004358ac                tr_peerMgrAddPex
                0x0000000000435988                tr_peerMgrAddIncoming
                0x0000000000435b38                tr_peerMgrFree
                0x00000000004361c4                tr_peerMgrRebuildRequests
                0x000000000043657c                tr_peerDestruct
                0x00000000004366a4                tr_peerMgrRemoveTorrent
                0x0000000000436738                tr_peerMgrStopTorrent
                0x0000000000437cd0                tr_peerMgrTorrentAvailability
                0x00000000004389c0                tr_peerMgrStartTorrent
                0x0000000000438a10                tr_peerMgrGetNextRequests
 .text          0x0000000000439d30     0x49e0 ../libtransmission/libtransmission.a(peer-msgs.o)
                0x0000000000439f18                tr_peerMsgsFree
                0x000000000043a250                tr_peerMsgsHave
                0x000000000043a2e8                tr_peerMsgsSetInterested
                0x000000000043a8a0                tr_peerMsgsNew
                0x000000000043ae24                tr_peerMsgsCancel
                0x000000000043aef8                tr_peerMsgsSetChoke
                0x000000000043bc48                tr_peerMsgsPulse
                0x000000000043bc60                tr_peerMsgsIsReadingBlock
 .text          0x000000000043e710      0x4d0 ../libtransmission/libtransmission.a(port-forwarding.o)
                0x000000000043e710                tr_sharedTraversalIsEnabled
                0x000000000043e71c                tr_sharedTraversalStatus
                0x000000000043e98c                tr_sharedPortChanged
                0x000000000043eb40                tr_sharedTraversalEnable
                0x000000000043eb5c                tr_sharedClose
                0x000000000043eb98                tr_sharedInit
 .text          0x000000000043ebe0     0x2020 ../libtransmission/libtransmission.a(resume.o)
                0x000000000043ec3c                tr_torrentRemoveResume
                0x000000000043efc8                tr_torrentLoadResume
                0x00000000004403f4                tr_torrentSaveResume
 .text          0x0000000000440c00     0x1e30 ../libtransmission/libtransmission.a(rpc-server.o)
                0x0000000000440c00                tr_rpcIsEnabled
                0x0000000000440c0c                tr_rpcGetPort
                0x0000000000440c18                tr_rpcGetUrl
                0x0000000000440c38                tr_rpcGetWhitelist
                0x0000000000440c58                tr_rpcSetWhitelistEnabled
                0x0000000000440c60                tr_rpcGetWhitelistEnabled
                0x0000000000440c6c                tr_rpcGetUsername
                0x0000000000440c8c                tr_rpcGetPassword
                0x0000000000440cac                tr_rpcIsPasswordEnabled
                0x0000000000440cb8                tr_rpcClose
                0x0000000000440cf0                tr_rpcSetPort
                0x0000000000440d2c                tr_rpcSetEnabled
                0x0000000000440d4c                tr_rpcGetBindAddress
                0x000000000044203c                tr_rpcSetPasswordEnabled
                0x000000000044208c                tr_rpcSetUsername
                0x00000000004420fc                tr_rpcSetUrl
                0x000000000044216c                tr_rpcSetPassword
                0x00000000004421fc                tr_rpcSetWhitelist
                0x00000000004423ac                tr_rpcInit
 .text          0x0000000000442a30      0x8c0 ../libtransmission/libtransmission.a(upnp.o)
                0x0000000000442c64                tr_upnpPulse
                0x0000000000443290                tr_upnpClose
                0x00000000004432c4                tr_upnpInit
 .text          0x00000000004432f0     0x1050 ../libtransmission/libtransmission.a(webseed.o)
                0x00000000004433c4                tr_webseedFree
                0x00000000004433f0                tr_webseedNew
                0x0000000000444290                tr_webseedGetSpeed_Bps
                0x00000000004442f4                tr_webseedIsActive
 .text          0x0000000000444340      0x210 ../libtransmission/libtransmission.a(wildmat.o)
                0x0000000000444504                tr_wildmat
 .text          0x0000000000444550     0x2880 ../libtransmission/libtransmission.a(clients.o)
                0x00000000004449c8                tr_clientForId
 .text          0x0000000000446dd0     0x23c0 ../libtransmission/libtransmission.a(handshake.o)
                0x0000000000446dd0                tr_handshakeGetIO
                0x0000000000446ddc                tr_handshakeStealIO
                0x0000000000446de8                tr_handshakeGetAddr
                0x000000000044704c                tr_handshakeNew
                0x00000000004475c8                tr_handshakeAbort
 .text          0x0000000000449190       0xe0 ../libtransmission/libtransmission.a(history.o)
                0x0000000000449190                tr_historyAdd
                0x000000000044920c                tr_historyGet
 .text          0x0000000000449270      0x710 ../libtransmission/libtransmission.a(natpmp.o)
                0x0000000000449368                tr_natpmpPulse
                0x00000000004498f4                tr_natpmpClose
                0x0000000000449940                tr_natpmpInit
 .text          0x0000000000449980     0x5d60 ../libtransmission/libtransmission.a(rpcimpl.o)
                0x000000000044f328                tr_rpc_parse_list_str
                0x000000000044f444                tr_rpc_request_exec_uri
                0x000000000044f614                tr_rpc_request_exec_json
 .text          0x000000000044f6e0      0x690 ../third-party/libnatpmp/libnatpmp.a(natpmp.o)
                0x000000000044f6e0                strnatpmperr
                0x000000000044f714                getnatpmprequesttimeout
                0x000000000044f7bc                readnatpmpresponse
                0x000000000044f954                sendpendingrequest
                0x000000000044f99c                readnatpmpresponseorretry
                0x000000000044fae4                sendnatpmprequest
                0x000000000044fb88                sendnewportmappingrequest
                0x000000000044fbe0                sendpublicaddressrequest
                0x000000000044fc08                closenatpmp
                0x000000000044fc48                initnatpmp
 .text          0x000000000044fd70      0x1e0 ../third-party/libnatpmp/libnatpmp.a(getgateway.o)
                0x000000000044fd70                getdefaultgateway
 .text          0x000000000044ff50     0x1440 ../third-party/miniupnp/libminiupnp.a(miniupnpc.o)
                0x000000000044ff50                FreeUPNPUrls
                0x000000000044ffb4                freeUPNPDevlist
                0x000000000044ffec                UPNPIGD_IsConnected
                0x0000000000450148                GetUPNPUrls
                0x0000000000450330                upnpDiscover
                0x0000000000450be8                simpleUPnPcommand2
                0x0000000000450ecc                simpleUPnPcommand
                0x0000000000450f00                parserootdesc
                0x0000000000450f50                UPNP_GetIGDFromUrl
                0x000000000045101c                UPNP_GetValidIGD
 .text          0x0000000000451390      0xd60 ../third-party/miniupnp/libminiupnp.a(miniwget.o)
                0x0000000000451390                parseURL
                0x0000000000451648                getHTTPResponse
                0x0000000000452008                miniwget
                0x0000000000452068                miniwget_getaddr
 .text          0x00000000004520f0      0x680 ../third-party/miniupnp/libminiupnp.a(minixml.o)
                0x00000000004520f0                parsexml
 .text          0x0000000000452770       0xf0 ../third-party/miniupnp/libminiupnp.a(receivedata.o)
                0x0000000000452770                receivedata
 .text          0x0000000000452860     0x1f00 ../third-party/miniupnp/libminiupnp.a(upnpcommands.o)
                0x0000000000452860                UPNP_DeletePinhole
                0x0000000000452964                UPNP_UpdatePinhole
                0x0000000000452a8c                UPNP_GetPortMappingNumberOfEntries
                0x0000000000452b9c                UPNP_DeletePortMapping
                0x0000000000452cec                UPNP_AddPortMapping
                0x0000000000452ef0                UPNP_GetLinkLayerMaxBitRates
                0x00000000004530d4                UPNP_GetPinholePackets
                0x000000000045320c                UPNP_CheckPinholeWorking
                0x000000000045334c                UPNP_GetOutboundPinholeTimeout
                0x0000000000453508                UPNP_GetFirewallStatus
                0x0000000000453690                UPNP_GetTotalPacketsReceived
                0x0000000000453750                UPNP_GetTotalPacketsSent
                0x0000000000453810                UPNP_GetTotalBytesReceived
                0x00000000004538d0                UPNP_GetTotalBytesSent
                0x0000000000453990                UPNP_AddPinhole
                0x0000000000453be0                UPNP_GetSpecificPortMappingEntry
                0x0000000000453e5c                UPNP_GetGenericPortMappingEntry
                0x000000000045416c                UPNP_GetExternalIPAddress
                0x0000000000454280                UPNP_GetConnectionTypeInfo
                0x0000000000454388                UPNP_GetStatusInfo
                0x00000000004545a4                UPNP_GetListOfPortMappings
 .text          0x0000000000454760      0x2a0 ../third-party/miniupnp/libminiupnp.a(upnpreplyparse.o)
                0x0000000000454760                GetValueFromNameValueList
                0x00000000004547d0                ClearNameValueList
                0x0000000000454840                ParseNameValue
 .text          0x0000000000454a00      0x370 ../third-party/miniupnp/libminiupnp.a(connecthostport.o)
                0x0000000000454a00                connecthostport
 .text          0x0000000000454d70      0x4b0 ../third-party/miniupnp/libminiupnp.a(igd_desc_parse.o)
                0x0000000000454d70                printIGD
                0x0000000000454ec0                IGDdata
                0x0000000000454fcc                IGDendelt
                0x0000000000455178                IGDstartelt
 .text          0x0000000000455220      0x180 ../third-party/miniupnp/libminiupnp.a(minisoap.o)
                0x0000000000455220                soapPostSubmit
 .text          0x00000000004553a0      0x400 ../third-party/miniupnp/libminiupnp.a(minissdpc.o)
                0x00000000004553a0                getDevicesFromMiniSSDPD
 .text          0x00000000004557a0      0x530 ../third-party/miniupnp/libminiupnp.a(portlistingparse.o)
                0x00000000004557a8                FreePortListing
                0x0000000000455800                ParsePortListing
 .text          0x0000000000455cd0     0x6ac0 ../third-party/dht/libdht.a(dht.o)
                0x0000000000455d2c                dht_nodes
                0x0000000000457278                dht_uninit
                0x000000000045795c                dht_dump_tables
                0x0000000000457ebc                dht_get_nodes
                0x0000000000458dd8                dht_insert_node
                0x0000000000458f98                dht_init
                0x00000000004592b4                dht_ping_node
                0x000000000045a5f4                dht_search
                0x000000000045aa0c                dht_periodic
 .text          0x000000000045c790     0x40f0 ../third-party/libutp/libutp.a(utp.o)
                0x000000000045c790                _Z25UTP_GetGlobalUTPBytesSentPK8sockaddrj
                0x000000000045c79c                _Z7utp_logPKcz
                0x000000000045c7ac                _Z7no_readPvPKhj
                0x000000000045c7b4                _Z8no_writePvPhj
                0x000000000045c7bc                _Z10no_rb_sizePv
                0x000000000045c7c4                _Z8no_statePvi
                0x000000000045c7cc                _Z8no_errorPvi
                0x000000000045c7d4                _Z11no_overheadPvbji
                0x000000000045c7dc                _Z21wrapping_compare_lessjj
                0x000000000045c7ec                _ZN9UTPSocket17update_send_quotaEv
                0x000000000045c874                UTP_SetCallbacks
                0x000000000045c8f4                UTP_SetSockopt
                0x000000000045c9b0                UTP_GetDelays
                0x000000000045ca20                UTP_GetGlobalStats
                0x000000000045cad8                _Z8UTP_FreeP9UTPSocket
                0x000000000045cc08                UTP_HandleICMP
                0x000000000045ce20                _ZN21SizableCircularBuffer4growEjj
                0x000000000045cefc                _ZN9UTPSocket19selective_ack_bytesEjPKhhRx
                0x000000000045d08c                _ZN9UTPSocket10ack_packetEt
                0x000000000045d224                UTP_GetPeerName
                0x000000000045d2e4                _Z12send_to_addrPFvPvPKhjPK8sockaddrjES_S1_jRK14PackedSockAddr
                0x000000000045d4c4                _ZN9UTPSocket8send_rstEPFvPvPKhjPK8sockaddrjES0_RK14PackedSockAddrjtth
                0x000000000045d5b8                _ZN9UTPSocket15get_packet_sizeEv
                0x000000000045d67c                UTP_GetPacketSize
                0x000000000045d684                UTP_Create
                0x000000000045d944                _ZN9UTPSocket11is_writableEj
                0x000000000045da4c                _ZN9UTPSocket21apply_ledbat_ccontrolEjjx
                0x000000000045dccc                _ZN9UTPSocket9send_dataEP12PacketFormatj16bandwidth_type_t
                0x000000000045df28                _ZN9UTPSocket8send_ackEb
                0x000000000045e214                UTP_RBDrained
                0x000000000045e2b8                _ZN9UTPSocket15send_keep_aliveEv
                0x000000000045e2f8                _ZN9UTPSocket11send_packetEP14OutgoingPacket
                0x000000000045e4a4                UTP_Connect
                0x000000000045e6f0                _ZN9UTPSocket13selective_ackEjPKhh
                0x000000000045e9c0                _ZN9UTPSocket13flush_packetsEv
                0x000000000045eb34                _ZN9UTPSocket21write_outgoing_packetEjj
                0x000000000045eea4                UTP_Close
                0x000000000045ef54                UTP_Write
                0x000000000045f038                _ZN9UTPSocket14check_timeoutsEv
                0x000000000045f3fc                UTP_CheckTimeouts
                0x000000000045f604                _Z19UTP_ProcessIncomingP9UTPSocketPKhjb
                0x0000000000460238                UTP_IsIncomingUTP
 .text._ZN9DelayHist10add_sampleEj
                0x0000000000460880      0x15c ../third-party/libutp/libutp.a(utp.o)
                0x0000000000460880                _ZN9DelayHist10add_sampleEj
 .text._ZN5ArrayIP9UTPSocketLj16EED1Ev
                0x00000000004609dc       0x38 ../third-party/libutp/libutp.a(utp.o)
                0x00000000004609dc                _ZN5ArrayIP9UTPSocketLj16EED1Ev
 .text._ZN5ArrayI8RST_InfoLj16EED1Ev
                0x0000000000460a14       0x38 ../third-party/libutp/libutp.a(utp.o)
                0x0000000000460a14                _ZN5ArrayI8RST_InfoLj16EED1Ev
 .text._ZNK9UTPSocket16get_udp_overheadEv
                0x0000000000460a4c       0xa8 ../third-party/libutp/libutp.a(utp.o)
                0x0000000000460a4c                _ZNK9UTPSocket16get_udp_overheadEv
 *fill*         0x0000000000460af4        0xc 
 .text          0x0000000000460b00      0x250 ../third-party/libutp/libutp.a(utp_utils.o)
                0x0000000000460b00                _Z13UTP_GetUDPMTUPK8sockaddrj
                0x0000000000460b1c                _Z18UTP_GetUDPOverheadPK8sockaddrj
                0x0000000000460b38                _Z15UTP_DelaySamplePK8sockaddri
                0x0000000000460b40                _Z17UTP_GetPacketSizePK8sockaddr
                0x0000000000460b48                _Z10UTP_Randomv
                0x0000000000460b50                _Z19UTP_GetMicrosecondsv
                0x0000000000460d18                _Z19UTP_GetMillisecondsv
 .text          0x0000000000460d50     0x7070 /home/ql_xu/develop/trunk/uClinux-dist/lib/libevent/.libs/libevent.a(event.o)
                0x0000000000460e00                _event_debug_map_HT_REP_IS_BAD
                0x0000000000461004                event_base_get_features
                0x0000000000461014                event_base_get_deferred_cb_queue
                0x000000000046102c                event_base_start_iocp
                0x0000000000461034                event_base_stop_iocp
                0x000000000046103c                event_config_set_flag
                0x0000000000461060                event_config_require_features
                0x000000000046107c                event_config_set_num_cpus_hint
                0x00000000004610a4                event_base_got_break
                0x0000000000461124                event_base_got_exit
                0x00000000004611a4                event_initialized
                0x00000000004611b4                event_get_struct_event_size
                0x00000000004611bc                event_deferred_cb_cancel
                0x000000000046129c                event_deferred_cb_schedule
                0x0000000000461370                event_get_version
                0x000000000046137c                event_get_version_number
                0x0000000000461388                event_get_method
                0x00000000004613a0                event_set_mem_functions
                0x00000000004613bc                event_base_add_virtual
                0x0000000000461424                event_base_assert_ok
                0x000000000046170c                event_base_get_method