83c00000 T _start
83c00400 t reset
83c00420 t romReserved
83c00424 t romExcHandle
83c00428 t ramExcHandle
83c00430 t rlx5281_reset_tlb
83c0043c t _reset_tlb_loop_start
83c00454 t _reset_tlb_done
83c00460 T mips_cache_reset
83c00498 T dcache_status
83c004a8 T dcache_disable
83c004c0 T rlx5281_cache_flush_dcache
83c004f0 T rlx5281_cache_invali_icache
83c00520 T flush_cache
83c0053c T do_reset
83c00544 T do_reset_sw
83c00578 T enable_interrupts
83c00580 T disable_interrupts
83c00588 T cpu_eth_init
83c00638 t rtl8676_write_hwaddr
83c00658 t rtl8676_halt
83c00660 t rtl8676_recv
83c0069c t rtl8676_send
83c006c0 t rtl8676_init
83c006e8 T Lan_RXDISABLE
83c00700 T Lan_Stop
83c00758 T Lan_Initialize
83c00968 T Lan_WriteMac
83c009c4 T Lan_RXENABLE
83c00ba4 T isEthDbgLv
83c00be0 T Lan_Transmit
83c00de8 T Lan_Receive
83c00fe8 T __board_early_init_f
83c00fe8 W board_early_init_f
83c00ff0 T swp_pci
83c00ff8 T swp_spi
83c01000 T swp_misc
83c01008 t init_func_ram
83c0106c T hang
83c01088 t display_banner
83c010b4 T swp_eth
83c010e0 T swp_post
83c01138 T swp_env_set
83c011a0 T swp_console_r
83c011a8 T swp_studio
83c011c4 T swp_gen_fl
83c011cc T swp_uart
83c01214 T swp_env
83c012c8 T swp_flash_init
83c012e0 T board_init_r
83c01370 T board_init_f
83c0146c t linux_env_set
83c0155c T do_bootm_linux
83c018f0 T __ashldi3
83c01934 T __lshrdi3
83c01978 T serial_init
83c01990 T serial_putc
83c019e0 T serial_puts
83c01a1c T serial_getc
83c01a30 T serial_tstc
83c01a44 T serial_setbrg
83c01a4c T otto_lx_timer_init
83c01ab0 T __udelay
83c01af4 T otto_lx_timer_get_timer
83c01b48 T get_timer
83c01b58 T do_sleep
83c01be0 T timer_init
83c01c5c T symb_retrive
83c01c94 T cg_query_freq
83c01d80 T sort_part_info
83c01dec T to_KMGB
83c01e7c t flash_layout_to_mtdparts
83c02154 T otto_get_flash_size
83c02160 T part_info_init
83c02320 T otto_flash_layout_init
83c0258c T spi_nand_chip_size
83c0259c T spi_nand_block_size
83c025ac T spi_nand_page_size
83c025bc T spi_nand_spare_size
83c025cc T spi_nand_erase
83c026e0 T spi_nand_read_write
83c02928 T _spi_nand_check_ecc
83c02968 T spi_nand_info
83c02a1c T spi_nand_init
83c02d98 T spi_nand_read_ecc
83c02f50 T spi_nand_write_ecc
83c0310c t atoi
83c031b0 t snaf_tsbh_set_good
83c031f8 t snaf_tsbh_set_bad
83c03264 t snaf_tsbh_test_and_set
83c03374 t snaf_tsbh_range
83c034c4 t snaf_test_and_set_block_health_status
83c03850 t do_snaf_test_and_set_block_health_status
83c03860 T do_bdinfo
83c03980 W do_go_exec
83c03994 T do_go
83c03a34 T __arch_preboot_os
83c03a34 W arch_preboot_os
83c03a3c t image_info
83c03b18 T do_iminfo
83c03bc8 T do_bootd
83c03bf8 t do_bootm_rtems
83c03c58 t do_bootm_netbsd
83c03dfc t bootm_load_os
83c04030 t bootm_start
83c04418 T do_bootm_subcommand
83c04624 T do_bootm
83c0491c T bootm_maybe_autostart
83c049a8 T do_coninfo
83c04ae4 T do_echo
83c04bc0 T do_exit
83c04bf8 T do_help
83c04c54 t evalexp
83c04cf4 T binary_test
83c04ecc T do_itest
83c04f80 t bin_data_init
83c04f9c t bin_data_char
83c04fcc T k_data_init
83c04fe4 T k_data_char
83c05080 T send_pad
83c050c8 T s1_sendpacket
83c0510c T handle_send_packet
83c05360 T send_nack
83c053e8 T send_ack
83c05470 t load_serial_ymodem
83c05590 t getcxmodem
83c055c0 T do_load_serial_bin
83c05bf0 t load_serial
83c05e7c T do_load_serial
83c05f8c T do_mem_crc
83c0607c T do_mem_base
83c060c8 T do_mem_mtest
83c062c0 T do_mem_loop
83c06420 T do_mem_cp
83c0655c T do_mem_cmp
83c06748 T do_mem_mw
83c0686c t mod_mem
83c06a3c T do_mem_nm
83c06a68 T do_mem_mm
83c06a94 T do_mem_md
83c06bd0 t netboot_common
83c06eb8 T do_tftpb
83c06ec8 T do_bootp
83c06ed8 T get_env_id
83c06ee8 t do_env
83c06f74 t do_env_delete
83c06f98 t do_env_import
83c07244 t do_env_default
83c072a8 T envmatch
83c07338 T getenv_f
83c07434 T do_env_save
83c07468 T getenv
83c074f8 T getenv_ulong
83c07548 t env_print
83c075f8 T do_env_print
83c076bc T _do_env_set
83c07af4 T do_env_set
83c07b1c T setenv
83c07b74 t do_env_export
83c07e5c T do_env_edit
83c07eec T setenv_addr
83c07f38 T setenv_ulong
83c07f68 T source
83c080c8 T do_source
83c0811c T do_spi_nand
83c08364 T do_false
83c0836c T do_true
83c08374 T do_test
83c08884 T do_version
83c088c8 T do_imgextract
83c08bb8 T cmd_get_data_size
83c08c34 T cmd_usage
83c08cac T find_cmd_tbl
83c08d88 T find_cmd
83c08db8 T _do_help
83c08fb0 t console_setfile
83c0908c T fgetc
83c090c0 T ftstc
83c090f4 T fputc
83c09130 T fputs
83c09168 T had_ctrlc
83c09178 T clear_ctrlc
83c09184 T console_init_r
83c0927c T search_device
83c092b8 T console_assign
83c09318 T fprintf
83c09374 T puts
83c093f8 T vprintf
83c09438 T printf
83c0948c T putc
83c094f8 T console_init_f
83c095a4 T tstc
83c095e0 T getc
83c0961c T ctrlc
83c09688 T mem_malloc_init
83c096b8 T sbrk
83c09730 T malloc_trim
83c09828 T free
83c09a80 T malloc
83c0a174 T calloc
83c0a264 T realloc
83c0a724 T set_default_env
83c0a7d8 T env_relocate
83c0a81c T env_import
83c0a900 T env_get_char
83c0a978 T env_get_char_spec
83c0a994 T env_init
83c0a9c0 T readenv
83c0aa7c T writeenv
83c0ab38 T saveenv
83c0acc0 T env_relocate_spec
83c0aea4 t dummy
83c0aeac T get_version
83c0aeb4 T jumptable_init
83c0b0d4 t static_get
83c0b0f0 t static_peek
83c0b100 t file_peek
83c0b110 T do_showvar
83c0b270 T u_boot_hush_start
83c0b2d4 t xmalloc
83c0b308 T new_pipe
83c0b338 t file_get
83c0b558 t free_pipe_list
83c0b680 t xrealloc
83c0b6b4 t done_command
83c0b760 t initialize_context
83c0b7a4 t done_pipe
83c0b804 T reserved_word
83c0b9dc t b_addchr
83c0ba80 t done_word
83c0bc50 t b_addqchr
83c0bcc0 T set_local_var
83c0bea8 T update_ifs_map
83c0bf7c T get_local_var
83c0c02c t insert_var_value
83c0c1b0 t parse_stream_outer
83c0c888 T parse_file_outer
83c0c8d0 T parse_string_outer
83c0c9e8 t run_list_real
83c0d30c T image_multi_count
83c0d32c T image_multi_getimg
83c0d3b4 T genimg_get_os_name
83c0d3f4 T genimg_get_type_name
83c0d434 T genimg_get_format
83c0d44c T genimg_get_image
83c0d454 T genimg_print_size
83c0d494 T memmove_wd
83c0d4ac T getenv_yesno
83c0d4e0 T image_print_contents
83c0d7c4 T image_check_dcrc
83c0d804 T image_check_hcrc
83c0d860 T boot_get_ramdisk
83c0daf4 T __show_boot_progress
83c0daf4 W show_boot_progress
83c0dafc W otto_uart_en
83c0db04 T do_run
83c0dbac t delete_char
83c0dce4 t cread_add_char
83c0de20 T readline_into_buffer
83c0e808 T readline
83c0e81c T main_loop
83c0e934 t hex2_bin
83c0e9e0 T srec_decode
83c0ec4c T stdio_get_list
83c0ec58 T stdio_clone
83c0ecc0 T stdio_register
83c0ed14 T stdio_init
83c0edb4 T stdio_get_by_name
83c0ee2c T parse_num
83c0ef88 T xyzModem_error
83c0efc0 T xyzModem_stream_close
83c0f020 T CYGACC_COMM_IF_GETC_TIMEOUT
83c0f0a4 T xyzModem_stream_terminate
83c0f170 t xyzModem_get_hdr
83c0f4ac T xyzModem_stream_read
83c0f75c T xyzModem_stream_open
83c0f91c T GregorianDay
83c0fa64 T to_tm
83c0fb5c T cyg_crc16
83c0fbac T crc32_no_comp
83c0fd28 T crc32
83c0fd48 T crc32_wd
83c0fd50 T print_size
83c0ff10 T print_buffer
83c10108 T zunzip
83c1025c T gunzip
83c1032c T zfree
83c10338 T zalloc
83c10354 T hdestroy_r
83c103fc t cmpkey
83c10414 T hcreate_r
83c104d8 T hexport_r
83c107d0 T hsearch_r
83c10ab8 T hdelete_r
83c10b58 T himport_r
83c10df0 T string_to_ip
83c10e90 T qsort
83c11024 T __div64_32
83c11180 T strcpy
83c111a4 T strncpy
83c111d0 T strcat
83c11204 T strncat
83c11254 T strcmp
83c11284 T strncmp
83c112c8 T strchr
83c11300 T strlen
83c1131c T strnlen
83c11344 T memset
83c113bc T memcpy
83c11440 T memmove
83c114a8 T memcmp
83c114e0 T strdup
83c11544 T udelay
83c115a0 T simple_strtoul
83c11670 T simple_strtol
83c116ac t put_dec_trunc
83c117e0 T simple_itoa
83c11828 t string
83c118ec t put_dec
83c11ab4 t number
83c11d80 T vsprintf
83c124f8 T sprintf
83c12524 T strict_strtoul
83c125bc t LzmaDec_WriteRem
83c1267c t LzmaDec_DecodeReal2
83c13644 t LzmaDec_TryDummy
83c13db0 T LzmaDec_FreeProbs
83c13de8 T LzmaProps_Decode
83c13e90 t LzmaDec_AllocateProbs2
83c13f20 T LzmaDec_AllocateProbs
83c13fb0 T LzmaDec_DecodeToDic
83c1438c T LzmaDecode
83c144c0 T lzmaBuffToBuffDecompress
83c145d0 t SzFree
83c145dc t SzAlloc
83c145e8 T inflate_fast
83c14b9c T inflate_table
83c150a8 T inflateReset
83c15120 T inflateInit2_
83c15240 T inflateEnd
83c152b8 T adler32
83c155b8 T zcfree
83c155c4 T zcalloc
83c155d4 T inflate
83c16cec T BootpRequest
83c16f50 t BootpHandler
83c17354 t BootpTimeout
83c173a0 W board_eth_init
83c173a0 t __def_eth_init
83c173a8 T eth_get_dev
83c173b8 T eth_get_dev_index
83c17404 T eth_halt
83c17448 T eth_send
83c17474 T eth_rx
83c17498 T eth_get_name
83c174b8 t eth_current_changed
83c17538 T eth_set_current
83c1760c T eth_try_another
83c1769c T eth_register
83c17714 T eth_parse_enetaddr
83c177ac T eth_getenv_enetaddr
83c1781c T eth_getenv_enetaddr_by_index
83c1787c T eth_init
83c17980 T eth_write_hwaddr
83c17b18 T eth_initialize
83c17d20 t startAgainTimeout
83c17d30 t startAgainHandler
83c17d38 T NetSetHandler
83c17d44 T NetCksumOk
83c17d84 T NetEthHdrSize
83c17db4 T copy_filename
83c17e00 T string_to_VLAN
83c17e48 T getenv_VLAN
83c17e68 T ip_to_string
83c17eb0 T NetSetIP
83c17fc8 T NetSetEther
83c1805c T NetSendPacket
83c18064 T NetReceive
83c18434 T NetSetTimeout
83c18480 T NetStartAgain
83c185b8 T ArpRequest
83c186f4 T NetSendUDPPacket
83c18884 T ArpTimeoutCheck
83c18918 T net_auto_load
83c18968 t getenv_IPaddr
83c18988 T NetLoop
83c18e0c t TftpSend
83c18ff0 T TftpStart
83c19324 t TftpTimeout
83c193b8 t TftpHandler
83c1974c T initdram
83c19810 T checkboard
83c19904 T do_btg
83c19914 T do_reset_all
83c19950 T do_dram_test
83c19964 t _btg_prompt
83c1998c T _btg_setup
83c19ba0 t _btg_para_decode
83c19de4 t _btg_show_reg
83c19ed0 T _btg_stop
83c19f78 T _btg_start
83c1a06c T _btg_all_cmd_parse
83c1a308 T _btg_indie_cmd_parse
83c1a6c8 T btg_sub_sys
83c1a8e0 T enable_DRAM_prefech
83c1a950 T cache_flush_adjacent_toggle_line128
83c1acd8 T cache_flush_dispersed_toggle_word
83c1b1a8 T cache_flush_adjacent_toggle_word
83c1b37c T cache_flush_adj_addr
83c1b51c T unaligned_test
83c1bbb8 T dram_byte_access
83c1bddc T dram_half_word_access
83c1bfec T dram_com_addr_rot
83c1c260 T dram_addr_rot
83c1c4c8 T dram_walking_of_0
83c1c6c4 T dram_walking_of_1
83c1c8c8 T dram_normal_patterns
83c1cacc T ddr_cmd_parsing
83c1cf68 T cache_flush_dispersed
83c1d53c T cache_flush_adjacent
83c1d81c T cache_flush_test
83c1dcac T memcpy_test
83c1de8c T _dram_test
83c1dfbc T dram_test
83c1e380 r C.28.3209
83c1e388 r C.28.3252
83c1e3b8 r C.29.3210
83c1e3c0 r CSWTCH.46
83c1e418 r CSWTCH.59
83c1e438 R FL_KERNEL_ID
83c1e440 R FL_ROOTFS_ID
83c1e464 r __FUNCTION__.3330
83c1e47c r __FUNCTION__.3379
83c1e490 r __FUNCTION__.3426
83c1e4a4 r __FUNCTION__.3474
83c1e4b4 r __FUNCTION__.3530
83c1e4c8 r __FUNCTION__.3588
83c1e4e0 r __FUNCTION__.3642
83c1e4f4 r __FUNCTION__.3699
83c1e500 r __FUNCTION__.3767
83c1e510 r __FUNCTION__.3979
83c1e528 r __FUNCTION__.4031
83c1e540 r __FUNCTION__.4102
83c1e558 r __FUNCTION__.4209
83c1e57c r __FUNCTION__.4257
83c1e5a0 r __FUNCTION__.4350
83c1e5c4 r __FUNCTION__.4418
83c1e5d8 r __func__.3376
83c1e5e8 r __func__.3391
83c1e5f4 r __func__.3393
83c1e5fc r __func__.3401
83c1e608 r __func__.3443
83c1e618 r __func__.4085
83c1e628 r __func__.4165
83c1e638 R _ctype
83c1e768 r boot_os
83c1e7b4 r crc16_tab
83c1e9b4 r crc_table
83c1edb4 r dbase.3811
83c1edf4 R default_environment
83c1f170 r dext.3812
83c1f1b0 r digits.3562
83c1f1c0 r distfix
83c1f240 R dram_patterns
83c1f290 r erase_seq
83c1f294 r failed
83c1f298 R hex_asc
83c1f320 r kLiteralNextStates
83c1f338 r lbase.3809
83c1f378 r lenfix
83c1fb78 r lext.3810
83c1fbb8 R line_toggle_pattern
83c1fbd8 r names.3545
83c1fbe0 r op_table
83c1fc48 r order.4113
83c25674 r tab_seq
83c25680 R toggle_pattern
83c256b0 r uimage_arch
83c257a0 r uimage_comp
83c257e8 r uimage_os
83c2583c r uimage_type
83c258fc V version_string
83c25a20 D regbase
83c25a24 D init_sequence
83c25a40 d part_info
83c25ae0 D _tmp_ecc
83c25b00 D _tmp
83c26c00 d cmd_bootm_sub
83c26c90 d do_echo
83c26c94 d dp_last_length
83c26c98 D load_addr
83c26c9c d cmd_env_sub
83c26d74 d env_id
83c26d78 d trim_threshold
83c26d7c d av_
83c27184 d sbrk_base
83c27188 D env_name_spec
83c2718c d reserved_list
83c27210 d hist_cur
83c27214 D stdio_names
83c27220 d month_days
83c27250 D NetBcastAddr
83c27258 D NetOurVLAN
83c2725a D NetOurNativeVLAN
83c2725c D TftpRRQTimeoutCountMax
83c27260 d TftpBlkSizeOption
83c27264 d TftpTimeoutMSecs
83c27268 d TftpTimeoutCountMax
83c2726c d TftpBlkSize
83c27270 D btg
83c273fc D btg_prompt_string
83c27798 D LS_sw_patch_start
83c27798 D __got_end
83c27798 D __got_start
83c27798 D __swp_swp_flash_init
83c2779c D __swp_swp_env
83c277a0 D __swp_swp_uart
83c277a4 D __swp_swp_gen_fl
83c277a8 D __swp_swp_pci
83c277ac D __swp_swp_studio
83c277b0 D __swp_swp_console_r
83c277b4 D __swp_swp_env_set
83c277b8 D __swp_swp_spi
83c277bc D __swp_swp_misc
83c277c0 D __swp_swp_post
83c277c4 D __swp_swp_eth
83c277c8 D LS_bootm_stack
83c277c8 D LS_end_of_nor_spif_probe_func
83c277c8 D LS_start_of_nor_spif_probe_func
83c277c8 D LS_sw_patch_end
83c277c8 D __u_boot_cmd_reset_sw
83c277c8 D __u_boot_cmd_start
83c277e0 D __u_boot_cmd_sleep
83c277f8 D __u_boot_cmd_nand_badblock
83c27810 D __u_boot_cmd_bdinfo
83c27828 D __u_boot_cmd_go
83c27840 D __u_boot_cmd_reset
83c27858 D __u_boot_cmd_bootm
83c27870 D __u_boot_cmd_boot
83c27888 D __u_boot_cmd_bootd
83c278a0 D __u_boot_cmd_iminfo
83c278b8 D __u_boot_cmd_coninfo
83c278d0 D __u_boot_cmd_echo
83c278e8 D __u_boot_cmd_exit
83c27900 D __u_boot_cmd_help
83c27918 D __u_boot_cmd_question_mark
83c27930 D __u_boot_cmd_itest
83c27948 D __u_boot_cmd_loads
83c27960 D __u_boot_cmd_loadb
83c27978 D __u_boot_cmd_loady
83c27990 D __u_boot_cmd_md
83c279a8 D __u_boot_cmd_mm
83c279c0 D __u_boot_cmd_nm
83c279d8 D __u_boot_cmd_mw
83c279f0 D __u_boot_cmd_cp
83c27a08 D __u_boot_cmd_cmp
83c27a20 D __u_boot_cmd_crc32
83c27a38 D __u_boot_cmd_base
83c27a50 D __u_boot_cmd_loop
83c27a68 D __u_boot_cmd_mtest
83c27a80 D __u_boot_cmd_bootp
83c27a98 D __u_boot_cmd_tftpboot
83c27ab0 D __u_boot_cmd_saveenv
83c27ac8 D __u_boot_cmd_env
83c27ae0 D __u_boot_cmd_editenv
83c27af8 D __u_boot_cmd_printenv
83c27b10 D __u_boot_cmd_setenv
83c27b28 D __u_boot_cmd_run
83c27b40 D __u_boot_cmd_source
83c27b58 D __u_boot_cmd_spi_nand
83c27b70 D __u_boot_cmd_test
83c27b88 D __u_boot_cmd_false
83c27ba0 D __u_boot_cmd_true
83c27bb8 D __u_boot_cmd_version
83c27bd0 D __u_boot_cmd_imxtract
83c27be8 D __u_boot_cmd_showvar
83c27c00 D __u_boot_cmd_mdram_test
83c27c18 D __u_boot_cmd_btg
83c27c30 D __u_boot_cmd_reset_all
83c27c48 A uboot_end_data
83c27c48 B txBDtail
83c27c48 D __u_boot_cmd_end
83c27c4c B rxBDtail
83c27c50 B Lan_Initialed
83c27c54 b analog_patch_flag
83c27c58 b linux_argc
83c27c5c b linux_argv
83c27c60 b linux_env
83c27c64 b linux_env_p
83c27c68 b linux_env_idx
83c27c6c b _accumulate_time_ms
83c27c70 b _cg_dev_freq_ptr.3218
83c27c74 b pi_ptr
83c27ca0 b a_b
83c27cb8 b os_data_state
83c27cbc b os_data_state_saved
83c27cc0 b os_data_addr
83c27cc4 b os_data_addr_saved
83c27cc8 b bin_start_address
83c27ccc b k_data_escape
83c27cd0 b k_data_escape_saved
83c27cd4 b base_address
83c27cd8 b dp_last_addr
83c27cdc b dp_last_size
83c27ce0 b mm_last_addr
83c27ce4 b mm_last_size
83c27ce8 b ctrlc_was_pressed
83c27cec b ctrlc_disabled
83c27cf0 B mem_malloc_start
83c27cf4 B mem_malloc_end
83c27cf8 B mem_malloc_brk
83c27cfc b top_pad
83c27d00 b current_mallinfo
83c27d28 b max_sbrked_mem
83c27d2c b max_total_mem
83c27d30 B env_htab
83c27d3c B env_ptr
83c27d40 b env_flags
83c27d44 b top_vars
83c27d48 b flag_repeat
83c27d4c b do_repeat
83c27d50 b the_command.3524
83c27f50 b buf.4197
83c27f78 b ifs
83c27f7c b map
83c2807c B hist_num
83c28080 b initted.3879
83c28084 b hist_max
83c28088 b hist_add_idx
83c2808c B stdio_devices
83c28098 b devs
83c280d4 b xyz
83c28510 B errno
83c28514 b local.4006
83c2852c b env_changed_id.4192
83c28530 b act.4191
83c28534 b first_failed.4171
83c28538 b eth_devices
83c2853c b eth_current
83c28540 B NetOurNISDomain
83c28560 B NetOurHostName
83c28580 B NetOurRootPath
83c285c0 b env_changed_id.3362
83c285c4 b NetRestarted
83c285c8 b NetDevExists
83c285cc b packetHandler
83c285d0 b timeHandler
83c285d4 b timeStart
83c285d8 b timeDelta
83c285dc b NetTryCount
83c285e0 b TftpRemoteIP
83c285e4 b TftpRemotePort
83c285e8 b TftpOurPort
83c285ec b TftpTimeoutCount
83c285f0 b TftpBlock
83c285f4 b TftpLastBlock
83c285f8 b TftpBlockWrap
83c285fc b TftpBlockWrapOffset
83c28600 b TftpState
83c28604 b default_filename
83c28614 b tftp_filename
83c28694 b g_reset_flag
83c28698 b g_err_handle_block_mode
83c286a8 b pstring
83c286ac b fstring
83c286b0 B pTxBDPtr
83c286b4 B pRxBDPtr
83c286b8 B descriptor_tx
83c28a38 B descriptor_rx
83c28c38 B monitor_flash_len
83c28c3c B bb_skip_table
83c29c3c B gd
83c29c40 B _info
83c29c64 B console_buffer
83c29e68 B hist_list
83c29eb8 B hist_lines
83c2c6cc B save_addr
83c2c6d0 B his_pad_char
83c2c6d4 B os_data_init
83c2c6d8 B nesting_level
83c2c6dc B images
83c2c768 B send_ptr
83c2c76c B last_return_code
83c2c770 B os_data_char
83c2c774 B save_size
83c2c778 B his_eol
83c2c779 B his_quote
83c2c77c B send_parms
83c2c790 B his_pad_count
83c2c794 B NetArpWaitTry
83c2c798 B NetArpWaitPacketMAC
83c2c79c B NetOurEther
83c2c7a4 B NetOurIP
83c2c7a8 B NetServerIP
83c2c7ac B NetArpWaitTxPacketSize
83c2c7b0 B NetArpWaitReplyIP
83c2c7b4 B NetArpWaitTxPacket
83c2c7b8 B NetRxPackets
83c2c7c8 B NetArpWaitPacketIP
83c2c7cc B NetState
83c2c7d0 B BootpTry
83c2c7d4 B BootFile
83c2c854 B NetServerEther
83c2c85c B NetOurSubnetMask
83c2c860 B NetBootFileSize
83c2c864 B NetIPID
83c2c868 B NetRxPacket
83c2c86c B BootpID
83c2c870 B NetOurGatewayIP
83c2c874 B NetEtherNullAddr
83c2c87c B NetRestartWrap
83c2c880 B NetArpWaitPacketBuf
83c2cea0 B NetTxPacket
83c2cea4 B NetBootFileXferSize
83c2cea8 B NetOurDNSIP
83c2ceac B NetRxPacketLen
83c2ceb0 B PktBuf
83c2ecd0 B NetArpWaitTimerStart
83c2ecd4 A uboot_end
83c2f790 A _gp
