
Allocating common symbols
Common symbol       size              file

console_buffer      0x201             common/libcommon.o
NetArpWaitTry       0x4               net/libnet.o
NetArpWaitPacketMAC
                    0x4               net/libnet.o
hist_list           0x50              common/libcommon.o
hist_lines          0x2814            common/libcommon.o
NetOurEther         0x6               net/libnet.o
NetOurIP            0x4               net/libnet.o
NetServerIP         0x4               net/libnet.o
monitor_flash_len   0x4               arch/otto/lib/libotto.o
save_addr           0x4               common/libcommon.o
___strtok           0x4               lib/libgeneric.o
NetArpWaitTxPacketSize
                    0x4               net/libnet.o
NetArpWaitReplyIP   0x4               net/libnet.o
NetArpWaitTxPacket  0x4               net/libnet.o
NetRxPackets        0x10              net/libnet.o
bb_skip_table       0x1000            arch/otto/lib/libotto.o
gd                  0x4               arch/otto/lib/libotto.o
NetArpWaitPacketIP  0x4               net/libnet.o
NetState            0x4               net/libnet.o
BootpTry            0x4               net/libnet.o
BootFile            0x80              net/libnet.o
his_pad_char        0x1               common/libcommon.o
NetServerEther      0x6               net/libnet.o
_info               0x24              arch/otto/lib/libotto.o
pTxBDPtr            0x4               arch/otto/cpu/rlx5281/rtl9602C/librtl9602C.o
pRxBDPtr            0x4               arch/otto/cpu/rlx5281/rtl9602C/librtl9602C.o
os_data_init        0x4               common/libcommon.o
NetOurSubnetMask    0x4               net/libnet.o
NetBootFileSize     0x2               net/libnet.o
descriptor_tx       0x380             arch/otto/cpu/rlx5281/rtl9602C/librtl9602C.o
NetIPID             0x4               net/libnet.o
NetRxPacket         0x4               net/libnet.o
nesting_level       0x4               common/libcommon.o
images              0x8c              common/libcommon.o
send_ptr            0x4               common/libcommon.o
BootpID             0x4               net/libnet.o
last_return_code    0x4               common/libcommon.o
NetOurGatewayIP     0x4               net/libnet.o
NetEtherNullAddr    0x6               net/libnet.o
os_data_char        0x4               common/libcommon.o
NetRestartWrap      0x4               net/libnet.o
save_size           0x4               common/libcommon.o
descriptor_rx       0x200             arch/otto/cpu/rlx5281/rtl9602C/librtl9602C.o
NetArpWaitPacketBuf
                    0x620             net/libnet.o
his_eol             0x1               common/libcommon.o
NetTxPacket         0x4               net/libnet.o
his_quote           0x1               common/libcommon.o
NetBootFileXferSize
                    0x4               net/libnet.o
NetOurDNSIP         0x4               net/libnet.o
NetRxPacketLen      0x4               net/libnet.o
PktBuf              0x1e20            net/libnet.o
send_parms          0x14              common/libcommon.o
his_pad_count       0x4               common/libcommon.o
NetArpWaitTimerStart
                    0x4               net/libnet.o

Discarded input sections

 .data          0x00000000        0x0 arch/otto/cpu/rlx5281/start.o
 .bss           0x00000000        0x0 arch/otto/cpu/rlx5281/start.o
 .reginfo       0x00000000       0x18 arch/otto/cpu/rlx5281/start.o
 .reginfo       0x00000000       0x18 arch/otto/cpu/rlx5281/librlx5281.o
 .text.set_exception_base
                0x00000000        0x8 arch/otto/cpu/rlx5281/librlx5281.o
 .data          0x00000000        0x0 arch/otto/cpu/rlx5281/librlx5281.o
 .bss           0x00000000        0x0 arch/otto/cpu/rlx5281/librlx5281.o
 .pdr           0x00000000      0x160 arch/otto/cpu/rlx5281/librlx5281.o
 .reginfo       0x00000000       0x18 arch/otto/cpu/rlx5281/rtl9602C/librtl9602C.o
 .text          0x00000000      0x340 arch/otto/cpu/rlx5281/rtl9602C/librtl9602C.o
 .text.rtl8676_get_busfreq
                0x00000000        0x8 arch/otto/cpu/rlx5281/rtl9602C/librtl9602C.o
 .text.swCore_init
                0x00000000       0xf4 arch/otto/cpu/rlx5281/rtl9602C/librtl9602C.o
 .data          0x00000000        0x0 arch/otto/cpu/rlx5281/rtl9602C/librtl9602C.o
 .bss           0x00000000        0x0 arch/otto/cpu/rlx5281/rtl9602C/librtl9602C.o
 .bss.txBDhead  0x00000000        0x4 arch/otto/cpu/rlx5281/rtl9602C/librtl9602C.o
 .pdr           0x00000000      0x460 arch/otto/cpu/rlx5281/rtl9602C/librtl9602C.o
 .reginfo       0x00000000       0x18 arch/otto/lib/libotto.o
 .text          0x00000000        0x0 arch/otto/lib/libotto.o
 .text.__ashrdi3
                0x00000000       0x44 arch/otto/lib/libotto.o
 .text.serial_putc_raw
                0x00000000       0x1c arch/otto/lib/libotto.o
 .text.otto_lx_timer_mdelay
                0x00000000       0x9c arch/otto/lib/libotto.o
 .text.symb_retrive_list
                0x00000000       0x68 arch/otto/lib/libotto.o
[...]
Memory Configuration

Name             Origin             Length             Attributes
*default*        0x00000000         0xffffffff

Linker script and memory map

                0x00000000                . = 0x0
                0x00000000                . = ALIGN (0x4)

.text           0x83c00000    0x1e360
 *(.text*)
 .text          0x83c00000      0x460 arch/otto/cpu/rlx5281/start.o
                0x83c00000                _start
 .text          0x83c00460       0xc0 arch/otto/cpu/rlx5281/librlx5281.o
                0x83c00460                mips_cache_reset
                0x83c00498                dcache_status
                0x83c004a8                dcache_disable
                0x83c004c0                rlx5281_cache_flush_dcache
                0x83c004f0                rlx5281_cache_invali_icache
 .text.flush_cache
                0x83c00520       0x1c arch/otto/cpu/rlx5281/librlx5281.o
                0x83c00520                flush_cache
 .text.do_reset
                0x83c0053c        0x8 arch/otto/cpu/rlx5281/librlx5281.o
                0x83c0053c                do_reset
 .text.do_reset_sw
                0x83c00544       0x34 arch/otto/cpu/rlx5281/librlx5281.o
                0x83c00544                do_reset_sw
 .text.enable_interrupts
                0x83c00578        0x8 arch/otto/cpu/rlx5281/librlx5281.o
                0x83c00578                enable_interrupts
 .text.disable_interrupts
                0x83c00580        0x8 arch/otto/cpu/rlx5281/librlx5281.o
                0x83c00580                disable_interrupts
 .text.cpu_eth_init
                0x83c00588       0xb0 arch/otto/cpu/rlx5281/rtl9602C/librtl9602C.o
                0x83c00588                cpu_eth_init
 .text.rtl8676_write_hwaddr
                0x83c00638       0x20 arch/otto/cpu/rlx5281/rtl9602C/librtl9602C.o
 .text.rtl8676_halt
                0x83c00658        0x8 arch/otto/cpu/rlx5281/rtl9602C/librtl9602C.o
 .text.rtl8676_recv
                0x83c00660       0x3c arch/otto/cpu/rlx5281/rtl9602C/librtl9602C.o
 .text.rtl8676_send
                0x83c0069c       0x24 arch/otto/cpu/rlx5281/rtl9602C/librtl9602C.o
 .text.rtl8676_init
                0x83c006c0       0x28 arch/otto/cpu/rlx5281/rtl9602C/librtl9602C.o
 .text.Lan_RXDISABLE
                0x83c006e8       0x18 arch/otto/cpu/rlx5281/rtl9602C/librtl9602C.o
                0x83c006e8                Lan_RXDISABLE
 .text.Lan_Stop
                0x83c00700       0x58 arch/otto/cpu/rlx5281/rtl9602C/librtl9602C.o
                0x83c00700                Lan_Stop
 .text.Lan_Initialize
                0x83c00758      0x210 arch/otto/cpu/rlx5281/rtl9602C/librtl9602C.o
                0x83c00758                Lan_Initialize
 .text.Lan_WriteMac
                0x83c00968       0x5c arch/otto/cpu/rlx5281/rtl9602C/librtl9602C.o
                0x83c00968                Lan_WriteMac
 .text.Lan_RXENABLE
                0x83c009c4      0x1e0 arch/otto/cpu/rlx5281/rtl9602C/librtl9602C.o
                0x83c009c4                Lan_RXENABLE
 .text.isEthDbgLv
                0x83c00ba4       0x3c arch/otto/cpu/rlx5281/rtl9602C/librtl9602C.o
                0x83c00ba4                isEthDbgLv
 .text.Lan_Transmit
                0x83c00be0      0x208 arch/otto/cpu/rlx5281/rtl9602C/librtl9602C.o
                0x83c00be0                Lan_Transmit
 .text.Lan_Receive
                0x83c00de8      0x200 arch/otto/cpu/rlx5281/rtl9602C/librtl9602C.o
                0x83c00de8                Lan_Receive
 .text.__board_early_init_f
                0x83c00fe8        0x8 arch/otto/lib/libotto.o
                0x83c00fe8                __board_early_init_f
                0x83c00fe8                board_early_init_f
 .text.swp_pci  0x83c00ff0        0x8 arch/otto/lib/libotto.o
                0x83c00ff0                swp_pci
 .text.swp_spi  0x83c00ff8        0x8 arch/otto/lib/libotto.o
                0x83c00ff8                swp_spi
 .text.swp_misc
                0x83c01000        0x8 arch/otto/lib/libotto.o
                0x83c01000                swp_misc
 .text.init_func_ram
                0x83c01008       0x64 arch/otto/lib/libotto.o
 .text.hang     0x83c0106c       0x1c arch/otto/lib/libotto.o
                0x83c0106c                hang
 .text.display_banner
                0x83c01088       0x2c arch/otto/lib/libotto.o
 .text.swp_eth  0x83c010b4       0x2c arch/otto/lib/libotto.o
                0x83c010b4                swp_eth
 .text.swp_post
                0x83c010e0       0x58 arch/otto/lib/libotto.o
                0x83c010e0                swp_post
 .text.swp_env_set
                0x83c01138       0x68 arch/otto/lib/libotto.o
                0x83c01138                swp_env_set
 .text.swp_console_r
                0x83c011a0        0x8 arch/otto/lib/libotto.o
                0x83c011a0                swp_console_r
 .text.swp_studio
                0x83c011a8       0x1c arch/otto/lib/libotto.o
                0x83c011a8                swp_studio
 .text.swp_gen_fl
                0x83c011c4        0x8 arch/otto/lib/libotto.o
                0x83c011c4                swp_gen_fl
 .text.swp_uart
                0x83c011cc       0x48 arch/otto/lib/libotto.o
                0x83c011cc                swp_uart
 .text.swp_env  0x83c01214       0xb4 arch/otto/lib/libotto.o
                0x83c01214                swp_env
 .text.swp_flash_init
                0x83c012c8       0x18 arch/otto/lib/libotto.o
                0x83c012c8                swp_flash_init
 .text.board_init_r
                0x83c012e0       0x90 arch/otto/lib/libotto.o
                0x83c012e0                board_init_r
 .text.board_init_f
                0x83c01370       0xfc arch/otto/lib/libotto.o
                0x83c01370                board_init_f
 .text.linux_env_set
                0x83c0146c       0xf0 arch/otto/lib/libotto.o
 .text.do_bootm_linux
                0x83c0155c      0x394 arch/otto/lib/libotto.o
                0x83c0155c                do_bootm_linux
 .text.__ashldi3
                0x83c018f0       0x44 arch/otto/lib/libotto.o
                0x83c018f0                __ashldi3
 .text.__lshrdi3
                0x83c01934       0x44 arch/otto/lib/libotto.o
                0x83c01934                __lshrdi3
 .text.serial_init
                0x83c01978       0x18 arch/otto/lib/libotto.o
                0x83c01978                serial_init
 .text.serial_putc
                0x83c01990       0x50 arch/otto/lib/libotto.o
                0x83c01990                serial_putc
 .text.serial_puts
                0x83c019e0       0x3c arch/otto/lib/libotto.o
                0x83c019e0                serial_puts
 .text.serial_getc
                0x83c01a1c       0x14 arch/otto/lib/libotto.o
                0x83c01a1c                serial_getc
 .text.serial_tstc
                0x83c01a30       0x14 arch/otto/lib/libotto.o
                0x83c01a30                serial_tstc
 .text.serial_setbrg
                0x83c01a44        0x8 arch/otto/lib/libotto.o
                0x83c01a44                serial_setbrg
 .text.otto_lx_timer_init
                0x83c01a4c       0x64 arch/otto/lib/libotto.o
                0x83c01a4c                otto_lx_timer_init
 .text.__udelay
                0x83c01ab0       0x44 arch/otto/lib/libotto.o
                0x83c01ab0                __udelay
 .text.otto_lx_timer_get_timer
                0x83c01af4       0x54 arch/otto/lib/libotto.o
                0x83c01af4                otto_lx_timer_get_timer
 .text.get_timer
                0x83c01b48       0x10 arch/otto/lib/libotto.o
                0x83c01b48                get_timer
 .text.do_sleep
                0x83c01b58       0x88 arch/otto/lib/libotto.o
                0x83c01b58                do_sleep
 .text.timer_init
                0x83c01be0       0x7c arch/otto/lib/libotto.o
                0x83c01be0                timer_init
 .text.symb_retrive
                0x83c01c5c       0x38 arch/otto/lib/libotto.o
                0x83c01c5c                symb_retrive
 .text.cg_query_freq
                0x83c01c94       0xec arch/otto/lib/libotto.o
                0x83c01c94                cg_query_freq
 .text.sort_part_info
                0x83c01d80       0x6c arch/otto/lib/libotto.o
                0x83c01d80                sort_part_info
 .text.to_KMGB  0x83c01dec       0x90 arch/otto/lib/libotto.o
                0x83c01dec                to_KMGB
 .text.flash_layout_to_mtdparts
                0x83c01e7c      0x2d8 arch/otto/lib/libotto.o
 .text.otto_get_flash_size
                0x83c02154        0xc arch/otto/lib/libotto.o
                0x83c02154                otto_get_flash_size
 .text.part_info_init
                0x83c02160      0x1c0 arch/otto/lib/libotto.o
                0x83c02160                part_info_init
 .text.otto_flash_layout_init
                0x83c02320      0x26c arch/otto/lib/libotto.o
                0x83c02320                otto_flash_layout_init
 .text.spi_nand_chip_size
                0x83c0258c       0x10 arch/otto/lib/libotto.o
                0x83c0258c                spi_nand_chip_size
 .text.spi_nand_block_size
                0x83c0259c       0x10 arch/otto/lib/libotto.o
                0x83c0259c                spi_nand_block_size
 .text.spi_nand_page_size
                0x83c025ac       0x10 arch/otto/lib/libotto.o
                0x83c025ac                spi_nand_page_size
 .text.spi_nand_spare_size
                0x83c025bc       0x10 arch/otto/lib/libotto.o
                0x83c025bc                spi_nand_spare_size
 .text.spi_nand_erase
                0x83c025cc      0x114 arch/otto/lib/libotto.o
                0x83c025cc                spi_nand_erase
 .text.spi_nand_read_write
                0x83c026e0      0x248 arch/otto/lib/libotto.o
                0x83c026e0                spi_nand_read_write
 .text._spi_nand_check_ecc
                0x83c02928       0x40 arch/otto/lib/libotto.o
                0x83c02928                _spi_nand_check_ecc
 .text.spi_nand_info
                0x83c02968       0xb4 arch/otto/lib/libotto.o
                0x83c02968                spi_nand_info
 .text.spi_nand_init
                0x83c02a1c      0x37c arch/otto/lib/libotto.o
                0x83c02a1c                spi_nand_init
 .text.spi_nand_read_ecc
                0x83c02d98      0x1b8 arch/otto/lib/libotto.o
                0x83c02d98                spi_nand_read_ecc
 .text.spi_nand_write_ecc
                0x83c02f50      0x1bc arch/otto/lib/libotto.o
                0x83c02f50                spi_nand_write_ecc
 .text.atoi     0x83c0310c       0xa4 arch/otto/lib/libotto.o
 .text.snaf_tsbh_set_good
                0x83c031b0       0x48 arch/otto/lib/libotto.o
 .text.snaf_tsbh_set_bad
                0x83c031f8       0x6c arch/otto/lib/libotto.o
 .text.snaf_tsbh_test_and_set
                0x83c03264      0x110 arch/otto/lib/libotto.o
 .text.snaf_tsbh_range
                0x83c03374      0x150 arch/otto/lib/libotto.o
 .text.snaf_test_and_set_block_health_status
                0x83c034c4      0x38c arch/otto/lib/libotto.o
 .text.do_snaf_test_and_set_block_health_status
                0x83c03850       0x10 arch/otto/lib/libotto.o
 .text.do_bdinfo
                0x83c03860      0x120 common/libcommon.o
                0x83c03860                do_bdinfo
 .text.do_go_exec
                0x83c03980       0x14 common/libcommon.o
                0x83c03980                do_go_exec
 .text.do_go    0x83c03994       0xa0 common/libcommon.o
                0x83c03994                do_go
 .text.__arch_preboot_os
                0x83c03a34        0x8 common/libcommon.o
                0x83c03a34                arch_preboot_os
                0x83c03a34                __arch_preboot_os
 .text.image_info
                0x83c03a3c       0xdc common/libcommon.o
 .text.do_iminfo
                0x83c03b18       0xb0 common/libcommon.o
                0x83c03b18                do_iminfo
 .text.do_bootd
                0x83c03bc8       0x30 common/libcommon.o
                0x83c03bc8                do_bootd
 .text.do_bootm_rtems
                0x83c03bf8       0x60 common/libcommon.o
 .text.do_bootm_netbsd
                0x83c03c58      0x1a4 common/libcommon.o
 .text.bootm_load_os
                0x83c03dfc      0x234 common/libcommon.o
 .text.bootm_start
                0x83c04030      0x3e8 common/libcommon.o
 .text.do_bootm_subcommand
                0x83c04418      0x20c common/libcommon.o
                0x83c04418                do_bootm_subcommand
 .text.do_bootm
                0x83c04624      0x2f8 common/libcommon.o
                0x83c04624                do_bootm
 .text.bootm_maybe_autostart
                0x83c0491c       0x8c common/libcommon.o
                0x83c0491c                bootm_maybe_autostart
 .text.do_coninfo
                0x83c049a8      0x13c common/libcommon.o
                0x83c049a8                do_coninfo
 .text.do_echo  0x83c04ae4       0xdc common/libcommon.o
                0x83c04ae4                do_echo
 .text.do_exit  0x83c04bc0       0x38 common/libcommon.o
                0x83c04bc0                do_exit
 .text.do_help  0x83c04bf8       0x5c common/libcommon.o
                0x83c04bf8                do_help
 .text.evalexp  0x83c04c54       0xa0 common/libcommon.o
 .text.binary_test
                0x83c04cf4      0x1d8 common/libcommon.o
                0x83c04cf4                binary_test
 .text.do_itest
                0x83c04ecc       0xb4 common/libcommon.o
                0x83c04ecc                do_itest
 .text.bin_data_init
                0x83c04f80       0x1c common/libcommon.o
 .text.bin_data_char
                0x83c04f9c       0x30 common/libcommon.o
 .text.k_data_init
                0x83c04fcc       0x18 common/libcommon.o
                0x83c04fcc                k_data_init
 .text.k_data_char
                0x83c04fe4       0x9c common/libcommon.o
                0x83c04fe4                k_data_char
 .text.send_pad
                0x83c05080       0x48 common/libcommon.o
                0x83c05080                send_pad
 .text.s1_sendpacket
                0x83c050c8       0x44 common/libcommon.o
                0x83c050c8                s1_sendpacket
 .text.handle_send_packet
                0x83c0510c      0x254 common/libcommon.o
                0x83c0510c                handle_send_packet
 .text.send_nack
                0x83c05360       0x88 common/libcommon.o
                0x83c05360                send_nack
 .text.send_ack
                0x83c053e8       0x88 common/libcommon.o
                0x83c053e8                send_ack
 .text.load_serial_ymodem
                0x83c05470      0x120 common/libcommon.o
 .text.getcxmodem
                0x83c05590       0x30 common/libcommon.o
 .text.do_load_serial_bin
                0x83c055c0      0x630 common/libcommon.o
                0x83c055c0                do_load_serial_bin
 .text.load_serial
                0x83c05bf0      0x28c common/libcommon.o
 .text.do_load_serial
                0x83c05e7c      0x110 common/libcommon.o
                0x83c05e7c                do_load_serial
 .text.do_mem_crc
                0x83c05f8c       0xf0 common/libcommon.o
                0x83c05f8c                do_mem_crc
 .text.do_mem_base
                0x83c0607c       0x4c common/libcommon.o
                0x83c0607c                do_mem_base
 .text.do_mem_mtest
                0x83c060c8      0x1f8 common/libcommon.o
                0x83c060c8                do_mem_mtest
 .text.do_mem_loop
                0x83c062c0      0x160 common/libcommon.o
                0x83c062c0                do_mem_loop
 .text.do_mem_cp
                0x83c06420      0x13c common/libcommon.o
                0x83c06420                do_mem_cp
 .text.do_mem_cmp
                0x83c0655c      0x1ec common/libcommon.o
                0x83c0655c                do_mem_cmp
 .text.do_mem_mw
                0x83c06748      0x124 common/libcommon.o
                0x83c06748                do_mem_mw
 .text.mod_mem  0x83c0686c      0x1d0 common/libcommon.o
 .text.do_mem_nm
                0x83c06a3c       0x2c common/libcommon.o
                0x83c06a3c                do_mem_nm
 .text.do_mem_mm
                0x83c06a68       0x2c common/libcommon.o
                0x83c06a68                do_mem_mm
 .text.do_mem_md
                0x83c06a94      0x13c common/libcommon.o
                0x83c06a94                do_mem_md
 .text.netboot_common
                0x83c06bd0      0x2e8 common/libcommon.o
 .text.do_tftpb
                0x83c06eb8       0x10 common/libcommon.o
                0x83c06eb8                do_tftpb
 .text.do_bootp
                0x83c06ec8       0x10 common/libcommon.o
                0x83c06ec8                do_bootp
 .text.get_env_id
                0x83c06ed8       0x10 common/libcommon.o
                0x83c06ed8                get_env_id
 .text.do_env   0x83c06ee8       0x8c common/libcommon.o
 .text.do_env_delete
                0x83c06f74       0x24 common/libcommon.o
 .text.do_env_import
                0x83c06f98      0x2ac common/libcommon.o
 .text.do_env_default
                0x83c07244       0x64 common/libcommon.o
 .text.envmatch
                0x83c072a8       0x90 common/libcommon.o
                0x83c072a8                envmatch
 .text.getenv_f
                0x83c07338       0xfc common/libcommon.o
                0x83c07338                getenv_f
 .text.do_env_save
                0x83c07434       0x34 common/libcommon.o
                0x83c07434                do_env_save
 .text.getenv   0x83c07468       0x90 common/libcommon.o
                0x83c07468                getenv
 .text.getenv_ulong
                0x83c074f8       0x50 common/libcommon.o
                0x83c074f8                getenv_ulong
 .text.env_print
                0x83c07548       0xb0 common/libcommon.o
 .text.do_env_print
                0x83c075f8       0xc4 common/libcommon.o
                0x83c075f8                do_env_print
 .text._do_env_set
                0x83c076bc      0x438 common/libcommon.o
                0x83c076bc                _do_env_set
 .text.do_env_set
                0x83c07af4       0x28 common/libcommon.o
                0x83c07af4                do_env_set
 .text.setenv   0x83c07b1c       0x58 common/libcommon.o
                0x83c07b1c                setenv
 .text.do_env_export
                0x83c07b74      0x2e8 common/libcommon.o
 .text.do_env_edit
                0x83c07e5c       0x90 common/libcommon.o
                0x83c07e5c                do_env_edit
 .text.setenv_addr
                0x83c07eec       0x4c common/libcommon.o
                0x83c07eec                setenv_addr
 .text.setenv_ulong
                0x83c07f38       0x30 common/libcommon.o
                0x83c07f38                setenv_ulong
 .text.source   0x83c07f68      0x160 common/libcommon.o
                0x83c07f68                source
 .text.do_source
                0x83c080c8       0x54 common/libcommon.o
                0x83c080c8                do_source
 .text.do_spi_nand
                0x83c0811c      0x248 common/libcommon.o
                0x83c0811c                do_spi_nand
 .text.do_false
                0x83c08364        0x8 common/libcommon.o
                0x83c08364                do_false
 .text.do_true  0x83c0836c        0x8 common/libcommon.o
                0x83c0836c                do_true
 .text.do_test  0x83c08374      0x510 common/libcommon.o
                0x83c08374                do_test
 .text.do_version
                0x83c08884       0x44 common/libcommon.o
                0x83c08884                do_version
 .text.do_imgextract
                0x83c088c8      0x2f0 common/libcommon.o
                0x83c088c8                do_imgextract
 .text.cmd_get_data_size
                0x83c08bb8       0x7c common/libcommon.o
                0x83c08bb8                cmd_get_data_size
 .text.cmd_usage
                0x83c08c34       0x78 common/libcommon.o
                0x83c08c34                cmd_usage
 .text.find_cmd_tbl
                0x83c08cac       0xdc common/libcommon.o
                0x83c08cac                find_cmd_tbl
 .text.find_cmd
                0x83c08d88       0x30 common/libcommon.o
                0x83c08d88                find_cmd
 .text._do_help
                0x83c08db8      0x1f8 common/libcommon.o
                0x83c08db8                _do_help
 .text.console_setfile
                0x83c08fb0       0xdc common/libcommon.o
 .text.fgetc    0x83c0908c       0x34 common/libcommon.o
                0x83c0908c                fgetc
 .text.ftstc    0x83c090c0       0x34 common/libcommon.o
                0x83c090c0                ftstc
 .text.fputc    0x83c090f4       0x3c common/libcommon.o
                0x83c090f4                fputc
 .text.fputs    0x83c09130       0x38 common/libcommon.o
                0x83c09130                fputs
 .text.had_ctrlc
                0x83c09168       0x10 common/libcommon.o
                0x83c09168                had_ctrlc
 .text.clear_ctrlc
                0x83c09178        0xc common/libcommon.o
                0x83c09178                clear_ctrlc
 .text.console_init_r
                0x83c09184       0xf8 common/libcommon.o
                0x83c09184                console_init_r
 .text.search_device
                0x83c0927c       0x3c common/libcommon.o
                0x83c0927c                search_device
 .text.console_assign
                0x83c092b8       0x60 common/libcommon.o
                0x83c092b8                console_assign
 .text.fprintf  0x83c09318       0x5c common/libcommon.o
                0x83c09318                fprintf
 .text.puts     0x83c09374       0x84 common/libcommon.o
                0x83c09374                puts
 .text.vprintf  0x83c093f8       0x40 common/libcommon.o
                0x83c093f8                vprintf
 .text.printf   0x83c09438       0x54 common/libcommon.o
                0x83c09438                printf
 .text.putc     0x83c0948c       0x6c common/libcommon.o
                0x83c0948c                putc
 .text.console_init_f
                0x83c094f8       0xac common/libcommon.o
                0x83c094f8                console_init_f
 .text.tstc     0x83c095a4       0x3c common/libcommon.o
                0x83c095a4                tstc
 .text.getc     0x83c095e0       0x3c common/libcommon.o
                0x83c095e0                getc
 .text.ctrlc    0x83c0961c       0x6c common/libcommon.o
                0x83c0961c                ctrlc
 .text.mem_malloc_init
                0x83c09688       0x30 common/libcommon.o
                0x83c09688                mem_malloc_init
 .text.sbrk     0x83c096b8       0x78 common/libcommon.o
                0x83c096b8                sbrk
 .text.malloc_trim
                0x83c09730       0xf8 common/libcommon.o
                0x83c09730                malloc_trim
 .text.free     0x83c09828      0x258 common/libcommon.o
                0x83c09828                free
 .text.malloc   0x83c09a80      0x6f4 common/libcommon.o
                0x83c09a80                malloc
 .text.calloc   0x83c0a174       0xf0 common/libcommon.o
                0x83c0a174                calloc
 .text.realloc  0x83c0a264      0x4c0 common/libcommon.o
                0x83c0a264                realloc
 .text.set_default_env
                0x83c0a724       0xb4 common/libcommon.o
                0x83c0a724                set_default_env
 .text.env_relocate
                0x83c0a7d8       0x44 common/libcommon.o
                0x83c0a7d8                env_relocate
 .text.env_import
                0x83c0a81c       0xe4 common/libcommon.o
                0x83c0a81c                env_import
 .text.env_get_char
                0x83c0a900       0x78 common/libcommon.o
                0x83c0a900                env_get_char
 .text.env_get_char_spec
                0x83c0a978       0x1c common/libcommon.o
                0x83c0a978                env_get_char_spec
 .text.env_init
                0x83c0a994       0x2c common/libcommon.o
                0x83c0a994                env_init
 .text.readenv  0x83c0a9c0       0xbc common/libcommon.o
                0x83c0a9c0                readenv
 .text.writeenv
                0x83c0aa7c       0xbc common/libcommon.o
                0x83c0aa7c                writeenv
 .text.saveenv  0x83c0ab38      0x188 common/libcommon.o
                0x83c0ab38                saveenv
 .text.env_relocate_spec
                0x83c0acc0      0x1e4 common/libcommon.o
                0x83c0acc0                env_relocate_spec
 .text.dummy    0x83c0aea4        0x8 common/libcommon.o
 .text.get_version
                0x83c0aeac        0x8 common/libcommon.o
                0x83c0aeac                get_version
 .text.jumptable_init
                0x83c0aeb4      0x220 common/libcommon.o
                0x83c0aeb4                jumptable_init
 .text.static_get
                0x83c0b0d4       0x1c common/libcommon.o
 .text.static_peek
                0x83c0b0f0       0x10 common/libcommon.o
 .text.file_peek
                0x83c0b100       0x10 common/libcommon.o
 .text.do_showvar
                0x83c0b110      0x160 common/libcommon.o
                0x83c0b110                do_showvar
 .text.u_boot_hush_start
                0x83c0b270       0x64 common/libcommon.o
                0x83c0b270                u_boot_hush_start
 .text.xmalloc  0x83c0b2d4       0x34 common/libcommon.o
 .text.new_pipe
                0x83c0b308       0x30 common/libcommon.o
                0x83c0b308                new_pipe
 .text.file_get
                0x83c0b338      0x220 common/libcommon.o
 .text.free_pipe_list
                0x83c0b558      0x128 common/libcommon.o
 .text.xrealloc
                0x83c0b680       0x34 common/libcommon.o
 .text.done_command
                0x83c0b6b4       0xac common/libcommon.o
 .text.initialize_context
                0x83c0b760       0x44 common/libcommon.o
 .text.done_pipe
                0x83c0b7a4       0x60 common/libcommon.o
 .text.reserved_word
                0x83c0b804      0x1d8 common/libcommon.o
                0x83c0b804                reserved_word
 .text.b_addchr
                0x83c0b9dc       0xa4 common/libcommon.o
 .text.done_word
                0x83c0ba80      0x1d0 common/libcommon.o
 .text.b_addqchr
                0x83c0bc50       0x70 common/libcommon.o
 .text.set_local_var
                0x83c0bcc0      0x1e8 common/libcommon.o
                0x83c0bcc0                set_local_var
 .text.update_ifs_map
                0x83c0bea8       0xd4 common/libcommon.o
                0x83c0bea8                update_ifs_map
 .text.get_local_var
                0x83c0bf7c       0xb0 common/libcommon.o
                0x83c0bf7c                get_local_var
 .text.insert_var_value
                0x83c0c02c      0x184 common/libcommon.o
 .text.parse_stream_outer
                0x83c0c1b0      0x6d8 common/libcommon.o
 .text.parse_file_outer
                0x83c0c888       0x48 common/libcommon.o
                0x83c0c888                parse_file_outer
 .text.parse_string_outer
                0x83c0c8d0      0x118 common/libcommon.o
                0x83c0c8d0                parse_string_outer
 .text.run_list_real
                0x83c0c9e8      0x924 common/libcommon.o
 .text.image_multi_count
                0x83c0d30c       0x20 common/libcommon.o
                0x83c0d30c                image_multi_count
 .text.image_multi_getimg
                0x83c0d32c       0x88 common/libcommon.o
                0x83c0d32c                image_multi_getimg
 .text.genimg_get_os_name
                0x83c0d3b4       0x40 common/libcommon.o
                0x83c0d3b4                genimg_get_os_name
 .text.genimg_get_type_name
                0x83c0d3f4       0x40 common/libcommon.o
                0x83c0d3f4                genimg_get_type_name
 .text.genimg_get_format
                0x83c0d434       0x18 common/libcommon.o
                0x83c0d434                genimg_get_format
 .text.genimg_get_image
                0x83c0d44c        0x8 common/libcommon.o
                0x83c0d44c                genimg_get_image
 .text.genimg_print_size
                0x83c0d454       0x40 common/libcommon.o
                0x83c0d454                genimg_print_size
 .text.memmove_wd
                0x83c0d494       0x18 common/libcommon.o
                0x83c0d494                memmove_wd
 .text.getenv_yesno
                0x83c0d4ac       0x34 common/libcommon.o
                0x83c0d4ac                getenv_yesno
 .text.image_print_contents
                0x83c0d4e0      0x2e4 common/libcommon.o
                0x83c0d4e0                image_print_contents
 .text.image_check_dcrc
                0x83c0d7c4       0x40 common/libcommon.o
                0x83c0d7c4                image_check_dcrc
 .text.image_check_hcrc
                0x83c0d804       0x5c common/libcommon.o
                0x83c0d804                image_check_hcrc
 .text.boot_get_ramdisk
                0x83c0d860      0x294 common/libcommon.o
                0x83c0d860                boot_get_ramdisk
 .text.__show_boot_progress
                0x83c0daf4        0x8 common/libcommon.o
                0x83c0daf4                __show_boot_progress
                0x83c0daf4                show_boot_progress
 .text.otto_uart_en
                0x83c0dafc        0x8 common/libcommon.o
                0x83c0dafc                otto_uart_en
 .text.do_run   0x83c0db04       0xa8 common/libcommon.o
                0x83c0db04                do_run
 .text.delete_char
                0x83c0dbac      0x138 common/libcommon.o
 .text.cread_add_char
                0x83c0dce4      0x13c common/libcommon.o
 .text.readline_into_buffer
                0x83c0de20      0x9e8 common/libcommon.o
                0x83c0de20                readline_into_buffer
 .text.readline
                0x83c0e808       0x14 common/libcommon.o
                0x83c0e808                readline
 .text.main_loop
                0x83c0e81c      0x118 common/libcommon.o
                0x83c0e81c                main_loop
 .text.hex2_bin
                0x83c0e934       0xac common/libcommon.o
 .text.srec_decode
                0x83c0e9e0      0x26c common/libcommon.o
                0x83c0e9e0                srec_decode
 .text.stdio_get_list
                0x83c0ec4c        0xc common/libcommon.o
                0x83c0ec4c                stdio_get_list
 .text.stdio_clone
                0x83c0ec58       0x68 common/libcommon.o
                0x83c0ec58                stdio_clone
 .text.stdio_register
                0x83c0ecc0       0x54 common/libcommon.o
                0x83c0ecc0                stdio_register
 .text.stdio_init
                0x83c0ed14       0xa0 common/libcommon.o
                0x83c0ed14                stdio_init
 .text.stdio_get_by_name
                0x83c0edb4       0x78 common/libcommon.o
                0x83c0edb4                stdio_get_by_name
 .text.parse_num
                0x83c0ee2c      0x15c common/libcommon.o
                0x83c0ee2c                parse_num
 .text.xyzModem_error
                0x83c0ef88       0x38 common/libcommon.o
                0x83c0ef88                xyzModem_error
 .text.xyzModem_stream_close
                0x83c0efc0       0x60 common/libcommon.o
                0x83c0efc0                xyzModem_stream_close
 .text.CYGACC_COMM_IF_GETC_TIMEOUT
                0x83c0f020       0x84 common/libcommon.o
                0x83c0f020                CYGACC_COMM_IF_GETC_TIMEOUT
 .text.xyzModem_stream_terminate
                0x83c0f0a4       0xcc common/libcommon.o
                0x83c0f0a4                xyzModem_stream_terminate
 .text.xyzModem_get_hdr
                0x83c0f170      0x33c common/libcommon.o
 .text.xyzModem_stream_read
                0x83c0f4ac      0x2b0 common/libcommon.o
                0x83c0f4ac                xyzModem_stream_read
 .text.xyzModem_stream_open
                0x83c0f75c      0x1c0 common/libcommon.o
                0x83c0f75c                xyzModem_stream_open
 .text.GregorianDay
                0x83c0f91c      0x148 drivers/rtc/librtc.o
                0x83c0f91c                GregorianDay
 .text.to_tm    0x83c0fa64       0xf8 drivers/rtc/librtc.o
                0x83c0fa64                to_tm
 .text.cyg_crc16
                0x83c0fb5c       0x50 lib/libgeneric.o
                0x83c0fb5c                cyg_crc16
 .text.crc32_no_comp
                0x83c0fbac      0x17c lib/libgeneric.o
                0x83c0fbac                crc32_no_comp
 .text.crc32    0x83c0fd28       0x20 lib/libgeneric.o
                0x83c0fd28                crc32
 .text.crc32_wd
                0x83c0fd48        0x8 lib/libgeneric.o
                0x83c0fd48                crc32_wd
 .text.print_size
                0x83c0fd50      0x1c0 lib/libgeneric.o
                0x83c0fd50                print_size
 .text.print_buffer
                0x83c0ff10      0x1f8 lib/libgeneric.o
                0x83c0ff10                print_buffer
 .text.zunzip   0x83c10108      0x154 lib/libgeneric.o
                0x83c10108                zunzip
 .text.gunzip   0x83c1025c       0xd0 lib/libgeneric.o
                0x83c1025c                gunzip
 .text.zfree    0x83c1032c        0xc lib/libgeneric.o
                0x83c1032c                zfree
 .text.zalloc   0x83c10338       0x1c lib/libgeneric.o
                0x83c10338                zalloc
 .text.hdestroy_r
                0x83c10354       0xa8 lib/libgeneric.o
                0x83c10354                hdestroy_r
 .text.cmpkey   0x83c103fc       0x18 lib/libgeneric.o
 .text.hcreate_r
                0x83c10414       0xc4 lib/libgeneric.o
                0x83c10414                hcreate_r
 .text.hexport_r
                0x83c104d8      0x2f8 lib/libgeneric.o
                0x83c104d8                hexport_r
 .text.hsearch_r
                0x83c107d0      0x2e8 lib/libgeneric.o
                0x83c107d0                hsearch_r
 .text.hdelete_r
                0x83c10ab8       0xa0 lib/libgeneric.o
                0x83c10ab8                hdelete_r
 .text.himport_r
                0x83c10b58      0x298 lib/libgeneric.o
                0x83c10b58                himport_r
 .text.string_to_ip
                0x83c10df0       0xa0 lib/libgeneric.o
                0x83c10df0                string_to_ip
 .text.qsort    0x83c10e90      0x194 lib/libgeneric.o
                0x83c10e90                qsort
 .text.__div64_32
                0x83c11024      0x15c lib/libgeneric.o
                0x83c11024                __div64_32
 .text.strcpy   0x83c11180       0x24 lib/libgeneric.o
                0x83c11180                strcpy
 .text.strncpy  0x83c111a4       0x2c lib/libgeneric.o
                0x83c111a4                strncpy
 .text.strcat   0x83c111d0       0x34 lib/libgeneric.o
                0x83c111d0                strcat
 .text.strncat  0x83c11204       0x50 lib/libgeneric.o
                0x83c11204                strncat
 .text.strcmp   0x83c11254       0x30 lib/libgeneric.o
                0x83c11254                strcmp
 .text.strncmp  0x83c11284       0x44 lib/libgeneric.o
                0x83c11284                strncmp
 .text.strchr   0x83c112c8       0x38 lib/libgeneric.o
                0x83c112c8                strchr
 .text.strlen   0x83c11300       0x1c lib/libgeneric.o
                0x83c11300                strlen
 .text.strnlen  0x83c1131c       0x28 lib/libgeneric.o
                0x83c1131c                strnlen
 .text.memset   0x83c11344       0x78 lib/libgeneric.o
                0x83c11344                memset
 .text.memcpy   0x83c113bc       0x84 lib/libgeneric.o
                0x83c113bc                memcpy
 .text.memmove  0x83c11440       0x68 lib/libgeneric.o
                0x83c11440                memmove
 .text.memcmp   0x83c114a8       0x38 lib/libgeneric.o
                0x83c114a8                memcmp
 .text.strdup   0x83c114e0       0x64 lib/libgeneric.o
                0x83c114e0                strdup
 .text.udelay   0x83c11544       0x5c lib/libgeneric.o
                0x83c11544                udelay
 .text.simple_strtoul
                0x83c115a0       0xd0 lib/libgeneric.o
                0x83c115a0                simple_strtoul
 .text.simple_strtol
                0x83c11670       0x3c lib/libgeneric.o
                0x83c11670                simple_strtol
 .text.put_dec_trunc
                0x83c116ac      0x134 lib/libgeneric.o
 .text.simple_itoa
                0x83c117e0       0x48 lib/libgeneric.o
                0x83c117e0                simple_itoa
 .text.string   0x83c11828       0xc4 lib/libgeneric.o
 .text.put_dec  0x83c118ec      0x1c8 lib/libgeneric.o
 .text.number   0x83c11ab4      0x2cc lib/libgeneric.o
 .text.vsprintf
                0x83c11d80      0x778 lib/libgeneric.o
                0x83c11d80                vsprintf
 .text.sprintf  0x83c124f8       0x2c lib/libgeneric.o
                0x83c124f8                sprintf
 .text.strict_strtoul
                0x83c12524       0x98 lib/libgeneric.o
                0x83c12524                strict_strtoul
 .text.LzmaDec_WriteRem
                0x83c125bc       0xc0 lib/lzma/liblzma.o
 .text.LzmaDec_DecodeReal2
                0x83c1267c      0xfc8 lib/lzma/liblzma.o
 .text.LzmaDec_TryDummy
                0x83c13644      0x76c lib/lzma/liblzma.o
 .text.LzmaDec_FreeProbs
                0x83c13db0       0x38 lib/lzma/liblzma.o
                0x83c13db0                LzmaDec_FreeProbs
 .text.LzmaProps_Decode
                0x83c13de8       0xa8 lib/lzma/liblzma.o
                0x83c13de8                LzmaProps_Decode
 .text.LzmaDec_AllocateProbs2
                0x83c13e90       0x90 lib/lzma/liblzma.o
 .text.LzmaDec_AllocateProbs
                0x83c13f20       0x90 lib/lzma/liblzma.o
                0x83c13f20                LzmaDec_AllocateProbs
 .text.LzmaDec_DecodeToDic
                0x83c13fb0      0x3dc lib/lzma/liblzma.o
                0x83c13fb0                LzmaDec_DecodeToDic
 .text.LzmaDecode
                0x83c1438c      0x134 lib/lzma/liblzma.o
                0x83c1438c                LzmaDecode
 .text.lzmaBuffToBuffDecompress
                0x83c144c0      0x110 lib/lzma/liblzma.o
                0x83c144c0                lzmaBuffToBuffDecompress
 .text.SzFree   0x83c145d0        0xc lib/lzma/liblzma.o
 .text.SzAlloc  0x83c145dc        0xc lib/lzma/liblzma.o
 .text.inflate_fast
                0x83c145e8      0x5b4 lib/zlib/libz.o
                0x83c145e8                inflate_fast
 .text.inflate_table
                0x83c14b9c      0x50c lib/zlib/libz.o
                0x83c14b9c                inflate_table
 .text.inflateReset
                0x83c150a8       0x78 lib/zlib/libz.o
                0x83c150a8                inflateReset
 .text.inflateInit2_
                0x83c15120      0x120 lib/zlib/libz.o
                0x83c15120                inflateInit2_
 .text.inflateEnd
                0x83c15240       0x78 lib/zlib/libz.o
                0x83c15240                inflateEnd
 .text.adler32  0x83c152b8      0x300 lib/zlib/libz.o
                0x83c152b8                adler32
 .text.zcfree   0x83c155b8        0xc lib/zlib/libz.o
                0x83c155b8                zcfree
 .text.zcalloc  0x83c155c4       0x10 lib/zlib/libz.o
                0x83c155c4                zcalloc
 .text.inflate  0x83c155d4     0x1718 lib/zlib/libz.o
                0x83c155d4                inflate
 .text.BootpRequest
                0x83c16cec      0x264 net/libnet.o
                0x83c16cec                BootpRequest
 .text.BootpHandler
                0x83c16f50      0x404 net/libnet.o
 .text.BootpTimeout
                0x83c17354       0x4c net/libnet.o
 .text.__def_eth_init
                0x83c173a0        0x8 net/libnet.o
                0x83c173a0                board_eth_init
 .text.eth_get_dev
                0x83c173a8       0x10 net/libnet.o
                0x83c173a8                eth_get_dev
 .text.eth_get_dev_index
                0x83c173b8       0x4c net/libnet.o
                0x83c173b8                eth_get_dev_index
 .text.eth_halt
                0x83c17404       0x44 net/libnet.o
                0x83c17404                eth_halt
 .text.eth_send
                0x83c17448       0x2c net/libnet.o
                0x83c17448                eth_send
 .text.eth_rx   0x83c17474       0x24 net/libnet.o
                0x83c17474                eth_rx
 .text.eth_get_name
                0x83c17498       0x20 net/libnet.o
                0x83c17498                eth_get_name
 .text.eth_current_changed
                0x83c174b8       0x80 net/libnet.o
 .text.eth_set_current
                0x83c17538       0xd4 net/libnet.o
                0x83c17538                eth_set_current
 .text.eth_try_another
                0x83c1760c       0x90 net/libnet.o
                0x83c1760c                eth_try_another
 .text.eth_register
                0x83c1769c       0x78 net/libnet.o
                0x83c1769c                eth_register
 .text.eth_parse_enetaddr
                0x83c17714       0x98 net/libnet.o
                0x83c17714                eth_parse_enetaddr
 .text.eth_getenv_enetaddr
                0x83c177ac       0x70 net/libnet.o
                0x83c177ac                eth_getenv_enetaddr
 .text.eth_getenv_enetaddr_by_index
                0x83c1781c       0x60 net/libnet.o
                0x83c1781c                eth_getenv_enetaddr_by_index
 .text.eth_init
                0x83c1787c      0x104 net/libnet.o
                0x83c1787c                eth_init
 .text.eth_write_hwaddr
                0x83c17980      0x198 net/libnet.o
                0x83c17980                eth_write_hwaddr
 .text.eth_initialize
                0x83c17b18      0x208 net/libnet.o
                0x83c17b18                eth_initialize
 .text.startAgainTimeout
                0x83c17d20       0x10 net/libnet.o
 .text.startAgainHandler
                0x83c17d30        0x8 net/libnet.o
 .text.NetSetHandler
                0x83c17d38        0xc net/libnet.o
                0x83c17d38                NetSetHandler
 .text.NetCksumOk
                0x83c17d44       0x40 net/libnet.o
                0x83c17d44                NetCksumOk
 .text.NetEthHdrSize
                0x83c17d84       0x30 net/libnet.o
                0x83c17d84                NetEthHdrSize
 .text.copy_filename
                0x83c17db4       0x4c net/libnet.o
                0x83c17db4                copy_filename
 .text.string_to_VLAN
                0x83c17e00       0x48 net/libnet.o
                0x83c17e00                string_to_VLAN
 .text.getenv_VLAN
                0x83c17e48       0x20 net/libnet.o
                0x83c17e48                getenv_VLAN
 .text.ip_to_string
                0x83c17e68       0x48 net/libnet.o
                0x83c17e68                ip_to_string
 .text.NetSetIP
                0x83c17eb0      0x118 net/libnet.o
                0x83c17eb0                NetSetIP
 .text.NetSetEther
                0x83c17fc8       0x94 net/libnet.o
                0x83c17fc8                NetSetEther
 .text.NetSendPacket
                0x83c1805c        0x8 net/libnet.o
                0x83c1805c                NetSendPacket
 .text.NetReceive
                0x83c18064      0x3d0 net/libnet.o
                0x83c18064                NetReceive
 .text.NetSetTimeout
                0x83c18434       0x4c net/libnet.o
                0x83c18434                NetSetTimeout
 .text.NetStartAgain
                0x83c18480      0x138 net/libnet.o
                0x83c18480                NetStartAgain
 .text.ArpRequest
                0x83c185b8      0x13c net/libnet.o
                0x83c185b8                ArpRequest
 .text.NetSendUDPPacket
                0x83c186f4      0x190 net/libnet.o
                0x83c186f4                NetSendUDPPacket
 .text.ArpTimeoutCheck
                0x83c18884       0x94 net/libnet.o
                0x83c18884                ArpTimeoutCheck
 .text.net_auto_load
                0x83c18918       0x50 net/libnet.o
                0x83c18918                net_auto_load
 .text.getenv_IPaddr
                0x83c18968       0x20 net/libnet.o
 .text.NetLoop  0x83c18988      0x484 net/libnet.o
                0x83c18988                NetLoop
 .text.TftpSend
                0x83c18e0c      0x1e4 net/libnet.o
 .text.TftpStart
                0x83c18ff0      0x334 net/libnet.o
                0x83c18ff0                TftpStart
 .text.TftpTimeout
                0x83c19324       0x94 net/libnet.o
 .text.TftpHandler
                0x83c193b8      0x394 net/libnet.o
 .text.initdram
                0x83c1974c       0xc4 board/Realtek/rtl9602C/librtl9602C.o
                0x83c1974c                initdram
 .text.checkboard
                0x83c19810       0xf4 board/Realtek/rtl9602C/librtl9602C.o
                0x83c19810                checkboard
 .text.do_btg   0x83c19904       0x10 board/Realtek/rtl9602C/librtl9602C.o
                0x83c19904                do_btg
 .text.do_reset_all
                0x83c19914       0x3c board/Realtek/rtl9602C/librtl9602C.o
                0x83c19914                do_reset_all
 .text.do_dram_test
                0x83c19950       0x14 board/Realtek/rtl9602C/librtl9602C.o
                0x83c19950                do_dram_test
 .text._btg_prompt
                0x83c19964       0x28 board/Realtek/rtl9602C/librtl9602C.o
 .text._btg_setup
                0x83c1998c      0x214 board/Realtek/rtl9602C/librtl9602C.o
                0x83c1998c                _btg_setup
 .text._btg_para_decode
                0x83c19ba0      0x244 board/Realtek/rtl9602C/librtl9602C.o
 .text._btg_show_reg
                0x83c19de4       0xec board/Realtek/rtl9602C/librtl9602C.o
 .text._btg_stop
                0x83c19ed0       0xa8 board/Realtek/rtl9602C/librtl9602C.o
                0x83c19ed0                _btg_stop
 .text._btg_start
                0x83c19f78       0xf4 board/Realtek/rtl9602C/librtl9602C.o
                0x83c19f78                _btg_start
 .text._btg_all_cmd_parse
                0x83c1a06c      0x29c board/Realtek/rtl9602C/librtl9602C.o
                0x83c1a06c                _btg_all_cmd_parse
 .text._btg_indie_cmd_parse
                0x83c1a308      0x3c0 board/Realtek/rtl9602C/librtl9602C.o
                0x83c1a308                _btg_indie_cmd_parse
 .text.btg_sub_sys
                0x83c1a6c8      0x218 board/Realtek/rtl9602C/librtl9602C.o
                0x83c1a6c8                btg_sub_sys
 .text.enable_DRAM_prefech
                0x83c1a8e0       0x70 board/Realtek/rtl9602C/librtl9602C.o
                0x83c1a8e0                enable_DRAM_prefech
 .text.cache_flush_adjacent_toggle_line128
                0x83c1a950      0x388 board/Realtek/rtl9602C/librtl9602C.o
                0x83c1a950                cache_flush_adjacent_toggle_line128
 .text.cache_flush_dispersed_toggle_word
                0x83c1acd8      0x4d0 board/Realtek/rtl9602C/librtl9602C.o
                0x83c1acd8                cache_flush_dispersed_toggle_word
 .text.cache_flush_adjacent_toggle_word
                0x83c1b1a8      0x1d4 board/Realtek/rtl9602C/librtl9602C.o
                0x83c1b1a8                cache_flush_adjacent_toggle_word
 .text.cache_flush_adj_addr
                0x83c1b37c      0x1a0 board/Realtek/rtl9602C/librtl9602C.o
                0x83c1b37c                cache_flush_adj_addr
 .text.unaligned_test
                0x83c1b51c      0x69c board/Realtek/rtl9602C/librtl9602C.o
                0x83c1b51c                unaligned_test
 .text.dram_byte_access
                0x83c1bbb8      0x224 board/Realtek/rtl9602C/librtl9602C.o
                0x83c1bbb8                dram_byte_access
 .text.dram_half_word_access
                0x83c1bddc      0x210 board/Realtek/rtl9602C/librtl9602C.o
                0x83c1bddc                dram_half_word_access
 .text.dram_com_addr_rot
                0x83c1bfec      0x274 board/Realtek/rtl9602C/librtl9602C.o
                0x83c1bfec                dram_com_addr_rot
 .text.dram_addr_rot
                0x83c1c260      0x268 board/Realtek/rtl9602C/librtl9602C.o
                0x83c1c260                dram_addr_rot
 .text.dram_walking_of_0
                0x83c1c4c8      0x1fc board/Realtek/rtl9602C/librtl9602C.o
                0x83c1c4c8                dram_walking_of_0
 .text.dram_walking_of_1
                0x83c1c6c4      0x204 board/Realtek/rtl9602C/librtl9602C.o
                0x83c1c6c4                dram_walking_of_1
 .text.dram_normal_patterns
                0x83c1c8c8      0x204 board/Realtek/rtl9602C/librtl9602C.o
                0x83c1c8c8                dram_normal_patterns
 .text.ddr_cmd_parsing
                0x83c1cacc      0x49c board/Realtek/rtl9602C/librtl9602C.o
                0x83c1cacc                ddr_cmd_parsing
 .text.cache_flush_dispersed
                0x83c1cf68      0x5d4 board/Realtek/rtl9602C/librtl9602C.o
                0x83c1cf68                cache_flush_dispersed
 .text.cache_flush_adjacent
                0x83c1d53c      0x2e0 board/Realtek/rtl9602C/librtl9602C.o
                0x83c1d53c                cache_flush_adjacent
 .text.cache_flush_test
                0x83c1d81c      0x490 board/Realtek/rtl9602C/librtl9602C.o
                0x83c1d81c                cache_flush_test
 .text.memcpy_test
                0x83c1dcac      0x1e0 board/Realtek/rtl9602C/librtl9602C.o
                0x83c1dcac                memcpy_test
 .text._dram_test
                0x83c1de8c      0x130 board/Realtek/rtl9602C/librtl9602C.o
                0x83c1de8c                _dram_test
 .text.dram_test
                0x83c1dfbc      0x3a4 board/Realtek/rtl9602C/librtl9602C.o
                0x83c1dfbc                dram_test
                0x83c1e360                . = ALIGN (0x4)

.rodata         0x83c1e360     0x75c8
 *(SORT(.rodata*))
 .rodata        0x83c1e360       0x20 net/libnet.o
 .rodata.C.28.3209
                0x83c1e380        0x8 board/Realtek/rtl9602C/librtl9602C.o
 .rodata.C.28.3252
                0x83c1e388       0x30 drivers/rtc/librtc.o
 .rodata.C.29.3210
                0x83c1e3b8        0x8 board/Realtek/rtl9602C/librtl9602C.o
 .rodata.CSWTCH.46
                0x83c1e3c0       0x58 common/libcommon.o
 .rodata.CSWTCH.59
                0x83c1e418       0x20 common/libcommon.o
 .rodata.FL_KERNEL_ID
                0x83c1e438        0x8 arch/otto/lib/libotto.o
                0x83c1e438                FL_KERNEL_ID
 .rodata.FL_ROOTFS_ID
                0x83c1e440        0x8 arch/otto/lib/libotto.o
                0x83c1e440                FL_ROOTFS_ID
 .rodata.TftpSend
                0x83c1e448       0x1c net/libnet.o
 .rodata.__FUNCTION__.3330
                0x83c1e464       0x18 board/Realtek/rtl9602C/librtl9602C.o
 .rodata.__FUNCTION__.3379
                0x83c1e47c       0x14 board/Realtek/rtl9602C/librtl9602C.o
 .rodata.__FUNCTION__.3426
                0x83c1e490       0x14 board/Realtek/rtl9602C/librtl9602C.o
 .rodata.__FUNCTION__.3474
                0x83c1e4a4       0x10 board/Realtek/rtl9602C/librtl9602C.o
 .rodata.__FUNCTION__.3530
                0x83c1e4b4       0x14 board/Realtek/rtl9602C/librtl9602C.o
 .rodata.__FUNCTION__.3588
                0x83c1e4c8       0x18 board/Realtek/rtl9602C/librtl9602C.o
 .rodata.__FUNCTION__.3642
                0x83c1e4e0       0x14 board/Realtek/rtl9602C/librtl9602C.o
 .rodata.__FUNCTION__.3699
                0x83c1e4f4        0xc board/Realtek/rtl9602C/librtl9602C.o
 .rodata.__FUNCTION__.3767
                0x83c1e500       0x10 board/Realtek/rtl9602C/librtl9602C.o
 .rodata.__FUNCTION__.3979
                0x83c1e510       0x18 board/Realtek/rtl9602C/librtl9602C.o
 .rodata.__FUNCTION__.4031
                0x83c1e528       0x18 board/Realtek/rtl9602C/librtl9602C.o
 .rodata.__FUNCTION__.4102
                0x83c1e540       0x18 board/Realtek/rtl9602C/librtl9602C.o
 .rodata.__FUNCTION__.4209
                0x83c1e558       0x24 board/Realtek/rtl9602C/librtl9602C.o
 .rodata.__FUNCTION__.4257
                0x83c1e57c       0x24 board/Realtek/rtl9602C/librtl9602C.o
 .rodata.__FUNCTION__.4350
                0x83c1e5a0       0x24 board/Realtek/rtl9602C/librtl9602C.o
 .rodata.__FUNCTION__.4418
                0x83c1e5c4       0x14 board/Realtek/rtl9602C/librtl9602C.o
 .rodata.__func__.3376
                0x83c1e5d8       0x10 common/libcommon.o
 .rodata.__func__.3391
                0x83c1e5e8        0xc arch/otto/cpu/rlx5281/rtl9602C/librtl9602C.o
 .rodata.__func__.3393
                0x83c1e5f4        0x8 common/libcommon.o
 .rodata.__func__.3401
                0x83c1e5fc        0xc common/libcommon.o
 .rodata.__func__.3443
                0x83c1e608       0x10 arch/otto/cpu/rlx5281/rtl9602C/librtl9602C.o
 .rodata.__func__.4085
                0x83c1e618       0x10 common/libcommon.o
 .rodata.__func__.4165
                0x83c1e628       0x10 common/libcommon.o
 .rodata._ctype
                0x83c1e638      0x100 lib/libgeneric.o
                0x83c1e638                _ctype
 .rodata.binary_test
                0x83c1e738       0x30 common/libcommon.o
 .rodata.boot_os
                0x83c1e768       0x4c common/libcommon.o
 .rodata.crc16_tab
                0x83c1e7b4      0x200 lib/libgeneric.o
 .rodata.crc_table
                0x83c1e9b4      0x400 lib/libgeneric.o
 .rodata.dbase.3811
                0x83c1edb4       0x40 lib/zlib/libz.o
 .rodata.default_environment
                0x83c1edf4      0x37c common/libcommon.o
                0x83c1edf4                default_environment
 .rodata.dext.3812
                0x83c1f170       0x40 lib/zlib/libz.o
 .rodata.digits.3562
                0x83c1f1b0       0x10 lib/libgeneric.o
 .rodata.distfix
                0x83c1f1c0       0x80 lib/zlib/libz.o
 .rodata.dram_patterns
                0x83c1f240       0x50 board/Realtek/rtl9602C/librtl9602C.o
                0x83c1f240                dram_patterns
 .rodata.erase_seq
                0x83c1f290        0x4 common/libcommon.o
 .rodata.failed
                0x83c1f294        0x4 arch/otto/lib/libotto.o
 .rodata.hex_asc
                0x83c1f298       0x14 lib/libgeneric.o
                0x83c1f298                hex_asc
 .rodata.inflate
                0x83c1f2ac       0x74 lib/zlib/libz.o
 .rodata.kLiteralNextStates
                0x83c1f320       0x18 lib/lzma/liblzma.o
 .rodata.lbase.3809
                0x83c1f338       0x40 lib/zlib/libz.o
 .rodata.lenfix
                0x83c1f378      0x800 lib/zlib/libz.o
 .rodata.lext.3810
                0x83c1fb78       0x40 lib/zlib/libz.o
 .rodata.line_toggle_pattern
                0x83c1fbb8       0x20 board/Realtek/rtl9602C/librtl9602C.o
                0x83c1fbb8                line_toggle_pattern
 .rodata.names.3545
                0x83c1fbd8        0x8 lib/libgeneric.o
 .rodata.op_table
                0x83c1fbe0       0x68 common/libcommon.o
 .rodata.order.4113
                0x83c1fc48       0x28 lib/zlib/libz.o
 .rodata.readline_into_buffer
                0x83c1fc70       0x20 common/libcommon.o
 .rodata.srec_decode
                0x83c1fc90       0x28 common/libcommon.o
 .rodata.str1.4
                0x83c1fcb8       0x43 arch/otto/cpu/rlx5281/librlx5281.o
                                 0x48 (size before relaxing)
 *fill*         0x83c1fcfb        0x1 00
 .rodata.str1.4
                0x83c1fcfc       0xbe arch/otto/cpu/rlx5281/rtl9602C/librtl9602C.o
                                 0xc0 (size before relaxing)
 *fill*         0x83c1fdba        0x2 00
 .rodata.str1.4
                0x83c1fdbc     0x1092 arch/otto/lib/libotto.o
                               0x10b0 (size before relaxing)
 *fill*         0x83c20e4e        0x2 00
 .rodata.str1.4
                0x83c20e50     0x2f8a common/libcommon.o
                               0x3330 (size before relaxing)
 *fill*         0x83c23dda        0x2 00
 .rodata.str1.4
                0x83c23ddc      0x163 lib/libgeneric.o
                                0x178 (size before relaxing)
 *fill*         0x83c23f3f        0x1 00
 .rodata.str1.4
                0x83c23f40      0x23d lib/zlib/libz.o
                                0x244 (size before relaxing)
 *fill*         0x83c2417d        0x3 00
 .rodata.str1.4
                0x83c24180      0x675 net/libnet.o
                                0x6f0 (size before relaxing)
 *fill*         0x83c247f5        0x3 00
 .rodata.str1.4
                0x83c247f8      0xe7c board/Realtek/rtl9602C/librtl9602C.o
                                0xf48 (size before relaxing)
 .rodata.tab_seq
                0x83c25674        0xc common/libcommon.o
 .rodata.toggle_pattern
                0x83c25680       0x30 board/Realtek/rtl9602C/librtl9602C.o
                0x83c25680                toggle_pattern
 .rodata.uimage_arch
                0x83c256b0       0xf0 common/libcommon.o
 .rodata.uimage_comp
                0x83c257a0       0x48 common/libcommon.o
 .rodata.uimage_os
                0x83c257e8       0x54 common/libcommon.o
 .rodata.uimage_type
                0x83c2583c       0xc0 common/libcommon.o
 .rodata.version_string
                0x83c258fc       0x2c common/libcommon.o
                0x83c258fc                version_string

.rel.dyn        0x83c25928       0xe0
 .rel.dyn       0x83c25928       0xe0 arch/otto/cpu/rlx5281/librlx5281.o
                0x83c25a08                . = ALIGN (0x4)

.data           0x83c25a20     0x1d78
 *(.data*)
 .data.regbase  0x83c25a20        0x4 arch/otto/cpu/rlx5281/rtl9602C/librtl9602C.o
                0x83c25a20                regbase
 .data.init_sequence
                0x83c25a24       0x1c arch/otto/lib/libotto.o
                0x83c25a24                init_sequence
 .data.part_info
                0x83c25a40       0x84 arch/otto/lib/libotto.o
 *fill*         0x83c25ac4       0x1c 00
 .data.aligned32
                0x83c25ae0     0x1120 arch/otto/lib/libotto.o
                0x83c25ae0                _tmp_ecc
                0x83c25b00                _tmp
 .data.cmd_bootm_sub
                0x83c26c00       0x90 common/libcommon.o
 .data.do_echo  0x83c26c90        0x4 common/libcommon.o
 .data.dp_last_length
                0x83c26c94        0x4 common/libcommon.o
 .data.load_addr
                0x83c26c98        0x4 common/libcommon.o
                0x83c26c98                load_addr
 .data.cmd_env_sub
                0x83c26c9c       0xd8 common/libcommon.o
 .data.env_id   0x83c26d74        0x4 common/libcommon.o
 .data.trim_threshold
                0x83c26d78        0x4 common/libcommon.o
 .data.av_      0x83c26d7c      0x408 common/libcommon.o
 .data.sbrk_base
                0x83c27184        0x4 common/libcommon.o
 .data.env_name_spec
                0x83c27188        0x4 common/libcommon.o
                0x83c27188                env_name_spec
 .data.reserved_list
                0x83c2718c       0x84 common/libcommon.o
 .data.hist_cur
                0x83c27210        0x4 common/libcommon.o
 .data.stdio_names
                0x83c27214        0xc common/libcommon.o
                0x83c27214                stdio_names
 .data.month_days
                0x83c27220       0x30 drivers/rtc/librtc.o
 .data.NetBcastAddr
                0x83c27250        0x8 net/libnet.o
                0x83c27250                NetBcastAddr
 .data.NetOurVLAN
                0x83c27258        0x2 net/libnet.o
                0x83c27258                NetOurVLAN
 .data.NetOurNativeVLAN
                0x83c2725a        0x2 net/libnet.o
                0x83c2725a                NetOurNativeVLAN
 .data.TftpRRQTimeoutCountMax
                0x83c2725c        0x4 net/libnet.o
                0x83c2725c                TftpRRQTimeoutCountMax
 .data.TftpBlkSizeOption
                0x83c27260        0x2 net/libnet.o
 *fill*         0x83c27262        0x2 00
 .data.TftpTimeoutMSecs
                0x83c27264        0x4 net/libnet.o
 .data.TftpTimeoutCountMax
                0x83c27268        0x4 net/libnet.o
 .data.TftpBlkSize
                0x83c2726c        0x2 net/libnet.o
 *fill*         0x83c2726e        0x2 00
 .data.btg      0x83c27270      0x18c board/Realtek/rtl9602C/librtl9602C.o
                0x83c27270                btg
 .data.btg_prompt_string
                0x83c273fc      0x39c board/Realtek/rtl9602C/librtl9602C.o
                0x83c273fc                btg_prompt_string
                0x83c27798                . = .
                0x83c2f790                _gp = (ALIGN (0x10) + 0x7ff0)

.got            0x83c27798        0x0
                0x83c27798                __got_start = .
 *(.got)
                0x83c27798                __got_end = .
                0x83c27798                . = ALIGN (0x4)

.sdata
 *(.sdata*)
                0x83c27798                . = ALIGN (0x4)

.soft_patch     0x83c27798       0x30
                0x83c27798                LS_sw_patch_start = .
 *(.soft_patch.0)
 *(.soft_patch.1)
 .soft_patch.1  0x83c27798        0x4 arch/otto/lib/libotto.o
                0x83c27798                __swp_swp_flash_init
 *(.soft_patch.2)
 *(.soft_patch.3)
 .soft_patch.3  0x83c2779c        0x4 arch/otto/lib/libotto.o
                0x83c2779c                __swp_swp_env
 *(.soft_patch.4)
 *(.soft_patch.5)
 .soft_patch.5  0x83c277a0        0x8 arch/otto/lib/libotto.o
                0x83c277a0                __swp_swp_uart
                0x83c277a4                __swp_swp_gen_fl
 *(.soft_patch.6)
 *(.soft_patch.7)
 .soft_patch.7  0x83c277a8        0x4 arch/otto/lib/libotto.o
                0x83c277a8                __swp_swp_pci
 *(.soft_patch.8)
 *(.soft_patch.9)
 .soft_patch.9  0x83c277ac        0x4 arch/otto/lib/libotto.o
                0x83c277ac                __swp_swp_studio
 *(.soft_patch.10)
 *(.soft_patch.11)
 .soft_patch.11
                0x83c277b0        0x4 arch/otto/lib/libotto.o
                0x83c277b0                __swp_swp_console_r
 *(.soft_patch.12)
 *(.soft_patch.13)
 .soft_patch.13
                0x83c277b4        0x4 arch/otto/lib/libotto.o
                0x83c277b4                __swp_swp_env_set
 *(.soft_patch.14)
 *(.soft_patch.15)
 .soft_patch.15
                0x83c277b8        0x4 arch/otto/lib/libotto.o
                0x83c277b8                __swp_swp_spi
 *(.soft_patch.16)
 *(.soft_patch.17)
 .soft_patch.17
                0x83c277bc        0x4 arch/otto/lib/libotto.o
                0x83c277bc                __swp_swp_misc
 *(.soft_patch.18)
 *(.soft_patch.19)
 .soft_patch.19
                0x83c277c0        0x4 arch/otto/lib/libotto.o
                0x83c277c0                __swp_swp_post
 *(.soft_patch.20)
 *(.soft_patch.21)
 .soft_patch.21
                0x83c277c4        0x4 arch/otto/lib/libotto.o
                0x83c277c4                __swp_swp_eth
 *(.soft_patch.22)
 *(.soft_patch.23)
                0x83c277c8                LS_bootm_stack = .
 *(.soft_patch.99)
                0x83c277c8                LS_sw_patch_end = .
                0x83c277c8                . = ALIGN (0x4)

.nor_spif_probe_func
                0x83c277c8        0x0
                0x83c277c8                LS_start_of_nor_spif_probe_func = .
 *(.nor_spif_probe_func)
                0x83c277c8                LS_end_of_nor_spif_probe_func = .
                0x83c277c8                . = ALIGN (0x4)

.u_boot_cmd     0x83c277c8      0x480
                0x83c277c8                __u_boot_cmd_start = .
 *(.u_boot_cmd)
 .u_boot_cmd    0x83c277c8       0x18 arch/otto/cpu/rlx5281/librlx5281.o
                0x83c277c8                __u_boot_cmd_reset_sw
 .u_boot_cmd    0x83c277e0       0x30 arch/otto/lib/libotto.o
                0x83c277e0                __u_boot_cmd_sleep
                0x83c277f8                __u_boot_cmd_nand_badblock
 .u_boot_cmd    0x83c27810      0x3f0 common/libcommon.o
                0x83c27810                __u_boot_cmd_bdinfo
                0x83c27828                __u_boot_cmd_go
                0x83c27840                __u_boot_cmd_reset
                0x83c27858                __u_boot_cmd_bootm
                0x83c27870                __u_boot_cmd_boot
                0x83c27888                __u_boot_cmd_bootd
                0x83c278a0                __u_boot_cmd_iminfo
                0x83c278b8                __u_boot_cmd_coninfo
                0x83c278d0                __u_boot_cmd_echo
                0x83c278e8                __u_boot_cmd_exit
                0x83c27900                __u_boot_cmd_help
                0x83c27918                __u_boot_cmd_question_mark
                0x83c27930                __u_boot_cmd_itest
                0x83c27948                __u_boot_cmd_loads
                0x83c27960                __u_boot_cmd_loadb
                0x83c27978                __u_boot_cmd_loady
                0x83c27990                __u_boot_cmd_md
                0x83c279a8                __u_boot_cmd_mm
                0x83c279c0                __u_boot_cmd_nm
                0x83c279d8                __u_boot_cmd_mw
                0x83c279f0                __u_boot_cmd_cp
                0x83c27a08                __u_boot_cmd_cmp
                0x83c27a20                __u_boot_cmd_crc32
                0x83c27a38                __u_boot_cmd_base
                0x83c27a50                __u_boot_cmd_loop
                0x83c27a68                __u_boot_cmd_mtest
                0x83c27a80                __u_boot_cmd_bootp
                0x83c27a98                __u_boot_cmd_tftpboot
                0x83c27ab0                __u_boot_cmd_saveenv
                0x83c27ac8                __u_boot_cmd_env
                0x83c27ae0                __u_boot_cmd_editenv
                0x83c27af8                __u_boot_cmd_printenv
                0x83c27b10                __u_boot_cmd_setenv
                0x83c27b28                __u_boot_cmd_run
                0x83c27b40                __u_boot_cmd_source
                0x83c27b58                __u_boot_cmd_spi_nand
                0x83c27b70                __u_boot_cmd_test
                0x83c27b88                __u_boot_cmd_false
                0x83c27ba0                __u_boot_cmd_true
                0x83c27bb8                __u_boot_cmd_version
                0x83c27bd0                __u_boot_cmd_imxtract
                0x83c27be8                __u_boot_cmd_showvar
 .u_boot_cmd    0x83c27c00       0x48 board/Realtek/rtl9602C/librtl9602C.o
                0x83c27c00                __u_boot_cmd_mdram_test
                0x83c27c18                __u_boot_cmd_btg
                0x83c27c30                __u_boot_cmd_reset_all
                0x83c27c48                __u_boot_cmd_end = .
                0x83c27c48                . = ALIGN (0x4)
                0x83c27c48                uboot_end_data = .
                0x83c27c48                . = ALIGN (0x4)

.sbss
 *(.sbss*)
                0x83c27c48                . = ALIGN (0x4)

.bss            0x83c27c48     0x708c
 *(.bss*)
 .bss.txBDtail  0x83c27c48        0x4 arch/otto/cpu/rlx5281/rtl9602C/librtl9602C.o
                0x83c27c48                txBDtail
 .bss.rxBDtail  0x83c27c4c        0x4 arch/otto/cpu/rlx5281/rtl9602C/librtl9602C.o
                0x83c27c4c                rxBDtail
 .bss.Lan_Initialed
                0x83c27c50        0x4 arch/otto/cpu/rlx5281/rtl9602C/librtl9602C.o
                0x83c27c50                Lan_Initialed
 .bss.analog_patch_flag
                0x83c27c54        0x4 arch/otto/cpu/rlx5281/rtl9602C/librtl9602C.o
 .bss.linux_argc
                0x83c27c58        0x4 arch/otto/lib/libotto.o
 .bss.linux_argv
                0x83c27c5c        0x4 arch/otto/lib/libotto.o
 .bss.linux_env
                0x83c27c60        0x4 arch/otto/lib/libotto.o
 .bss.linux_env_p
                0x83c27c64        0x4 arch/otto/lib/libotto.o
 .bss.linux_env_idx
                0x83c27c68        0x4 arch/otto/lib/libotto.o
 .bss._accumulate_time_ms
                0x83c27c6c        0x4 arch/otto/lib/libotto.o
 .bss._cg_dev_freq_ptr.3218
                0x83c27c70        0x4 arch/otto/lib/libotto.o
 .bss.pi_ptr    0x83c27c74       0x2c arch/otto/lib/libotto.o
 .bss.a_b       0x83c27ca0       0x18 common/libcommon.o
 .bss.os_data_state
                0x83c27cb8        0x4 common/libcommon.o
 .bss.os_data_state_saved
                0x83c27cbc        0x4 common/libcommon.o
 .bss.os_data_addr
                0x83c27cc0        0x4 common/libcommon.o
 .bss.os_data_addr_saved
                0x83c27cc4        0x4 common/libcommon.o
 .bss.bin_start_address
                0x83c27cc8        0x4 common/libcommon.o
 .bss.k_data_escape
                0x83c27ccc        0x4 common/libcommon.o
 .bss.k_data_escape_saved
                0x83c27cd0        0x4 common/libcommon.o
 .bss.base_address
                0x83c27cd4        0x4 common/libcommon.o
 .bss.dp_last_addr
                0x83c27cd8        0x4 common/libcommon.o
 .bss.dp_last_size
                0x83c27cdc        0x4 common/libcommon.o
 .bss.mm_last_addr
                0x83c27ce0        0x4 common/libcommon.o
 .bss.mm_last_size
                0x83c27ce4        0x4 common/libcommon.o
 .bss.ctrlc_was_pressed
                0x83c27ce8        0x4 common/libcommon.o
 .bss.ctrlc_disabled
                0x83c27cec        0x4 common/libcommon.o
 .bss.mem_malloc_start
                0x83c27cf0        0x4 common/libcommon.o
                0x83c27cf0                mem_malloc_start
 .bss.mem_malloc_end
                0x83c27cf4        0x4 common/libcommon.o
                0x83c27cf4                mem_malloc_end
 .bss.mem_malloc_brk
                0x83c27cf8        0x4 common/libcommon.o
                0x83c27cf8                mem_malloc_brk
 .bss.top_pad   0x83c27cfc        0x4 common/libcommon.o
 .bss.current_mallinfo
                0x83c27d00       0x28 common/libcommon.o
 .bss.max_sbrked_mem
                0x83c27d28        0x4 common/libcommon.o
 .bss.max_total_mem
                0x83c27d2c        0x4 common/libcommon.o
 .bss.env_htab  0x83c27d30        0xc common/libcommon.o
                0x83c27d30                env_htab
 .bss.env_ptr   0x83c27d3c        0x4 common/libcommon.o
                0x83c27d3c                env_ptr
 .bss.env_flags
                0x83c27d40        0x1 common/libcommon.o
 *fill*         0x83c27d41        0x3 00
 .bss.top_vars  0x83c27d44        0x4 common/libcommon.o
 .bss.flag_repeat
                0x83c27d48        0x4 common/libcommon.o
 .bss.do_repeat
                0x83c27d4c        0x4 common/libcommon.o
 .bss.the_command.3524
                0x83c27d50      0x200 common/libcommon.o
 .bss.buf.4197  0x83c27f50       0x28 common/libcommon.o
 .bss.ifs       0x83c27f78        0x4 common/libcommon.o
 .bss.map       0x83c27f7c      0x100 common/libcommon.o
 .bss.hist_num  0x83c2807c        0x4 common/libcommon.o
                0x83c2807c                hist_num
 .bss.initted.3879
                0x83c28080        0x4 common/libcommon.o
 .bss.hist_max  0x83c28084        0x4 common/libcommon.o
 .bss.hist_add_idx
                0x83c28088        0x4 common/libcommon.o
 .bss.stdio_devices
                0x83c2808c        0xc common/libcommon.o
                0x83c2808c                stdio_devices
 .bss.devs      0x83c28098       0x3c common/libcommon.o
 .bss.xyz       0x83c280d4      0x43c common/libcommon.o
 .bss.errno     0x83c28510        0x4 lib/libgeneric.o
                0x83c28510                errno
 .bss.local.4006
                0x83c28514       0x18 lib/libgeneric.o
 .bss.env_changed_id.4192
                0x83c2852c        0x4 net/libnet.o
 .bss.act.4191  0x83c28530        0x4 net/libnet.o
 .bss.first_failed.4171
                0x83c28534        0x4 net/libnet.o
 .bss.eth_devices
                0x83c28538        0x4 net/libnet.o
 .bss.eth_current
                0x83c2853c        0x4 net/libnet.o
 .bss.NetOurNISDomain
                0x83c28540       0x20 net/libnet.o
                0x83c28540                NetOurNISDomain
 .bss.NetOurHostName
                0x83c28560       0x20 net/libnet.o
                0x83c28560                NetOurHostName
 .bss.NetOurRootPath
                0x83c28580       0x40 net/libnet.o
                0x83c28580                NetOurRootPath
 .bss.env_changed_id.3362
                0x83c285c0        0x4 net/libnet.o
 .bss.NetRestarted
                0x83c285c4        0x4 net/libnet.o
 .bss.NetDevExists
                0x83c285c8        0x4 net/libnet.o
 .bss.packetHandler
                0x83c285cc        0x4 net/libnet.o
 .bss.timeHandler
                0x83c285d0        0x4 net/libnet.o
 .bss.timeStart
                0x83c285d4        0x4 net/libnet.o
 .bss.timeDelta
                0x83c285d8        0x4 net/libnet.o
 .bss.NetTryCount
                0x83c285dc        0x4 net/libnet.o
 .bss.TftpRemoteIP
                0x83c285e0        0x4 net/libnet.o
 .bss.TftpRemotePort
                0x83c285e4        0x4 net/libnet.o
 .bss.TftpOurPort
                0x83c285e8        0x4 net/libnet.o
 .bss.TftpTimeoutCount
                0x83c285ec        0x4 net/libnet.o
 .bss.TftpBlock
                0x83c285f0        0x4 net/libnet.o
 .bss.TftpLastBlock
                0x83c285f4        0x4 net/libnet.o
 .bss.TftpBlockWrap
                0x83c285f8        0x4 net/libnet.o
 .bss.TftpBlockWrapOffset
                0x83c285fc        0x4 net/libnet.o
 .bss.TftpState
                0x83c28600        0x4 net/libnet.o
 .bss.default_filename
                0x83c28604       0x10 net/libnet.o
 .bss.tftp_filename
                0x83c28614       0x80 net/libnet.o
 .bss.g_reset_flag
                0x83c28694        0x4 board/Realtek/rtl9602C/librtl9602C.o
 .bss.g_err_handle_block_mode
                0x83c28698        0x4 board/Realtek/rtl9602C/librtl9602C.o
 .bss.$19.3912  0x83c2869c        0x4 board/Realtek/rtl9602C/librtl9602C.o
 .bss.$18.3911  0x83c286a0        0x4 board/Realtek/rtl9602C/librtl9602C.o
 .bss.$17.3910  0x83c286a4        0x4 board/Realtek/rtl9602C/librtl9602C.o
 .bss.pstring   0x83c286a8        0x4 board/Realtek/rtl9602C/librtl9602C.o
 .bss.fstring   0x83c286ac        0x4 board/Realtek/rtl9602C/librtl9602C.o
 COMMON         0x83c286b0      0x588 arch/otto/cpu/rlx5281/rtl9602C/librtl9602C.o
                0x83c286b0                pTxBDPtr
                0x83c286b4                pRxBDPtr
                0x83c286b8                descriptor_tx
                0x83c28a38                descriptor_rx
 COMMON         0x83c28c38     0x102c arch/otto/lib/libotto.o
                0x83c28c38                monitor_flash_len
                0x83c28c3c                bb_skip_table
                0x83c29c3c                gd
                0x83c29c40                _info
 COMMON         0x83c29c64     0x2b30 common/libcommon.o
                0x83c29c64                console_buffer
                0x83c29e68                hist_list
                0x83c29eb8                hist_lines
                0x83c2c6cc                save_addr
                0x83c2c6d0                his_pad_char
                0x83c2c6d4                os_data_init
                0x83c2c6d8                nesting_level
                0x83c2c6dc                images
                0x83c2c768                send_ptr
                0x83c2c76c                last_return_code
                0x83c2c770                os_data_char
                0x83c2c774                save_size
                0x83c2c778                his_eol
                0x83c2c779                his_quote
                0x83c2c77c                send_parms
                0x83c2c790                his_pad_count
 COMMON         0x83c2c794     0x2540 net/libnet.o
                0x83c2c794                NetArpWaitTry
                0x83c2c798                NetArpWaitPacketMAC
                0x83c2c79c                NetOurEther
                0x83c2c7a4                NetOurIP
                0x83c2c7a8                NetServerIP
                0x83c2c7ac                NetArpWaitTxPacketSize
                0x83c2c7b0                NetArpWaitReplyIP
                0x83c2c7b4                NetArpWaitTxPacket
                0x83c2c7b8                NetRxPackets
                0x83c2c7c8                NetArpWaitPacketIP
                0x83c2c7cc                NetState
                0x83c2c7d0                BootpTry
                0x83c2c7d4                BootFile
                0x83c2c854                NetServerEther
                0x83c2c85c                NetOurSubnetMask
                0x83c2c860                NetBootFileSize
                0x83c2c864                NetIPID
                0x83c2c868                NetRxPacket
                0x83c2c86c                BootpID
                0x83c2c870                NetOurGatewayIP
                0x83c2c874                NetEtherNullAddr
                0x83c2c87c                NetRestartWrap
                0x83c2c880                NetArpWaitPacketBuf
                0x83c2cea0                NetTxPacket
                0x83c2cea4                NetBootFileXferSize
                0x83c2cea8                NetOurDNSIP
                0x83c2ceac                NetRxPacketLen
                0x83c2ceb0                PktBuf
                0x83c2ecd0                NetArpWaitTimerStart
                0x83c2ecd4                uboot_end = .
Address of section .text set to 0x83c00000
LOAD arch/otto/cpu/rlx5281/start.o
START GROUP
LOAD api/libapi.o
LOAD arch/otto/cpu/rlx5281/librlx5281.o
LOAD arch/otto/cpu/rlx5281/rtl9602C/librtl9602C.o
LOAD arch/otto/lib/libotto.o
LOAD common/libcommon.o
LOAD disk/libdisk.o
LOAD drivers/bios_emulator/libatibiosemu.o
LOAD drivers/block/libblock.o
LOAD drivers/dma/libdma.o
LOAD drivers/fpga/libfpga.o
LOAD drivers/gpio/libgpio.o
LOAD drivers/hwmon/libhwmon.o
LOAD drivers/i2c/libi2c.o
LOAD drivers/input/libinput.o
LOAD drivers/misc/libmisc.o
LOAD drivers/mmc/libmmc.o
LOAD drivers/mtd/libmtd.o
LOAD drivers/mtd/nand/libnand.o
LOAD drivers/mtd/onenand/libonenand.o
LOAD drivers/mtd/spi/libspi_flash.o
LOAD drivers/mtd/ubi/libubi.o
LOAD drivers/net/libnet.o
LOAD drivers/net/phy/libphy.o
LOAD drivers/pci/libpci.o
LOAD drivers/pcmcia/libpcmcia.o
LOAD drivers/power/libpower.o
LOAD drivers/rtc/librtc.o
LOAD drivers/serial/libserial.o
LOAD drivers/spi/libspi.o
LOAD drivers/twserial/libtws.o
LOAD drivers/usb/eth/libusb_eth.o
LOAD drivers/usb/gadget/libusb_gadget.o
LOAD drivers/usb/host/libusb_host.o
LOAD drivers/usb/musb/libusb_musb.o
LOAD drivers/usb/phy/libusb_phy.o
LOAD drivers/usb/ulpi/libusb_ulpi.o
LOAD drivers/video/libvideo.o
LOAD drivers/watchdog/libwatchdog.o
LOAD fs/cramfs/libcramfs.o
LOAD fs/ext2/libext2fs.o
LOAD fs/fat/libfat.o
LOAD fs/fdos/libfdos.o
LOAD fs/jffs2/libjffs2.o
LOAD fs/reiserfs/libreiserfs.o
LOAD fs/ubifs/libubifs.o
LOAD fs/yaffs2/libyaffs2.o
LOAD lib/libfdt/libfdt.o
LOAD lib/libgeneric.o
LOAD lib/lzma/liblzma.o
LOAD lib/lzo/liblzo.o
LOAD lib/zlib/libz.o
LOAD net/libnet.o
LOAD post/libpost.o
LOAD board/Realtek/rtl9602C/librtl9602C.o
END GROUP
OUTPUT(u-boot elf32-tradbigmips)

.pdr            0x00000000        0x0
 .pdr           0x00000000        0x0 arch/otto/cpu/rlx5281/start.o
 .pdr           0x00000000        0x0 drivers/pcmcia/libpcmcia.o

.comment        0x00000000       0x22
 .comment       0x00000000       0x22 arch/otto/cpu/rlx5281/librlx5281.o
                                 0x46 (size before relaxing)
 .comment       0x00000000       0xaf arch/otto/cpu/rlx5281/rtl9602C/librtl9602C.o
 .comment       0x00000000      0x299 arch/otto/lib/libotto.o
 .comment       0x00000000      0x460 common/libcommon.o
 .comment       0x00000000       0x23 disk/libdisk.o
 .comment       0x00000000       0x46 drivers/pcmcia/libpcmcia.o
 .comment       0x00000000       0x23 drivers/rtc/librtc.o
 .comment       0x00000000      0x230 lib/libgeneric.o
 .comment       0x00000000       0x46 lib/lzma/liblzma.o
 .comment       0x00000000       0x23 lib/zlib/libz.o
 .comment       0x00000000       0x8c net/libnet.o
 .comment       0x00000000       0x8c board/Realtek/rtl9602C/librtl9602C.o

.gnu.attributes
                0x00000000       0x10
 .gnu.attributes
                0x00000000       0x10 arch/otto/cpu/rlx5281/librlx5281.o
 .gnu.attributes
                0x00000010       0x10 arch/otto/cpu/rlx5281/rtl9602C/librtl9602C.o
 .gnu.attributes
                0x00000020       0x10 arch/otto/lib/libotto.o
 .gnu.attributes
                0x00000030       0x10 common/libcommon.o
 .gnu.attributes
                0x00000040       0x10 disk/libdisk.o
 .gnu.attributes
                0x00000050       0x10 drivers/pcmcia/libpcmcia.o
 .gnu.attributes
                0x00000060       0x10 drivers/rtc/librtc.o
 .gnu.attributes
                0x00000070       0x10 lib/libgeneric.o
 .gnu.attributes
                0x00000080       0x10 lib/lzma/liblzma.o
 .gnu.attributes
                0x00000090       0x10 lib/zlib/libz.o
 .gnu.attributes
                0x000000a0       0x10 net/libnet.o
 .gnu.attributes
                0x000000b0       0x10 board/Realtek/rtl9602C/librtl9602C.o

.mdebug.abi32   0x00000000        0x0
 .mdebug.abi32  0x00000000        0x0 arch/otto/cpu/rlx5281/librlx5281.o
 .mdebug.abi32  0x00000000        0x0 arch/otto/cpu/rlx5281/rtl9602C/librtl9602C.o
 .mdebug.abi32  0x00000000        0x0 arch/otto/lib/libotto.o
 .mdebug.abi32  0x00000000        0x0 common/libcommon.o
 .mdebug.abi32  0x00000000        0x0 disk/libdisk.o
 .mdebug.abi32  0x00000000        0x0 drivers/pcmcia/libpcmcia.o
 .mdebug.abi32  0x00000000        0x0 drivers/rtc/librtc.o
 .mdebug.abi32  0x00000000        0x0 lib/libgeneric.o
 .mdebug.abi32  0x00000000        0x0 lib/lzma/liblzma.o
 .mdebug.abi32  0x00000000        0x0 lib/zlib/libz.o
 .mdebug.abi32  0x00000000        0x0 net/libnet.o
 .mdebug.abi32  0x00000000        0x0 board/Realtek/rtl9602C/librtl9602C.o

.debug_line     0x00000000     0xc2ca
 .debug_line    0x00000000       0xcd arch/otto/cpu/rlx5281/start.o
 .debug_line    0x000000cd      0x222 arch/otto/cpu/rlx5281/librlx5281.o
 .debug_line    0x000002ef      0x65b arch/otto/cpu/rlx5281/rtl9602C/librtl9602C.o
 .debug_line    0x0000094a     0x2528 arch/otto/lib/libotto.o
 .debug_line    0x00002e72     0x49c8 common/libcommon.o
 .debug_line    0x0000783a       0xe4 disk/libdisk.o
 .debug_line    0x0000791e       0x8a drivers/pcmcia/libpcmcia.o
 .debug_line    0x000079a8       0xec drivers/rtc/librtc.o
 .debug_line    0x00007a94     0x1756 lib/libgeneric.o
 .debug_line    0x000091ea      0x776 lib/lzma/liblzma.o
 .debug_line    0x00009960      0x7ab lib/zlib/libz.o
 .debug_line    0x0000a10b      0xf67 net/libnet.o
 .debug_line    0x0000b072     0x1258 board/Realtek/rtl9602C/librtl9602C.o

.debug_info     0x00000000    0x21b4d
 .debug_info    0x00000000       0x83 arch/otto/cpu/rlx5281/start.o
 .debug_info    0x00000083      0x397 arch/otto/cpu/rlx5281/librlx5281.o
 .debug_info    0x0000041a      0xd06 arch/otto/cpu/rlx5281/rtl9602C/librtl9602C.o
 .debug_info    0x00001120     0x8477 arch/otto/lib/libotto.o
 .debug_info    0x00009597     0xd4ab common/libcommon.o
 .debug_info    0x00016a42      0x26d disk/libdisk.o
 .debug_info    0x00016caf       0xfe drivers/pcmcia/libpcmcia.o
 .debug_info    0x00016dad      0x259 drivers/rtc/librtc.o
 .debug_info    0x00017006     0x31aa lib/libgeneric.o
 .debug_info    0x0001a1b0     0x156f lib/lzma/liblzma.o
 .debug_info    0x0001b71f      0xfef lib/zlib/libz.o
 .debug_info    0x0001c70e     0x2e44 net/libnet.o
 .debug_info    0x0001f552     0x25fb board/Realtek/rtl9602C/librtl9602C.o

.debug_abbrev   0x00000000     0x9588
 .debug_abbrev  0x00000000       0x14 arch/otto/cpu/rlx5281/start.o
 .debug_abbrev  0x00000014      0x1a9 arch/otto/cpu/rlx5281/librlx5281.o
 .debug_abbrev  0x000001bd      0x46d arch/otto/cpu/rlx5281/rtl9602C/librtl9602C.o
 .debug_abbrev  0x0000062a     0x24d9 arch/otto/lib/libotto.o
 .debug_abbrev  0x00002b03     0x399a common/libcommon.o
 .debug_abbrev  0x0000649d       0xdf disk/libdisk.o
 .debug_abbrev  0x0000657c       0x7e drivers/pcmcia/libpcmcia.o
 .debug_abbrev  0x000065fa      0x129 drivers/rtc/librtc.o
 .debug_abbrev  0x00006723     0x1226 lib/libgeneric.o
 .debug_abbrev  0x00007949      0x48d lib/lzma/liblzma.o
 .debug_abbrev  0x00007dd6      0x30c lib/zlib/libz.o
 .debug_abbrev  0x000080e2      0xc85 net/libnet.o
 .debug_abbrev  0x00008d67      0x821 board/Realtek/rtl9602C/librtl9602C.o

.debug_aranges  0x00000000     0x1890
 .debug_aranges
                0x00000000       0x20 arch/otto/cpu/rlx5281/start.o
 .debug_aranges
                0x00000020       0x80 arch/otto/cpu/rlx5281/librlx5281.o
 .debug_aranges
                0x000000a0      0x140 arch/otto/cpu/rlx5281/rtl9602C/librtl9602C.o
 .debug_aranges
                0x000001e0      0x4e0 arch/otto/lib/libotto.o
 .debug_aranges
                0x000006c0      0x988 common/libcommon.o
 .debug_aranges
                0x00001048       0x20 disk/libdisk.o
 .debug_aranges
                0x00001068       0x30 drivers/rtc/librtc.o
 .debug_aranges
                0x00001098      0x368 lib/libgeneric.o
 .debug_aranges
                0x00001400       0xb8 lib/lzma/liblzma.o
 .debug_aranges
                0x000014b8       0x68 lib/zlib/libz.o
 .debug_aranges
                0x00001520      0x1f0 net/libnet.o
 .debug_aranges
                0x00001710      0x180 board/Realtek/rtl9602C/librtl9602C.o

.debug_pubnames
                0x00000000     0x3391
 .debug_pubnames
                0x00000000       0xaf arch/otto/cpu/rlx5281/librlx5281.o
 .debug_pubnames
                0x000000af      0x188 arch/otto/cpu/rlx5281/rtl9602C/librtl9602C.o
 .debug_pubnames
                0x00000237      0xe17 arch/otto/lib/libotto.o
 .debug_pubnames
                0x0000104e     0x1311 common/libcommon.o
 .debug_pubnames
                0x0000235f       0x1e disk/libdisk.o
 .debug_pubnames
                0x0000237d       0x38 drivers/rtc/librtc.o
 .debug_pubnames
                0x000023b5      0x48a lib/libgeneric.o
 .debug_pubnames
                0x0000283f      0x118 lib/lzma/liblzma.o
 .debug_pubnames
                0x00002957       0xb4 lib/zlib/libz.o
 .debug_pubnames
                0x00002a0b      0x5d2 net/libnet.o
 .debug_pubnames
                0x00002fdd      0x3b4 board/Realtek/rtl9602C/librtl9602C.o

.debug_frame    0x00000000     0x3eac
 .debug_frame   0x00000000       0x90 arch/otto/cpu/rlx5281/librlx5281.o
 .debug_frame   0x00000090      0x1e0 arch/otto/cpu/rlx5281/rtl9602C/librtl9602C.o
 .debug_frame   0x00000270      0xb70 arch/otto/lib/libotto.o
 .debug_frame   0x00000de0     0x19ec common/libcommon.o
 .debug_frame   0x000027cc       0x20 disk/libdisk.o
 .debug_frame   0x000027ec       0x44 drivers/rtc/librtc.o
 .debug_frame   0x00002830      0x798 lib/libgeneric.o
 .debug_frame   0x00002fc8      0x220 lib/lzma/liblzma.o
 .debug_frame   0x000031e8      0x130 lib/zlib/libz.o
 .debug_frame   0x00003318      0x5bc net/libnet.o
 .debug_frame   0x000038d4      0x5d8 board/Realtek/rtl9602C/librtl9602C.o

.debug_str      0x00000000     0x66b2
 .debug_str     0x00000000      0x15a arch/otto/cpu/rlx5281/librlx5281.o
                                0x2be (size before relaxing)
 .debug_str     0x0000015a      0x4d4 arch/otto/cpu/rlx5281/rtl9602C/librtl9602C.o
                                0x995 (size before relaxing)
 .debug_str     0x0000062e     0x1b9b arch/otto/lib/libotto.o
                               0x5b17 (size before relaxing)
 .debug_str     0x000021c9     0x2389 common/libcommon.o
                               0x6010 (size before relaxing)
 .debug_str     0x00004552       0xd0 disk/libdisk.o
                                0x189 (size before relaxing)
 .debug_str     0x00004622       0x68 drivers/pcmcia/libpcmcia.o
                                0x1ef (size before relaxing)
 .debug_str     0x0000468a       0x95 drivers/rtc/librtc.o
                                0x183 (size before relaxing)
 .debug_str     0x0000471f      0x56d lib/libgeneric.o
                               0x14cf (size before relaxing)
 .debug_str     0x00004c8c      0x535 lib/lzma/liblzma.o
                                0x86b (size before relaxing)
 .debug_str     0x000051c1      0x315 lib/zlib/libz.o
                                0x588 (size before relaxing)
 .debug_str     0x000054d6      0xb66 net/libnet.o
                               0x14ff (size before relaxing)
 .debug_str     0x0000603c      0x676 board/Realtek/rtl9602C/librtl9602C.o
                                0xf42 (size before relaxing)

.debug_loc      0x00000000    0x16085
 .debug_loc     0x00000000       0xfc arch/otto/cpu/rlx5281/librlx5281.o
 .debug_loc     0x000000fc      0x307 arch/otto/cpu/rlx5281/rtl9602C/librtl9602C.o
 .debug_loc     0x00000403     0x23ca arch/otto/lib/libotto.o
 .debug_loc     0x000027cd     0x9b2f common/libcommon.o
 .debug_loc     0x0000c2fc      0x114 drivers/rtc/librtc.o
 .debug_loc     0x0000c410     0x293c lib/libgeneric.o
 .debug_loc     0x0000ed4c     0x1f32 lib/lzma/liblzma.o
 .debug_loc     0x00010c7e     0x17ff lib/zlib/libz.o
 .debug_loc     0x0001247d     0x16fa net/libnet.o
 .debug_loc     0x00013b77     0x250e board/Realtek/rtl9602C/librtl9602C.o

.debug_ranges   0x00000000     0x2e98
 .debug_ranges  0x00000000       0x50 arch/otto/cpu/rlx5281/librlx5281.o
 .debug_ranges  0x00000050       0xe8 arch/otto/cpu/rlx5281/rtl9602C/librtl9602C.o
 .debug_ranges  0x00000138      0x790 arch/otto/lib/libotto.o
 .debug_ranges  0x000008c8     0x1218 common/libcommon.o
 .debug_ranges  0x00001ae0       0x18 disk/libdisk.o
 .debug_ranges  0x00001af8       0x28 drivers/rtc/librtc.o
 .debug_ranges  0x00001b20      0x560 lib/libgeneric.o
 .debug_ranges  0x00002080      0x450 lib/lzma/liblzma.o
 .debug_ranges  0x000024d0       0x60 lib/zlib/libz.o
 .debug_ranges  0x00002530      0x560 net/libnet.o
 .debug_ranges  0x00002a90      0x408 board/Realtek/rtl9602C/librtl9602C.o
